#
# There is insufficient memory for the Java Runtime Environment to continue.
# Native memory allocation (mmap) failed to map 304087040 bytes. Error detail: G1 virtual space
# Possible reasons:
#   The system is out of physical RAM or swap space
#   This process is running with CompressedOops enabled, and the Java Heap may be blocking the growth of the native heap
# Possible solutions:
#   Reduce memory load on the system
#   Increase physical memory or swap space
#   Check if swap backing store is full
#   Decrease Java heap size (-Xmx/-Xms)
#   Decrease number of Java threads
#   Decrease Java thread stack sizes (-Xss)
#   Set larger code cache with -XX:ReservedCodeCacheSize=
#   JVM is running with Unscaled Compressed Oops mode in which the Java heap is
#     placed in the first 4GB address space. The Java Heap base address is the
#     maximum limit for the native heap growth. Please use -XX:HeapBaseMinAddress
#     to set the Java Heap base and to place the Java Heap above 4GB virtual address.
# This output file may be truncated or incomplete.
#
#  Out of Memory Error (os_windows.cpp:3554), pid=17268, tid=10968
#
# JRE version: OpenJDK Runtime Environment Temurin-25.0.3+9 (25.0.3+9) (build 25.0.3+9-LTS)
# Java VM: OpenJDK 64-Bit Server VM Temurin-25.0.3+9 (25.0.3+9-LTS, mixed mode, sharing, tiered, compressed oops, compressed class ptrs, g1 gc, windows-amd64)
# No core dump will be written. Minidumps are not enabled by default on client versions of Windows
#

---------------  S U M M A R Y ------------

Command Line: --add-opens=java.base/java.lang=ALL-UNNAMED --add-opens=java.base/java.lang.invoke=ALL-UNNAMED --add-opens=java.base/java.util=ALL-UNNAMED --add-opens=java.prefs/java.util.prefs=ALL-UNNAMED --add-exports=jdk.compiler/com.sun.tools.javac.api=ALL-UNNAMED --add-exports=jdk.compiler/com.sun.tools.javac.util=ALL-UNNAMED --add-opens=java.base/java.nio.charset=ALL-UNNAMED --add-opens=java.base/java.net=ALL-UNNAMED --add-opens=java.base/java.util.concurrent=ALL-UNNAMED --add-opens=java.base/java.util.concurrent.atomic=ALL-UNNAMED --add-opens=java.xml/javax.xml.namespace=ALL-UNNAMED --add-opens=java.base/java.time=ALL-UNNAMED --enable-native-access=ALL-UNNAMED -Xmx2048m -Dfile.encoding=UTF-8 -Duser.country=US -Duser.language=en -Duser.variant -javaagent:C:\Users\Pc\.gradle\wrapper\dists\gradle-9.6.0-bin\42k10rwplmzkhuboz9kdazi7s\gradle-9.6.0\lib\agents\gradle-instrumentation-agent-9.6.0.jar org.gradle.launcher.daemon.bootstrap.GradleDaemon 9.6.0

Host: Intel(R) Core(TM) i5-7500 CPU @ 3.40GHz, 4 cores, 7G,  Windows 10 , 64 bit Build 19041 (10.0.19041.5915)
Time: Fri Sep 25 03:31:07 2026 Bangladesh Standard Time elapsed time: 12.393461 seconds (0d 0h 0m 12s)

---------------  T H R E A D  ---------------

Current thread (0x000001be12bbe8f0):  VMThread "VM Thread"          [id=10968, stack(0x0000004913e00000,0x0000004913f00000) (1024K)]

Stack: [0x0000004913e00000,0x0000004913f00000]
Native frames: (J=compiled Java code, j=interpreted, Vv=VM code, C=native code)
V  [jvm.dll+0x7aa709]  (no source info available)
V  [jvm.dll+0x7749ed]  (no source info available)
V  [jvm.dll+0x9f7433]  (no source info available)
V  [jvm.dll+0x9f9a21]  (no source info available)
V  [jvm.dll+0x9fa133]  (no source info available)
V  [jvm.dll+0x2fd266]  (no source info available)
V  [jvm.dll+0x7a6935]  (no source info available)
V  [jvm.dll+0x799d87]  (no source info available)
V  [jvm.dll+0x3f5d88]  (no source info available)
V  [jvm.dll+0x3fdcf6]  (no source info available)
V  [jvm.dll+0x3ea45e]  (no source info available)
V  [jvm.dll+0x3ea718]  (no source info available)
V  [jvm.dll+0x3c1575]  (no source info available)
V  [jvm.dll+0x3c160a]  (no source info available)
V  [jvm.dll+0x40ead6]  (no source info available)
V  [jvm.dll+0x40d3e8]  (no source info available)
V  [jvm.dll+0x3c0ca7]  (no source info available)
V  [jvm.dll+0x40c7cf]  (no source info available)
V  [jvm.dll+0xa00382]  (no source info available)
V  [jvm.dll+0xa016a1]  (no source info available)
V  [jvm.dll+0xa01c18]  (no source info available)
V  [jvm.dll+0xa01eb3]  (no source info available)
V  [jvm.dll+0x99894d]  (no source info available)
V  [jvm.dll+0x7a8ce5]  (no source info available)
C  [ucrtbase.dll+0x21bb2]  (no source info available)
C  [KERNEL32.DLL+0x17374]  (no source info available)
C  [ntdll.dll+0x4cc91]  (no source info available)

VM_Operation (0x00000049167fa7d8): G1CollectForAllocation, mode: safepoint, requested by thread 0x000001be3698b3d0


---------------  P R O C E S S  ---------------

Threads class SMR info:
_java_thread_list=0x000001be378f1770, length=46, elements={
0x000001be10918a20, 0x000001be2f393160, 0x000001be2f394150, 0x000001be2f396890,
0x000001be2f398ae0, 0x000001be2f39ae50, 0x000001be2f39c1b0, 0x000001be2f39d840,
0x000001be2f3c80f0, 0x000001be2f5bafd0, 0x000001be2f65a7f0, 0x000001be35a71770,
0x000001be35f23390, 0x000001be35f0d3f0, 0x000001be36081d40, 0x000001be36082500,
0x000001be35962fa0, 0x000001be35968d60, 0x000001be35962000, 0x000001be35966e20,
0x000001be359675f0, 0x000001be3663f810, 0x000001be366407b0, 0x000001be36643690,
0x000001be36641f20, 0x000001be36643e60, 0x000001be36646570, 0x000001be36646d40,
0x000001be3698bba0, 0x000001be3698cb40, 0x000001be35aae000, 0x000001be3698ea80,
0x000001be36989490, 0x000001be3809aae0, 0x000001be3809d9c0, 0x000001be3809a310,
0x000001be3809ca20, 0x000001be38098ba0, 0x000001be3698b3d0, 0x000001be38f6a770,
0x000001be38f6af40, 0x000001be38f6b710, 0x000001be38f6c6b0, 0x000001be38f69fa0,
0x000001be38d8f270, 0x000001be38d930f0
}

Java Threads: ( => current thread )
  0x000001be10918a20 JavaThread "main"                              [_thread_blocked, id=21444, stack(0x0000004913700000,0x0000004913800000) (1024K)]
  0x000001be2f393160 JavaThread "Reference Handler"          daemon [_thread_blocked, id=1548, stack(0x0000004913f00000,0x0000004914000000) (1024K)]
  0x000001be2f394150 JavaThread "Finalizer"                  daemon [_thread_blocked, id=3368, stack(0x0000004914000000,0x0000004914100000) (1024K)]
  0x000001be2f396890 JavaThread "Signal Dispatcher"          daemon [_thread_blocked, id=9016, stack(0x0000004914100000,0x0000004914200000) (1024K)]
  0x000001be2f398ae0 JavaThread "Attach Listener"            daemon [_thread_blocked, id=18824, stack(0x0000004914200000,0x0000004914300000) (1024K)]
  0x000001be2f39ae50 JavaThread "Service Thread"             daemon [_thread_blocked, id=22628, stack(0x0000004914300000,0x0000004914400000) (1024K)]
  0x000001be2f39c1b0 JavaThread "Monitor Deflation Thread"   daemon [_thread_blocked, id=7776, stack(0x0000004914400000,0x0000004914500000) (1024K)]
  0x000001be2f39d840 JavaThread "C2 CompilerThread0"         daemon [_thread_blocked, id=20744, stack(0x0000004914500000,0x0000004914600000) (1024K)]
  0x000001be2f3c80f0 JavaThread "C1 CompilerThread0"         daemon [_thread_blocked, id=21804, stack(0x0000004914600000,0x0000004914700000) (1024K)]
  0x000001be2f5bafd0 JavaThread "Common-Cleaner"             daemon [_thread_blocked, id=20472, stack(0x0000004914700000,0x0000004914800000) (1024K)]
  0x000001be2f65a7f0 JavaThread "Notification Thread"        daemon [_thread_blocked, id=21896, stack(0x0000004914800000,0x0000004914900000) (1024K)]
  0x000001be35a71770 JavaThread "Daemon health stats"               [_thread_blocked, id=23172, stack(0x0000004914d00000,0x0000004914e00000) (1024K)]
  0x000001be35f23390 JavaThread "Incoming local TCP Connector on port 51253"        [_thread_in_native, id=23372, stack(0x0000004914e00000,0x0000004914f00000) (1024K)]
  0x000001be35f0d3f0 JavaThread "Daemon periodic checks"            [_thread_blocked, id=22844, stack(0x0000004914f00000,0x0000004915000000) (1024K)]
  0x000001be36081d40 JavaThread "Daemon"                            [_thread_blocked, id=8820, stack(0x0000004915000000,0x0000004915100000) (1024K)]
  0x000001be36082500 JavaThread "Handler for socket connection from /127.0.0.1:51253 to /127.0.0.1:51254"        [_thread_in_native, id=22788, stack(0x0000004915100000,0x0000004915200000) (1024K)]
  0x000001be35962fa0 JavaThread "Cancel handler"                    [_thread_blocked, id=20040, stack(0x0000004915200000,0x0000004915300000) (1024K)]
  0x000001be35968d60 JavaThread "Daemon worker"                     [_thread_blocked, id=12084, stack(0x0000004915300000,0x0000004915400000) (1024K)]
  0x000001be35962000 JavaThread "Asynchronous log dispatcher for DefaultDaemonConnection: socket connection from /127.0.0.1:51253 to /127.0.0.1:51254"        [_thread_blocked, id=21928, stack(0x0000004915400000,0x0000004915500000) (1024K)]
  0x000001be35966e20 JavaThread "Stdin handler"                     [_thread_blocked, id=14192, stack(0x0000004915500000,0x0000004915600000) (1024K)]
  0x000001be359675f0 JavaThread "Daemon client event forwarder"        [_thread_blocked, id=6220, stack(0x0000004915600000,0x0000004915700000) (1024K)]
  0x000001be3663f810 JavaThread "Cache worker for journal cache (C:\Users\Pc\.gradle\caches\journal-1)"        [_thread_blocked, id=12956, stack(0x0000004915700000,0x0000004915800000) (1024K)]
  0x000001be366407b0 JavaThread "File lock request listener"        [_thread_in_native, id=21940, stack(0x0000004915800000,0x0000004915900000) (1024K)]
  0x000001be36643690 JavaThread "Cache worker for file hash cache (C:\Users\Pc\.gradle\caches\9.6.0\fileHashes)"        [_thread_blocked, id=1000, stack(0x0000004915900000,0x0000004915a00000) (1024K)]
  0x000001be36641f20 JavaThread "Cache worker for file hash cache (C:\Users\Pc\AndroidStudioProjects\Personal_FinanceStudyDaily_Routine_Assistant\.gradle\9.6.0\fileHashes)"        [_thread_blocked, id=3928, stack(0x0000004915a00000,0x0000004915b00000) (1024K)]
  0x000001be36643e60 JavaThread "Cache worker for checksums cache (C:\Users\Pc\AndroidStudioProjects\Personal_FinanceStudyDaily_Routine_Assistant\.gradle\9.6.0\checksums)"        [_thread_blocked, id=18756, stack(0x0000004915b00000,0x0000004915c00000) (1024K)]
  0x000001be36646570 JavaThread "Cache worker for Build Output Cleanup Cache (C:\Users\Pc\AndroidStudioProjects\Personal_FinanceStudyDaily_Routine_Assistant\.gradle\buildOutputCleanup)"        [_thread_blocked, id=4404, stack(0x0000004915c00000,0x0000004915d00000) (1024K)]
  0x000001be36646d40 JavaThread "Cache worker for file content cache (C:\Users\Pc\.gradle\caches\9.6.0\fileContent)"        [_thread_blocked, id=22908, stack(0x0000004915d00000,0x0000004915e00000) (1024K)]
  0x000001be3698bba0 JavaThread "File watcher server"        daemon [_thread_blocked, id=21048, stack(0x0000004915e00000,0x0000004915f00000) (1024K)]
  0x000001be3698cb40 JavaThread "File watcher consumer"      daemon [_thread_blocked, id=22228, stack(0x0000004915f00000,0x0000004916000000) (1024K)]
  0x000001be35aae000 JavaThread "C2 CompilerThread1"         daemon [_thread_blocked, id=21948, stack(0x0000004914900000,0x0000004914a00000) (1024K)]
  0x000001be3698ea80 JavaThread "Cache worker for cache directory md-supplier (C:\Users\Pc\.gradle\caches\9.6.0\md-supplier)"        [_thread_blocked, id=13720, stack(0x0000004916000000,0x0000004916100000) (1024K)]
  0x000001be36989490 JavaThread "Cache worker for cache directory md-rule (C:\Users\Pc\.gradle\caches\9.6.0\md-rule)"        [_thread_blocked, id=21128, stack(0x0000004916100000,0x0000004916200000) (1024K)]
  0x000001be3809aae0 JavaThread "build event listener"              [_thread_blocked, id=21296, stack(0x0000004916300000,0x0000004916400000) (1024K)]
  0x000001be3809d9c0 JavaThread "build event listener"              [_thread_blocked, id=6880, stack(0x0000004916400000,0x0000004916500000) (1024K)]
  0x000001be3809a310 JavaThread "Build operations"                  [_thread_blocked, id=21752, stack(0x0000004916500000,0x0000004916600000) (1024K)]
  0x000001be3809ca20 JavaThread "Memory manager"                    [_thread_blocked, id=23136, stack(0x0000004916200000,0x0000004916300000) (1024K)]
  0x000001be38098ba0 JavaThread "included builds"                   [_thread_blocked, id=23052, stack(0x0000004916600000,0x0000004916700000) (1024K)]
  0x000001be3698b3d0 JavaThread "Execution worker"                  [_thread_blocked, id=22292, stack(0x0000004916700000,0x0000004916800000) (1024K)]
  0x000001be38f6a770 JavaThread "Execution worker Thread 2"         [_thread_blocked, id=5928, stack(0x0000004916800000,0x0000004916900000) (1024K)]
  0x000001be38f6af40 JavaThread "Execution worker Thread 3"         [_thread_blocked, id=23016, stack(0x0000004916900000,0x0000004916a00000) (1024K)]
  0x000001be38f6b710 JavaThread "Cache worker for execution history cache (C:\Users\Pc\AndroidStudioProjects\Personal_FinanceStudyDaily_Routine_Assistant\.gradle\9.6.0\executionHistory)"        [_thread_blocked, id=2620, stack(0x0000004916a00000,0x0000004916b00000) (1024K)]
  0x000001be38f6c6b0 JavaThread "Build operations Thread 2"         [_thread_blocked, id=21768, stack(0x0000004916b00000,0x0000004916c00000) (1024K)]
  0x000001be38f69fa0 JavaThread "Build operations Thread 3"         [_thread_blocked, id=7140, stack(0x0000004916c00000,0x0000004916d00000) (1024K)]
  0x000001be38d8f270 JavaThread "Build operations Thread 4"         [_thread_blocked, id=10052, stack(0x0000004916d00000,0x0000004916e00000) (1024K)]
  0x000001be38d930f0 JavaThread "pool-2-thread-1"                   [_thread_blocked, id=23048, stack(0x0000004916e00000,0x0000004916f00000) (1024K)]
Total: 46

Other Threads:
=>0x000001be12bbe8f0 VMThread "VM Thread"                           [id=10968, stack(0x0000004913e00000,0x0000004913f00000) (1024K)]
  0x000001be12bb4240 WatcherThread "VM Periodic Task Thread"        [id=14152, stack(0x0000004913d00000,0x0000004913e00000) (1024K)]
  0x000001be12b59740 WorkerThread "GC Thread#0"                     [id=20912, stack(0x0000004913800000,0x0000004913900000) (1024K)]
  0x000001be34dc42d0 WorkerThread "GC Thread#1"                     [id=14052, stack(0x0000004914a00000,0x0000004914b00000) (1024K)]
  0x000001be34dc4700 WorkerThread "GC Thread#2"                     [id=18028, stack(0x0000004914b00000,0x0000004914c00000) (1024K)]
  0x000001be35a867c0 WorkerThread "GC Thread#3"                     [id=21708, stack(0x0000004914c00000,0x0000004914d00000) (1024K)]
  0x000001be12b72990 ConcurrentGCThread "G1 Main Marker"            [id=7744, stack(0x0000004913900000,0x0000004913a00000) (1024K)]
  0x000001be12b73cd0 WorkerThread "G1 Conc#0"                       [id=22728, stack(0x0000004913a00000,0x0000004913b00000) (1024K)]
  0x000001be12ba4800 ConcurrentGCThread "G1 Refine#0"               [id=10972, stack(0x0000004913b00000,0x0000004913c00000) (1024K)]
  0x000001be12ba5410 ConcurrentGCThread "G1 Service"                [id=14100, stack(0x0000004913c00000,0x0000004913d00000) (1024K)]
Total: 10

Threads with active compile tasks:
Total: 0

VM state: at safepoint (normal execution)

VM Mutex/Monitor currently owned by a thread:  ([mutex/lock_event])
[0x00007ffef5d496a8] Threads_lock - owner thread: 0x000001be12bbe8f0
[0x00007ffef5d49828] Heap_lock - owner thread: 0x000001be3698b3d0

Heap address: 0x0000000080000000, size: 2048 MB, Compressed Oops mode: 32-bit

CDS archive(s) mapped at: [0x0000000022000000-0x0000000022dd0000-0x0000000022dd0000), size 14483456, SharedBaseAddress: 0x0000000022000000, ArchiveRelocationMode: 1.
Compressed class space mapped at: 0x0000000023000000-0x0000000063000000, reserved size: 1073741824
UseCompressedClassPointers 1, UseCompactObjectHeaders 0
Narrow klass pointer bits 32, Max shift 3
Narrow klass base: 0x0000000022000000, Narrow klass shift: 0
Encoding Range: [0x0000000022000000 - 0x0000000122000000), (4294967296 bytes)
Klass Range:    [0x0000000022010000 - 0x0000000063000000), (1090453504 bytes)
Klass ID Range:  [65536 - 1090519033) (1090453497)
Protection zone: [0x0000000022000000 - 0x0000000022010000), (65536 bytes)

GC Precious Log:
 CardTable entry size: 512
 Card Set container configuration: InlinePtr #cards 5 size 8 Array Of Cards #cards 10 size 36 Howl #buckets 4 coarsen threshold 1843 Howl Bitmap #cards 512 size 80 coarsen threshold 460 Card regions per heap region 1 cards per card region 2048
 CPUs: 4 total, 4 available
 Memory: 8109M
 Large Page Support: Disabled
 NUMA Support: Disabled
 Compressed Oops: Enabled (32-bit)
 Heap Region Size: 1M
 Heap Min Capacity: 8M
 Heap Initial Capacity: 128M
 Heap Max Capacity: 2G
 Pre-touch: Disabled
 Parallel Workers: 4
 Concurrent Workers: 1
 Concurrent Refinement Workers: 4
 Periodic GC: Disabled

Heap:
 garbage-first heap   total reserved 2097152K, committed 203776K, used 192000K [0x0000000080000000, 0x0000000100000000)
  region size 1024K, 2 young (2048K), 2 survivors (2048K)

Heap Regions: E=young(eden), S=young(survivor), O=old, HS=humongous(starts), HC=humongous(continues), CS=collection set, F=free, TAMS=top-at-mark-start, PB=parsable bottom
|   0|0x0000000080000000, 0x0000000080100000, 0x0000000080100000|100%|HS|  |TAMS 0x0000000080100000| PB 0x0000000080000000| Complete |  0
|   1|0x0000000080100000, 0x0000000080200000, 0x0000000080200000|100%|HC|  |TAMS 0x0000000080200000| PB 0x0000000080100000| Complete |  0
|   2|0x0000000080200000, 0x0000000080300000, 0x0000000080300000|100%|HC|  |TAMS 0x0000000080300000| PB 0x0000000080200000| Complete |  0
|   3|0x0000000080300000, 0x0000000080400000, 0x0000000080400000|100%|HC|  |TAMS 0x0000000080400000| PB 0x0000000080300000| Complete |  0
|   4|0x0000000080400000, 0x0000000080500000, 0x0000000080500000|100%| O|  |TAMS 0x0000000080500000| PB 0x0000000080400000| Untracked |  0
|   5|0x0000000080500000, 0x0000000080600000, 0x0000000080600000|100%| O|  |TAMS 0x0000000080600000| PB 0x0000000080500000| Untracked |  0
|   6|0x0000000080600000, 0x0000000080700000, 0x0000000080700000|100%| O|  |TAMS 0x0000000080700000| PB 0x0000000080600000| Untracked |  0
|   7|0x0000000080700000, 0x0000000080800000, 0x0000000080800000|100%|HS|  |TAMS 0x0000000080800000| PB 0x0000000080700000| Complete |  0
|   8|0x0000000080800000, 0x0000000080900000, 0x0000000080900000|100%| O|  |TAMS 0x0000000080900000| PB 0x0000000080800000| Untracked |  0
|   9|0x0000000080900000, 0x0000000080a00000, 0x0000000080a00000|100%| O|  |TAMS 0x0000000080a00000| PB 0x0000000080900000| Untracked |  0
|  10|0x0000000080a00000, 0x0000000080b00000, 0x0000000080b00000|100%| O|  |TAMS 0x0000000080b00000| PB 0x0000000080a00000| Untracked |  0
|  11|0x0000000080b00000, 0x0000000080c00000, 0x0000000080c00000|100%| O|  |TAMS 0x0000000080c00000| PB 0x0000000080b00000| Untracked |  0
|  12|0x0000000080c00000, 0x0000000080d00000, 0x0000000080d00000|100%| O|  |TAMS 0x0000000080d00000| PB 0x0000000080c00000| Untracked |  0
|  13|0x0000000080d00000, 0x0000000080e00000, 0x0000000080e00000|100%| O|  |TAMS 0x0000000080e00000| PB 0x0000000080d00000| Untracked |  0
|  14|0x0000000080e00000, 0x0000000080f00000, 0x0000000080f00000|100%| O|  |TAMS 0x0000000080f00000| PB 0x0000000080e00000| Untracked |  0
|  15|0x0000000080f00000, 0x0000000081000000, 0x0000000081000000|100%| O|  |TAMS 0x0000000081000000| PB 0x0000000080f00000| Untracked |  0
|  16|0x0000000081000000, 0x0000000081100000, 0x0000000081100000|100%| O|  |TAMS 0x0000000081100000| PB 0x0000000081000000| Untracked |  0
|  17|0x0000000081100000, 0x0000000081200000, 0x0000000081200000|100%| O|  |TAMS 0x0000000081200000| PB 0x0000000081100000| Untracked |  0
|  18|0x0000000081200000, 0x0000000081300000, 0x0000000081300000|100%| O|  |TAMS 0x0000000081300000| PB 0x0000000081200000| Untracked |  0
|  19|0x0000000081300000, 0x0000000081400000, 0x0000000081400000|100%| O|  |TAMS 0x0000000081400000| PB 0x0000000081300000| Untracked |  0
|  20|0x0000000081400000, 0x0000000081500000, 0x0000000081500000|100%| O|  |TAMS 0x0000000081500000| PB 0x0000000081400000| Untracked |  0
|  21|0x0000000081500000, 0x0000000081600000, 0x0000000081600000|100%| O|  |TAMS 0x0000000081600000| PB 0x0000000081500000| Untracked |  0
|  22|0x0000000081600000, 0x0000000081700000, 0x0000000081700000|100%|HS|  |TAMS 0x0000000081700000| PB 0x0000000081600000| Complete |  0
|  23|0x0000000081700000, 0x0000000081800000, 0x0000000081800000|100%|HS|  |TAMS 0x0000000081800000| PB 0x0000000081700000| Complete |  0
|  24|0x0000000081800000, 0x0000000081900000, 0x0000000081900000|100%| O|  |TAMS 0x0000000081900000| PB 0x0000000081800000| Untracked |  0
|  25|0x0000000081900000, 0x0000000081a00000, 0x0000000081a00000|100%| O|  |TAMS 0x0000000081a00000| PB 0x0000000081900000| Untracked |  0
|  26|0x0000000081a00000, 0x0000000081b00000, 0x0000000081b00000|100%|HS|  |TAMS 0x0000000081b00000| PB 0x0000000081a00000| Complete |  0
|  27|0x0000000081b00000, 0x0000000081c00000, 0x0000000081c00000|100%|HS|  |TAMS 0x0000000081c00000| PB 0x0000000081b00000| Complete |  0
|  28|0x0000000081c00000, 0x0000000081d00000, 0x0000000081d00000|100%|HC|  |TAMS 0x0000000081d00000| PB 0x0000000081c00000| Complete |  0
|  29|0x0000000081d00000, 0x0000000081e00000, 0x0000000081e00000|100%|HS|  |TAMS 0x0000000081e00000| PB 0x0000000081d00000| Complete |  0
|  30|0x0000000081e00000, 0x0000000081f00000, 0x0000000081f00000|100%|HS|  |TAMS 0x0000000081f00000| PB 0x0000000081e00000| Complete |  0
|  31|0x0000000081f00000, 0x0000000082000000, 0x0000000082000000|100%|HC|  |TAMS 0x0000000082000000| PB 0x0000000081f00000| Complete |  0
|  32|0x0000000082000000, 0x0000000082100000, 0x0000000082100000|100%| O|  |TAMS 0x0000000082100000| PB 0x0000000082000000| Untracked |  0
|  33|0x0000000082100000, 0x0000000082200000, 0x0000000082200000|100%| O|  |TAMS 0x0000000082200000| PB 0x0000000082100000| Untracked |  0
|  34|0x0000000082200000, 0x0000000082300000, 0x0000000082300000|100%| O|  |TAMS 0x0000000082300000| PB 0x0000000082200000| Untracked |  0
|  35|0x0000000082300000, 0x0000000082400000, 0x0000000082400000|100%| O|  |TAMS 0x0000000082400000| PB 0x0000000082300000| Untracked |  0
|  36|0x0000000082400000, 0x0000000082500000, 0x0000000082500000|100%| O|  |TAMS 0x0000000082500000| PB 0x0000000082400000| Untracked |  0
|  37|0x0000000082500000, 0x0000000082600000, 0x0000000082600000|100%| O|  |TAMS 0x0000000082600000| PB 0x0000000082500000| Untracked |  0
|  38|0x0000000082600000, 0x0000000082700000, 0x0000000082700000|100%| O|  |TAMS 0x0000000082700000| PB 0x0000000082600000| Untracked |  0
|  39|0x0000000082700000, 0x0000000082800000, 0x0000000082800000|100%| O|  |TAMS 0x0000000082800000| PB 0x0000000082700000| Untracked |  0
|  40|0x0000000082800000, 0x0000000082900000, 0x0000000082900000|100%| O|  |TAMS 0x0000000082900000| PB 0x0000000082800000| Untracked |  0
|  41|0x0000000082900000, 0x0000000082a00000, 0x0000000082a00000|100%| O|  |TAMS 0x0000000082a00000| PB 0x0000000082900000| Untracked |  0
|  42|0x0000000082a00000, 0x0000000082b00000, 0x0000000082b00000|100%| O|  |TAMS 0x0000000082b00000| PB 0x0000000082a00000| Untracked |  0
|  43|0x0000000082b00000, 0x0000000082c00000, 0x0000000082c00000|100%| O|  |TAMS 0x0000000082c00000| PB 0x0000000082b00000| Untracked |  0
|  44|0x0000000082c00000, 0x0000000082d00000, 0x0000000082d00000|100%|HS|  |TAMS 0x0000000082d00000| PB 0x0000000082c00000| Complete |  0
|  45|0x0000000082d00000, 0x0000000082e00000, 0x0000000082e00000|100%|HC|  |TAMS 0x0000000082e00000| PB 0x0000000082d00000| Complete |  0
|  46|0x0000000082e00000, 0x0000000082f00000, 0x0000000082f00000|100%|HC|  |TAMS 0x0000000082f00000| PB 0x0000000082e00000| Complete |  0
|  47|0x0000000082f00000, 0x0000000083000000, 0x0000000083000000|100%|HS|  |TAMS 0x0000000083000000| PB 0x0000000082f00000| Complete |  0
|  48|0x0000000083000000, 0x0000000083100000, 0x0000000083100000|100%| O|  |TAMS 0x0000000083100000| PB 0x0000000083000000| Untracked |  0
|  49|0x0000000083100000, 0x0000000083200000, 0x0000000083200000|100%| O|  |TAMS 0x0000000083200000| PB 0x0000000083100000| Untracked |  0
|  50|0x0000000083200000, 0x0000000083300000, 0x0000000083300000|100%| O|  |TAMS 0x0000000083300000| PB 0x0000000083200000| Untracked |  0
|  51|0x0000000083300000, 0x0000000083400000, 0x0000000083400000|100%| O|  |TAMS 0x0000000083400000| PB 0x0000000083300000| Untracked |  0
|  52|0x0000000083400000, 0x0000000083500000, 0x0000000083500000|100%| O|  |TAMS 0x0000000083500000| PB 0x0000000083400000| Untracked |  0
|  53|0x0000000083500000, 0x0000000083600000, 0x0000000083600000|100%| O|  |TAMS 0x0000000083600000| PB 0x0000000083500000| Untracked |  0
|  54|0x0000000083600000, 0x0000000083700000, 0x0000000083700000|100%|HS|  |TAMS 0x0000000083700000| PB 0x0000000083600000| Complete |  0
|  55|0x0000000083700000, 0x0000000083800000, 0x0000000083800000|100%| O|  |TAMS 0x0000000083800000| PB 0x0000000083700000| Untracked |  0
|  56|0x0000000083800000, 0x0000000083900000, 0x0000000083900000|100%|HS|  |TAMS 0x0000000083900000| PB 0x0000000083800000| Complete |  0
|  57|0x0000000083900000, 0x0000000083a00000, 0x0000000083a00000|100%|HC|  |TAMS 0x0000000083a00000| PB 0x0000000083900000| Complete |  0
|  58|0x0000000083a00000, 0x0000000083b00000, 0x0000000083b00000|100%|HC|  |TAMS 0x0000000083b00000| PB 0x0000000083a00000| Complete |  0
|  59|0x0000000083b00000, 0x0000000083c00000, 0x0000000083c00000|100%| O|  |TAMS 0x0000000083c00000| PB 0x0000000083b00000| Untracked |  0
|  60|0x0000000083c00000, 0x0000000083d00000, 0x0000000083d00000|100%| O|  |TAMS 0x0000000083d00000| PB 0x0000000083c00000| Untracked |  0
|  61|0x0000000083d00000, 0x0000000083e00000, 0x0000000083e00000|100%| O|  |TAMS 0x0000000083e00000| PB 0x0000000083d00000| Untracked |  0
|  62|0x0000000083e00000, 0x0000000083f00000, 0x0000000083f00000|100%| O|  |TAMS 0x0000000083f00000| PB 0x0000000083e00000| Untracked |  0
|  63|0x0000000083f00000, 0x0000000084000000, 0x0000000084000000|100%| O|  |TAMS 0x0000000084000000| PB 0x0000000083f00000| Untracked |  0
|  64|0x0000000084000000, 0x0000000084100000, 0x0000000084100000|100%| O|  |TAMS 0x0000000084100000| PB 0x0000000084000000| Untracked |  0
|  65|0x0000000084100000, 0x0000000084200000, 0x0000000084200000|100%| O|  |TAMS 0x0000000084200000| PB 0x0000000084100000| Untracked |  0
|  66|0x0000000084200000, 0x0000000084300000, 0x0000000084300000|100%| O|  |TAMS 0x0000000084300000| PB 0x0000000084200000| Untracked |  0
|  67|0x0000000084300000, 0x0000000084400000, 0x0000000084400000|100%| O|  |TAMS 0x0000000084400000| PB 0x0000000084300000| Untracked |  0
|  68|0x0000000084400000, 0x0000000084500000, 0x0000000084500000|100%| O|  |TAMS 0x0000000084500000| PB 0x0000000084400000| Untracked |  0
|  69|0x0000000084500000, 0x0000000084600000, 0x0000000084600000|100%| O|  |TAMS 0x0000000084600000| PB 0x0000000084500000| Untracked |  0
|  70|0x0000000084600000, 0x0000000084700000, 0x0000000084700000|100%| O|  |TAMS 0x0000000084700000| PB 0x0000000084600000| Untracked |  0
|  71|0x0000000084700000, 0x0000000084800000, 0x0000000084800000|100%| O|  |TAMS 0x0000000084700000| PB 0x0000000084700000| Untracked |  0
|  72|0x0000000084800000, 0x0000000084900000, 0x0000000084900000|100%| O|  |TAMS 0x0000000084900000| PB 0x0000000084800000| Untracked |  0
|  73|0x0000000084900000, 0x0000000084a00000, 0x0000000084a00000|100%| O|  |TAMS 0x0000000084a00000| PB 0x0000000084900000| Untracked |  0
|  74|0x0000000084a00000, 0x0000000084b00000, 0x0000000084b00000|100%| O|  |TAMS 0x0000000084a00000| PB 0x0000000084a00000| Untracked |  0
|  75|0x0000000084b00000, 0x0000000084c00000, 0x0000000084c00000|100%| O|  |TAMS 0x0000000084c00000| PB 0x0000000084b00000| Untracked |  0
|  76|0x0000000084c00000, 0x0000000084d00000, 0x0000000084d00000|100%| O|  |TAMS 0x0000000084d00000| PB 0x0000000084c00000| Untracked |  0
|  77|0x0000000084d00000, 0x0000000084e00000, 0x0000000084e00000|100%| O|  |TAMS 0x0000000084e00000| PB 0x0000000084d00000| Untracked |  0
|  78|0x0000000084e00000, 0x0000000084f00000, 0x0000000084f00000|100%| O|  |TAMS 0x0000000084f00000| PB 0x0000000084e00000| Untracked |  0
|  79|0x0000000084f00000, 0x0000000085000000, 0x0000000085000000|100%| O|  |TAMS 0x0000000085000000| PB 0x0000000084f00000| Untracked |  0
|  80|0x0000000085000000, 0x0000000085100000, 0x0000000085100000|100%| O|  |TAMS 0x0000000085100000| PB 0x0000000085000000| Untracked |  0
|  81|0x0000000085100000, 0x0000000085200000, 0x0000000085200000|100%| O|  |TAMS 0x0000000085200000| PB 0x0000000085100000| Untracked |  0
|  82|0x0000000085200000, 0x0000000085300000, 0x0000000085300000|100%| O|  |TAMS 0x0000000085300000| PB 0x0000000085200000| Untracked |  0
|  83|0x0000000085300000, 0x0000000085400000, 0x0000000085400000|100%| O|  |TAMS 0x0000000085400000| PB 0x0000000085300000| Untracked |  0
|  84|0x0000000085400000, 0x0000000085500000, 0x0000000085500000|100%| O|  |TAMS 0x0000000085500000| PB 0x0000000085400000| Untracked |  0
|  85|0x0000000085500000, 0x0000000085600000, 0x0000000085600000|100%| O|  |TAMS 0x0000000085500000| PB 0x0000000085500000| Untracked |  0
|  86|0x0000000085600000, 0x0000000085700000, 0x0000000085700000|100%| O|  |TAMS 0x0000000085600000| PB 0x0000000085600000| Untracked |  0
|  87|0x0000000085700000, 0x0000000085800000, 0x0000000085800000|100%| O|  |TAMS 0x0000000085700000| PB 0x0000000085700000| Untracked |  0
|  88|0x0000000085800000, 0x0000000085900000, 0x0000000085900000|100%| O|  |TAMS 0x0000000085800000| PB 0x0000000085800000| Untracked |  0
|  89|0x0000000085900000, 0x0000000085a00000, 0x0000000085a00000|100%| O|  |TAMS 0x0000000085900000| PB 0x0000000085900000| Untracked |  0
|  90|0x0000000085a00000, 0x0000000085b00000, 0x0000000085b00000|100%| O|  |TAMS 0x0000000085a00000| PB 0x0000000085a00000| Untracked |  0
|  91|0x0000000085b00000, 0x0000000085c00000, 0x0000000085c00000|100%| O|  |TAMS 0x0000000085b00000| PB 0x0000000085b00000| Untracked |  0
|  92|0x0000000085c00000, 0x0000000085d00000, 0x0000000085d00000|100%| O|  |TAMS 0x0000000085c00000| PB 0x0000000085c00000| Untracked |  0
|  93|0x0000000085d00000, 0x0000000085e00000, 0x0000000085e00000|100%| O|  |TAMS 0x0000000085d00000| PB 0x0000000085d00000| Untracked |  0
|  94|0x0000000085e00000, 0x0000000085f00000, 0x0000000085f00000|100%| O|  |TAMS 0x0000000085e00000| PB 0x0000000085e00000| Untracked |  0
|  95|0x0000000085f00000, 0x0000000086000000, 0x0000000086000000|100%| O|  |TAMS 0x0000000085f00000| PB 0x0000000085f00000| Untracked |  0
|  96|0x0000000086000000, 0x0000000086100000, 0x0000000086100000|100%| O|  |TAMS 0x0000000086000000| PB 0x0000000086000000| Untracked |  0
|  97|0x0000000086100000, 0x0000000086200000, 0x0000000086200000|100%| O|  |TAMS 0x0000000086100000| PB 0x0000000086100000| Untracked |  0
|  98|0x0000000086200000, 0x0000000086300000, 0x0000000086300000|100%| O|  |TAMS 0x0000000086200000| PB 0x0000000086200000| Untracked |  0
|  99|0x0000000086300000, 0x0000000086400000, 0x0000000086400000|100%| O|  |TAMS 0x0000000086300000| PB 0x0000000086300000| Untracked |  0
| 100|0x0000000086400000, 0x0000000086500000, 0x0000000086500000|100%| O|  |TAMS 0x0000000086400000| PB 0x0000000086400000| Untracked |  0
| 101|0x0000000086500000, 0x0000000086600000, 0x0000000086600000|100%| O|  |TAMS 0x0000000086500000| PB 0x0000000086500000| Untracked |  0
| 102|0x0000000086600000, 0x0000000086700000, 0x0000000086700000|100%| O|  |TAMS 0x0000000086600000| PB 0x0000000086600000| Untracked |  0
| 103|0x0000000086700000, 0x0000000086800000, 0x0000000086800000|100%| O|  |TAMS 0x0000000086700000| PB 0x0000000086700000| Untracked |  0
| 104|0x0000000086800000, 0x0000000086900000, 0x0000000086900000|100%| O|  |TAMS 0x0000000086800000| PB 0x0000000086800000| Untracked |  0
| 105|0x0000000086900000, 0x0000000086a00000, 0x0000000086a00000|100%| O|  |TAMS 0x0000000086900000| PB 0x0000000086900000| Untracked |  0
| 106|0x0000000086a00000, 0x0000000086b00000, 0x0000000086b00000|100%| O|  |TAMS 0x0000000086a00000| PB 0x0000000086a00000| Untracked |  0
| 107|0x0000000086b00000, 0x0000000086c00000, 0x0000000086c00000|100%| O|  |TAMS 0x0000000086b00000| PB 0x0000000086b00000| Untracked |  0
| 108|0x0000000086c00000, 0x0000000086d00000, 0x0000000086d00000|100%| O|  |TAMS 0x0000000086c00000| PB 0x0000000086c00000| Untracked |  0
| 109|0x0000000086d00000, 0x0000000086e00000, 0x0000000086e00000|100%| O|  |TAMS 0x0000000086d00000| PB 0x0000000086d00000| Untracked |  0
| 110|0x0000000086e00000, 0x0000000086f00000, 0x0000000086f00000|100%| O|  |TAMS 0x0000000086e00000| PB 0x0000000086e00000| Untracked |  0
| 111|0x0000000086f00000, 0x0000000087000000, 0x0000000087000000|100%| O|  |TAMS 0x0000000086f00000| PB 0x0000000086f00000| Untracked |  0
| 112|0x0000000087000000, 0x0000000087100000, 0x0000000087100000|100%| O|  |TAMS 0x0000000087000000| PB 0x0000000087000000| Untracked |  0
| 113|0x0000000087100000, 0x0000000087200000, 0x0000000087200000|100%| O|  |TAMS 0x0000000087100000| PB 0x0000000087100000| Untracked |  0
| 114|0x0000000087200000, 0x0000000087300000, 0x0000000087300000|100%| O|  |TAMS 0x0000000087200000| PB 0x0000000087200000| Untracked |  0
| 115|0x0000000087300000, 0x0000000087400000, 0x0000000087400000|100%| O|  |TAMS 0x0000000087300000| PB 0x0000000087300000| Untracked |  0
| 116|0x0000000087400000, 0x0000000087500000, 0x0000000087500000|100%| O|  |TAMS 0x0000000087400000| PB 0x0000000087400000| Untracked |  0
| 117|0x0000000087500000, 0x0000000087600000, 0x0000000087600000|100%| O|  |TAMS 0x0000000087500000| PB 0x0000000087500000| Untracked |  0
| 118|0x0000000087600000, 0x0000000087700000, 0x0000000087700000|100%| O|  |TAMS 0x0000000087600000| PB 0x0000000087600000| Untracked |  0
| 119|0x0000000087700000, 0x0000000087800000, 0x0000000087800000|100%| O|  |TAMS 0x0000000087700000| PB 0x0000000087700000| Untracked |  0
| 120|0x0000000087800000, 0x0000000087900000, 0x0000000087900000|100%| O|  |TAMS 0x0000000087800000| PB 0x0000000087800000| Untracked |  0
| 121|0x0000000087900000, 0x0000000087a00000, 0x0000000087a00000|100%| O|  |TAMS 0x0000000087900000| PB 0x0000000087900000| Untracked |  0
| 122|0x0000000087a00000, 0x0000000087b00000, 0x0000000087b00000|100%| O|  |TAMS 0x0000000087a00000| PB 0x0000000087a00000| Untracked |  0
| 123|0x0000000087b00000, 0x0000000087c00000, 0x0000000087c00000|100%| O|  |TAMS 0x0000000087b00000| PB 0x0000000087b00000| Untracked |  0
| 124|0x0000000087c00000, 0x0000000087d00000, 0x0000000087d00000|100%| O|  |TAMS 0x0000000087c00000| PB 0x0000000087c00000| Untracked |  0
| 125|0x0000000087d00000, 0x0000000087e00000, 0x0000000087e00000|100%| O|  |TAMS 0x0000000087d00000| PB 0x0000000087d00000| Untracked |  0
| 126|0x0000000087e00000, 0x0000000087f00000, 0x0000000087f00000|100%| O|  |TAMS 0x0000000087e00000| PB 0x0000000087e00000| Untracked |  0
| 127|0x0000000087f00000, 0x0000000088000000, 0x0000000088000000|100%| O|  |TAMS 0x0000000087f00000| PB 0x0000000087f00000| Untracked |  0
| 128|0x0000000088000000, 0x0000000088100000, 0x0000000088100000|100%| O|  |TAMS 0x0000000088000000| PB 0x0000000088000000| Untracked |  0
| 129|0x0000000088100000, 0x0000000088200000, 0x0000000088200000|100%| O|  |TAMS 0x0000000088100000| PB 0x0000000088100000| Untracked |  0
| 130|0x0000000088200000, 0x0000000088300000, 0x0000000088300000|100%| O|  |TAMS 0x0000000088200000| PB 0x0000000088200000| Untracked |  0
| 131|0x0000000088300000, 0x0000000088400000, 0x0000000088400000|100%| O|  |TAMS 0x0000000088300000| PB 0x0000000088300000| Untracked |  0
| 132|0x0000000088400000, 0x0000000088500000, 0x0000000088500000|100%| O|  |TAMS 0x0000000088400000| PB 0x0000000088400000| Untracked |  0
| 133|0x0000000088500000, 0x0000000088600000, 0x0000000088600000|100%| O|  |TAMS 0x0000000088500000| PB 0x0000000088500000| Untracked |  0
| 134|0x0000000088600000, 0x0000000088700000, 0x0000000088700000|100%| O|  |TAMS 0x0000000088600000| PB 0x0000000088600000| Untracked |  0
| 135|0x0000000088700000, 0x0000000088800000, 0x0000000088800000|100%| O|  |TAMS 0x0000000088700000| PB 0x0000000088700000| Untracked |  0
| 136|0x0000000088800000, 0x0000000088900000, 0x0000000088900000|100%| O|  |TAMS 0x0000000088800000| PB 0x0000000088800000| Untracked |  0
| 137|0x0000000088900000, 0x0000000088a00000, 0x0000000088a00000|100%| O|  |TAMS 0x0000000088900000| PB 0x0000000088900000| Untracked |  0
| 138|0x0000000088a00000, 0x0000000088b00000, 0x0000000088b00000|100%| O|  |TAMS 0x0000000088a00000| PB 0x0000000088a00000| Untracked |  0
| 139|0x0000000088b00000, 0x0000000088c00000, 0x0000000088c00000|100%| O|  |TAMS 0x0000000088b00000| PB 0x0000000088b00000| Untracked |  0
| 140|0x0000000088c00000, 0x0000000088d00000, 0x0000000088d00000|100%|HS|  |TAMS 0x0000000088c00000| PB 0x0000000088c00000| Complete |  0
| 141|0x0000000088d00000, 0x0000000088e00000, 0x0000000088e00000|100%|HS|  |TAMS 0x0000000088d00000| PB 0x0000000088d00000| Complete |  0
| 142|0x0000000088e00000, 0x0000000088f00000, 0x0000000088f00000|100%| O|  |TAMS 0x0000000088e00000| PB 0x0000000088e00000| Untracked |  0
| 143|0x0000000088f00000, 0x0000000089000000, 0x0000000089000000|100%| O|  |TAMS 0x0000000088f00000| PB 0x0000000088f00000| Untracked |  0
| 144|0x0000000089000000, 0x0000000089100000, 0x0000000089100000|100%| O|  |TAMS 0x0000000089000000| PB 0x0000000089000000| Untracked |  0
| 145|0x0000000089100000, 0x0000000089200000, 0x0000000089200000|100%| O|  |TAMS 0x0000000089100000| PB 0x0000000089100000| Untracked |  0
| 146|0x0000000089200000, 0x0000000089300000, 0x0000000089300000|100%| O|  |TAMS 0x0000000089200000| PB 0x0000000089200000| Untracked |  0
| 147|0x0000000089300000, 0x0000000089400000, 0x0000000089400000|100%| O|  |TAMS 0x0000000089300000| PB 0x0000000089300000| Untracked |  0
| 148|0x0000000089400000, 0x0000000089480000, 0x0000000089500000| 50%| O|  |TAMS 0x0000000089400000| PB 0x0000000089400000| Untracked |  0
| 149|0x0000000089500000, 0x0000000089500000, 0x0000000089600000|  0%| F|  |TAMS 0x0000000089500000| PB 0x0000000089500000| Untracked |  0
| 150|0x0000000089600000, 0x0000000089600000, 0x0000000089700000|  0%| F|  |TAMS 0x0000000089600000| PB 0x0000000089600000| Untracked |  0
| 151|0x0000000089700000, 0x0000000089700000, 0x0000000089800000|  0%| F|  |TAMS 0x0000000089700000| PB 0x0000000089700000| Untracked |  0
| 152|0x0000000089800000, 0x0000000089800000, 0x0000000089900000|  0%| F|  |TAMS 0x0000000089800000| PB 0x0000000089800000| Untracked |  0
| 153|0x0000000089900000, 0x0000000089a00000, 0x0000000089a00000|100%| S|CS|TAMS 0x0000000089900000| PB 0x0000000089900000| Complete |  0
| 154|0x0000000089a00000, 0x0000000089b00000, 0x0000000089b00000|100%| S|CS|TAMS 0x0000000089a00000| PB 0x0000000089a00000| Complete |  0
| 155|0x0000000089b00000, 0x0000000089b00000, 0x0000000089c00000|  0%| F|  |TAMS 0x0000000089b00000| PB 0x0000000089b00000| Untracked |  0
| 156|0x0000000089c00000, 0x0000000089c00000, 0x0000000089d00000|  0%| F|  |TAMS 0x0000000089c00000| PB 0x0000000089c00000| Untracked |  0
| 157|0x0000000089d00000, 0x0000000089d00000, 0x0000000089e00000|  0%| F|  |TAMS 0x0000000089d00000| PB 0x0000000089d00000| Untracked |  0
| 158|0x0000000089e00000, 0x0000000089e00000, 0x0000000089f00000|  0%| F|  |TAMS 0x0000000089e00000| PB 0x0000000089e00000| Untracked |  0
| 159|0x0000000089f00000, 0x0000000089f00000, 0x000000008a000000|  0%| F|  |TAMS 0x0000000089f00000| PB 0x0000000089f00000| Untracked |  0
| 160|0x000000008a000000, 0x000000008a000000, 0x000000008a100000|  0%| F|  |TAMS 0x000000008a000000| PB 0x000000008a000000| Untracked |  0
|2010|0x00000000fda00000, 0x00000000fdb00000, 0x00000000fdb00000|100%| O|  |TAMS 0x00000000fda80000| PB 0x00000000fda00000| Untracked |  0
|2011|0x00000000fdb00000, 0x00000000fdc00000, 0x00000000fdc00000|100%| O|  |TAMS 0x00000000fdc00000| PB 0x00000000fdb00000| Untracked |  0
|2012|0x00000000fdc00000, 0x00000000fdd00000, 0x00000000fdd00000|100%| O|  |TAMS 0x00000000fdd00000| PB 0x00000000fdc00000| Untracked |  0
|2013|0x00000000fdd00000, 0x00000000fde00000, 0x00000000fde00000|100%| O|  |TAMS 0x00000000fde00000| PB 0x00000000fdd00000| Untracked |  0
|2014|0x00000000fde00000, 0x00000000fdf00000, 0x00000000fdf00000|100%| O|  |TAMS 0x00000000fdf00000| PB 0x00000000fde00000| Untracked |  0
|2015|0x00000000fdf00000, 0x00000000fe000000, 0x00000000fe000000|100%| O|  |TAMS 0x00000000fe000000| PB 0x00000000fdf00000| Untracked |  0
|2016|0x00000000fe000000, 0x00000000fe100000, 0x00000000fe100000|100%| O|  |TAMS 0x00000000fe100000| PB 0x00000000fe000000| Untracked |  0
|2017|0x00000000fe100000, 0x00000000fe200000, 0x00000000fe200000|100%| O|  |TAMS 0x00000000fe200000| PB 0x00000000fe100000| Untracked |  0
|2018|0x00000000fe200000, 0x00000000fe300000, 0x00000000fe300000|100%| O|  |TAMS 0x00000000fe300000| PB 0x00000000fe200000| Untracked |  0
|2019|0x00000000fe300000, 0x00000000fe400000, 0x00000000fe400000|100%| O|  |TAMS 0x00000000fe400000| PB 0x00000000fe300000| Untracked |  0
|2020|0x00000000fe400000, 0x00000000fe500000, 0x00000000fe500000|100%| O|  |TAMS 0x00000000fe500000| PB 0x00000000fe400000| Untracked |  0
|2021|0x00000000fe500000, 0x00000000fe600000, 0x00000000fe600000|100%| O|  |TAMS 0x00000000fe600000| PB 0x00000000fe500000| Untracked |  0
|2022|0x00000000fe600000, 0x00000000fe700000, 0x00000000fe700000|100%| O|  |TAMS 0x00000000fe700000| PB 0x00000000fe600000| Untracked |  0
|2023|0x00000000fe700000, 0x00000000fe800000, 0x00000000fe800000|100%| O|  |TAMS 0x00000000fe800000| PB 0x00000000fe700000| Untracked |  0
|2024|0x00000000fe800000, 0x00000000fe900000, 0x00000000fe900000|100%| O|  |TAMS 0x00000000fe900000| PB 0x00000000fe800000| Untracked |  0
|2025|0x00000000fe900000, 0x00000000fea00000, 0x00000000fea00000|100%| O|  |TAMS 0x00000000fea00000| PB 0x00000000fe900000| Untracked |  0
|2026|0x00000000fea00000, 0x00000000feb00000, 0x00000000feb00000|100%| O|  |TAMS 0x00000000feb00000| PB 0x00000000fea00000| Untracked |  0
|2027|0x00000000feb00000, 0x00000000fec00000, 0x00000000fec00000|100%| O|  |TAMS 0x00000000fec00000| PB 0x00000000feb00000| Untracked |  0
|2028|0x00000000fec00000, 0x00000000fed00000, 0x00000000fed00000|100%| O|  |TAMS 0x00000000fed00000| PB 0x00000000fec00000| Untracked |  0
|2029|0x00000000fed00000, 0x00000000fee00000, 0x00000000fee00000|100%| O|  |TAMS 0x00000000fee00000| PB 0x00000000fed00000| Untracked |  0
|2030|0x00000000fee00000, 0x00000000fef00000, 0x00000000fef00000|100%| O|  |TAMS 0x00000000fef00000| PB 0x00000000fee00000| Untracked |  0
|2031|0x00000000fef00000, 0x00000000ff000000, 0x00000000ff000000|100%| O|  |TAMS 0x00000000ff000000| PB 0x00000000fef00000| Untracked |  0
|2032|0x00000000ff000000, 0x00000000ff100000, 0x00000000ff100000|100%| O|  |TAMS 0x00000000ff100000| PB 0x00000000ff000000| Untracked |  0
|2033|0x00000000ff100000, 0x00000000ff200000, 0x00000000ff200000|100%| O|  |TAMS 0x00000000ff200000| PB 0x00000000ff100000| Untracked |  0
|2034|0x00000000ff200000, 0x00000000ff300000, 0x00000000ff300000|100%| O|  |TAMS 0x00000000ff300000| PB 0x00000000ff200000| Untracked |  0
|2035|0x00000000ff300000, 0x00000000ff400000, 0x00000000ff400000|100%| O|  |TAMS 0x00000000ff400000| PB 0x00000000ff300000| Untracked |  0
|2036|0x00000000ff400000, 0x00000000ff500000, 0x00000000ff500000|100%| O|  |TAMS 0x00000000ff500000| PB 0x00000000ff400000| Untracked |  0
|2037|0x00000000ff500000, 0x00000000ff600000, 0x00000000ff600000|100%| O|  |TAMS 0x00000000ff600000| PB 0x00000000ff500000| Untracked |  0
|2038|0x00000000ff600000, 0x00000000ff700000, 0x00000000ff700000|100%| O|  |TAMS 0x00000000ff700000| PB 0x00000000ff600000| Untracked |  0
|2039|0x00000000ff700000, 0x00000000ff800000, 0x00000000ff800000|100%| O|  |TAMS 0x00000000ff800000| PB 0x00000000ff700000| Untracked |  0
|2040|0x00000000ff800000, 0x00000000ff900000, 0x00000000ff900000|100%| O|  |TAMS 0x00000000ff900000| PB 0x00000000ff800000| Untracked |  0
|2041|0x00000000ff900000, 0x00000000ffa00000, 0x00000000ffa00000|100%| O|  |TAMS 0x00000000ffa00000| PB 0x00000000ff900000| Untracked |  0
|2042|0x00000000ffa00000, 0x00000000ffb00000, 0x00000000ffb00000|100%| O|  |TAMS 0x00000000ffb00000| PB 0x00000000ffa00000| Untracked |  0
|2043|0x00000000ffb00000, 0x00000000ffc00000, 0x00000000ffc00000|100%| O|  |TAMS 0x00000000ffc00000| PB 0x00000000ffb00000| Untracked |  0
|2044|0x00000000ffc00000, 0x00000000ffd00000, 0x00000000ffd00000|100%| O|  |TAMS 0x00000000ffd00000| PB 0x00000000ffc00000| Untracked |  0
|2045|0x00000000ffd00000, 0x00000000ffe00000, 0x00000000ffe00000|100%| O|  |TAMS 0x00000000ffe00000| PB 0x00000000ffd00000| Untracked |  0
|2046|0x00000000ffe00000, 0x00000000fff00000, 0x00000000fff00000|100%| O|  |TAMS 0x00000000fff00000| PB 0x00000000ffe00000| Untracked |  0
|2047|0x00000000fff00000, 0x00000000fff00000, 0x0000000100000000|  0%| F|  |TAMS 0x00000000fff00000| PB 0x00000000fff00000| Untracked |  0

Card table byte_map: [0x000001be2aa20000,0x000001be2ae20000] _byte_map_base: 0x000001be2a620000

Marking Bits: (CMBitMap*) 0x000001be12b59ed0
 Bits: [0x000001be2ae20000, 0x000001be2ce20000)

Polling page: 0x000001be10880000

Metaspace:
Metaspace        used 67272K, committed 69184K, reserved 1114112K
 class space     used 9756K, committed 10688K, reserved 1048576K

Usage:
  Non-class:     56.17 MB used.
      Class:      9.53 MB used.
       Both:     65.70 MB used.

Virtual space:
  Non-class space:       64.00 MB reserved,      57.12 MB ( 89%) committed,  1 nodes.
      Class space:        1.00 GB reserved,      10.44 MB (  1%) committed,  1 nodes.
             Both:        1.06 GB reserved,      67.56 MB (  6%) committed. 

Chunk freelists:
   Non-Class:  6.76 MB
       Class:  5.59 MB
        Both:  12.35 MB

MaxMetaspaceSize: unlimited
CompressedClassSpaceSize: 1.00 GB
Initial GC threshold: 21.00 MB
Current GC threshold: 111.19 MB
CDS: on
 - commit_granule_bytes: 65536.
 - commit_granule_words: 8192.
 - virtual_space_node_default_size: 8388608.
 - enlarge_chunks_in_place: 1.
UseCompressedClassPointers 1, UseCompactObjectHeaders 0
Narrow klass pointer bits 32, Max shift 3
Narrow klass base: 0x0000000022000000, Narrow klass shift: 0
Encoding Range: [0x0000000022000000 - 0x0000000122000000), (4294967296 bytes)
Klass Range:    [0x0000000022010000 - 0x0000000063000000), (1090453504 bytes)
Klass ID Range:  [65536 - 1090519033) (1090453497)
Protection zone: [0x0000000022000000 - 0x0000000022010000), (65536 bytes)


Internal statistics:

num_allocs_failed_limit: 6.
num_arena_births: 3444.
num_arena_deaths: 0.
num_vsnodes_births: 2.
num_vsnodes_deaths: 0.
num_space_committed: 1080.
num_space_uncommitted: 0.
num_chunks_returned_to_freelist: 6.
num_chunks_taken_from_freelist: 6639.
num_chunk_merges: 6.
num_chunk_splits: 4294.
num_chunks_enlarged: 2579.
num_inconsistent_stats: 0.

CodeHeap 'non-profiled nmethods': size=120064Kb used=4466Kb max_used=4466Kb free=115597Kb
 bounds [0x000001be230e0000, 0x000001be23540000, 0x000001be2a620000]
CodeHeap 'profiled nmethods': size=120064Kb used=12420Kb max_used=12420Kb free=107643Kb
 bounds [0x000001be1b600000, 0x000001be1c240000, 0x000001be22b40000]
CodeHeap 'non-nmethods': size=5760Kb used=1942Kb max_used=1997Kb free=3817Kb
 bounds [0x000001be22b40000, 0x000001be22db0000, 0x000001be230e0000]
CodeCache: size=245888Kb, used=18828Kb, max_used=18883Kb, free=227057Kb
 total_blobs=9356, nmethods=8562, adapters=697, full_count=0
Compilation: enabled, stopped_count=0, restarted_count=0

Compilation events (20 events):
Event: 12.351 Thread 0x000001be35aae000 nmethod 10165% 0x000001be23533708 code [0x000001be23533800, 0x000001be23534a68]
Event: 12.352 Thread 0x000001be35aae000 10166       4       java.util.LinkedHashMap::afterNodeAccess (266 bytes)
Event: 12.352 Thread 0x000001be35aae000 nmethod 10166 0x000001be23534a88 code [0x000001be23534b80, 0x000001be23534c90]
Event: 12.358 Thread 0x000001be35aae000 10167       4       java.util.Arrays::equals (43 bytes)
Event: 12.359 Thread 0x000001be35aae000 nmethod 10167 0x000001be23534d88 code [0x000001be23534e80, 0x000001be23534f70]
Event: 12.368 Thread 0x000001be2f39d840 nmethod 10138 0x000001be23535088 code [0x000001be23535180, 0x000001be2353b4a8]
Event: 12.373 Thread 0x000001be2f3c80f0 10168 %     3       org.jetbrains.kotlin.gradle.internal.kapt.incremental.ClasspathSnapshot::diff @ 670 (877 bytes)
Event: 12.375 Thread 0x000001be2f39d840 10171       4       java.util.LinkedList::linkLast (59 bytes)
Event: 12.376 Thread 0x000001be2f39d840 nmethod 10171 0x000001be2353b508 code [0x000001be2353b600, 0x000001be2353ba20]
Event: 12.376 Thread 0x000001be2f3c80f0 nmethod 10168% 0x000001be1c22a208 code [0x000001be1c22a320, 0x000001be1c231cb8]
Event: 12.376 Thread 0x000001be2f3c80f0 10169       1       org.jetbrains.kotlin.gradle.internal.kapt.incremental.ClassDependencies::getAbiTypes (5 bytes)
Event: 12.376 Thread 0x000001be2f39d840 10172       4       java.util.LinkedList::add (7 bytes)
Event: 12.376 Thread 0x000001be2f3c80f0 nmethod 10169 0x000001be2353ba88 code [0x000001be2353bb80, 0x000001be2353bc48]
Event: 12.376 Thread 0x000001be2f3c80f0 10170       1       org.jetbrains.kotlin.gradle.internal.kapt.incremental.ClassDependencies::getPrivateTypes (5 bytes)
Event: 12.376 Thread 0x000001be2f3c80f0 nmethod 10170 0x000001be2353bd88 code [0x000001be2353be80, 0x000001be2353bf48]
Event: 12.376 Thread 0x000001be2f3c80f0 10173       3       org.jetbrains.kotlin.gradle.internal.kapt.incremental.ClasspathSnapshot::diff (877 bytes)
Event: 12.376 Thread 0x000001be35aae000 10174       4       java.util.LinkedList::<init> (10 bytes)
Event: 12.376 Thread 0x000001be35aae000 nmethod 10174 0x000001be2353c088 code [0x000001be2353c180, 0x000001be2353c200]
Event: 12.377 Thread 0x000001be2f39d840 nmethod 10172 0x000001be2353c388 code [0x000001be2353c480, 0x000001be2353c8a8]
Event: 12.379 Thread 0x000001be2f3c80f0 nmethod 10173 0x000001be1c231d88 code [0x000001be1c231ea0, 0x000001be1c2397f8]

GC Heap Usage History (20 events):
Event: 9.439 {heap After GC invocations=23 (full 0):
 garbage-first heap   total reserved 2097152K, committed 136192K, used 79935K [0x0000000080000000, 0x0000000100000000)
  region size 1024K, 4 young (4096K), 4 survivors (4096K)
}
Event: 9.944 {heap Before GC invocations=23 (full 0):
 garbage-first heap   total reserved 2097152K, committed 136192K, used 121919K [0x0000000080000000, 0x0000000100000000)
  region size 1024K, 46 young (47104K), 4 survivors (4096K)
}
Event: 9.949 {heap After GC invocations=24 (full 0):
 garbage-first heap   total reserved 2097152K, committed 136192K, used 82345K [0x0000000080000000, 0x0000000100000000)
  region size 1024K, 5 young (5120K), 5 survivors (5120K)
}
Event: 10.503 {heap Before GC invocations=25 (full 0):
 garbage-first heap   total reserved 2097152K, committed 140288K, used 122281K [0x0000000080000000, 0x0000000100000000)
  region size 1024K, 45 young (46080K), 5 survivors (5120K)
}
Event: 10.512 {heap After GC invocations=26 (full 0):
 garbage-first heap   total reserved 2097152K, committed 140288K, used 84810K [0x0000000080000000, 0x0000000100000000)
  region size 1024K, 4 young (4096K), 4 survivors (4096K)
}
Event: 10.938 {heap Before GC invocations=26 (full 0):
 garbage-first heap   total reserved 2097152K, committed 140288K, used 127818K [0x0000000080000000, 0x0000000100000000)
  region size 1024K, 46 young (47104K), 4 survivors (4096K)
}
Event: 10.944 {heap After GC invocations=27 (full 0):
 garbage-first heap   total reserved 2097152K, committed 140288K, used 85940K [0x0000000080000000, 0x0000000100000000)
  region size 1024K, 6 young (6144K), 6 survivors (6144K)
}
Event: 11.234 {heap Before GC invocations=27 (full 0):
 garbage-first heap   total reserved 2097152K, committed 140288K, used 128948K [0x0000000080000000, 0x0000000100000000)
  region size 1024K, 49 young (50176K), 6 survivors (6144K)
}
Event: 11.242 {heap After GC invocations=28 (full 0):
 garbage-first heap   total reserved 2097152K, committed 168960K, used 89109K [0x0000000080000000, 0x0000000100000000)
  region size 1024K, 7 young (7168K), 7 survivors (7168K)
}
Event: 11.884 {heap Before GC invocations=29 (full 0):
 garbage-first heap   total reserved 2097152K, committed 168960K, used 151573K [0x0000000080000000, 0x0000000100000000)
  region size 1024K, 69 young (70656K), 7 survivors (7168K)
}
Event: 11.892 {heap After GC invocations=30 (full 0):
 garbage-first heap   total reserved 2097152K, committed 168960K, used 91968K [0x0000000080000000, 0x0000000100000000)
  region size 1024K, 8 young (8192K), 8 survivors (8192K)
}
Event: 12.058 {heap Before GC invocations=30 (full 0):
 garbage-first heap   total reserved 2097152K, committed 168960K, used 153408K [0x0000000080000000, 0x0000000100000000)
  region size 1024K, 68 young (69632K), 8 survivors (8192K)
}
Event: 12.095 {heap After GC invocations=31 (full 0):
 garbage-first heap   total reserved 2097152K, committed 203776K, used 131584K [0x0000000080000000, 0x0000000100000000)
  region size 1024K, 9 young (9216K), 9 survivors (9216K)
}
Event: 12.196 {heap Before GC invocations=31 (full 0):
 garbage-first heap   total reserved 2097152K, committed 203776K, used 166400K [0x0000000080000000, 0x0000000100000000)
  region size 1024K, 43 young (44032K), 9 survivors (9216K)
}
Event: 12.217 {heap After GC invocations=32 (full 0):
 garbage-first heap   total reserved 2097152K, committed 203776K, used 159232K [0x0000000080000000, 0x0000000100000000)
  region size 1024K, 6 young (6144K), 6 survivors (6144K)
}
Event: 12.258 {heap Before GC invocations=32 (full 0):
 garbage-first heap   total reserved 2097152K, committed 203776K, used 176640K [0x0000000080000000, 0x0000000100000000)
  region size 1024K, 23 young (23552K), 6 survivors (6144K)
}
Event: 12.269 {heap After GC invocations=33 (full 0):
 garbage-first heap   total reserved 2097152K, committed 203776K, used 173568K [0x0000000080000000, 0x0000000100000000)
  region size 1024K, 3 young (3072K), 3 survivors (3072K)
}
Event: 12.296 {heap Before GC invocations=33 (full 0):
 garbage-first heap   total reserved 2097152K, committed 203776K, used 183808K [0x0000000080000000, 0x0000000100000000)
  region size 1024K, 14 young (14336K), 3 survivors (3072K)
}
Event: 12.304 {heap After GC invocations=34 (full 0):
 garbage-first heap   total reserved 2097152K, committed 203776K, used 183296K [0x0000000080000000, 0x0000000100000000)
  region size 1024K, 2 young (2048K), 2 survivors (2048K)
}
Event: 12.380 {heap Before GC invocations=34 (full 0):
 garbage-first heap   total reserved 2097152K, committed 203776K, used 192512K [0x0000000080000000, 0x0000000100000000)
  region size 1024K, 9 young (9216K), 2 survivors (2048K)
}

Metaspace Usage History (20 events):
Event: 9.439 {metaspace After GC invocations=23 (full 0):
 Metaspace       used 60608K, committed 62528K, reserved 1114112K
  class space    used 8815K, committed 9728K, reserved 1048576K
}
Event: 9.944 {metaspace Before GC invocations=23 (full 0):
 Metaspace       used 60719K, committed 62592K, reserved 1114112K
  class space    used 8816K, committed 9728K, reserved 1048576K
}
Event: 9.949 {metaspace After GC invocations=24 (full 0):
 Metaspace       used 60719K, committed 62592K, reserved 1114112K
  class space    used 8816K, committed 9728K, reserved 1048576K
}
Event: 10.503 {metaspace Before GC invocations=25 (full 0):
 Metaspace       used 62558K, committed 64448K, reserved 1114112K
  class space    used 9065K, committed 9984K, reserved 1048576K
}
Event: 10.512 {metaspace After GC invocations=26 (full 0):
 Metaspace       used 62558K, committed 64448K, reserved 1114112K
  class space    used 9065K, committed 9984K, reserved 1048576K
}
Event: 10.938 {metaspace Before GC invocations=26 (full 0):
 Metaspace       used 66031K, committed 67968K, reserved 1114112K
  class space    used 9553K, committed 10496K, reserved 1048576K
}
Event: 10.944 {metaspace After GC invocations=27 (full 0):
 Metaspace       used 66031K, committed 67968K, reserved 1114112K
  class space    used 9553K, committed 10496K, reserved 1048576K
}
Event: 11.234 {metaspace Before GC invocations=27 (full 0):
 Metaspace       used 66300K, committed 68288K, reserved 1114112K
  class space    used 9599K, committed 10560K, reserved 1048576K
}
Event: 11.242 {metaspace After GC invocations=28 (full 0):
 Metaspace       used 66300K, committed 68288K, reserved 1114112K
  class space    used 9599K, committed 10560K, reserved 1048576K
}
Event: 11.884 {metaspace Before GC invocations=29 (full 0):
 Metaspace       used 67049K, committed 68992K, reserved 1114112K
  class space    used 9746K, committed 10688K, reserved 1048576K
}
Event: 11.892 {metaspace After GC invocations=30 (full 0):
 Metaspace       used 67049K, committed 68992K, reserved 1114112K
  class space    used 9746K, committed 10688K, reserved 1048576K
}
Event: 12.058 {metaspace Before GC invocations=30 (full 0):
 Metaspace       used 67223K, committed 69184K, reserved 1114112K
  class space    used 9756K, committed 10688K, reserved 1048576K
}
Event: 12.095 {metaspace After GC invocations=31 (full 0):
 Metaspace       used 67223K, committed 69184K, reserved 1114112K
  class space    used 9756K, committed 10688K, reserved 1048576K
}
Event: 12.196 {metaspace Before GC invocations=31 (full 0):
 Metaspace       used 67242K, committed 69184K, reserved 1114112K
  class space    used 9756K, committed 10688K, reserved 1048576K
}
Event: 12.217 {metaspace After GC invocations=32 (full 0):
 Metaspace       used 67242K, committed 69184K, reserved 1114112K
  class space    used 9756K, committed 10688K, reserved 1048576K
}
Event: 12.258 {metaspace Before GC invocations=32 (full 0):
 Metaspace       used 67251K, committed 69184K, reserved 1114112K
  class space    used 9756K, committed 10688K, reserved 1048576K
}
Event: 12.269 {metaspace After GC invocations=33 (full 0):
 Metaspace       used 67251K, committed 69184K, reserved 1114112K
  class space    used 9756K, committed 10688K, reserved 1048576K
}
Event: 12.296 {metaspace Before GC invocations=33 (full 0):
 Metaspace       used 67255K, committed 69184K, reserved 1114112K
  class space    used 9756K, committed 10688K, reserved 1048576K
}
Event: 12.304 {metaspace After GC invocations=34 (full 0):
 Metaspace       used 67255K, committed 69184K, reserved 1114112K
  class space    used 9756K, committed 10688K, reserved 1048576K
}
Event: 12.380 {metaspace Before GC invocations=34 (full 0):
 Metaspace       used 67272K, committed 69184K, reserved 1114112K
  class space    used 9756K, committed 10688K, reserved 1048576K
}

Dll operation events (14 events):
Event: 0.017 Loaded shared library C:\Users\Pc\.gradle\jdks\eclipse_adoptium-25-amd64-windows.2\bin\java.dll
Event: 0.094 Loaded shared library C:\Users\Pc\.gradle\jdks\eclipse_adoptium-25-amd64-windows.2\bin\zip.dll
Event: 0.098 Loaded shared library C:\Users\Pc\.gradle\jdks\eclipse_adoptium-25-amd64-windows.2\bin\instrument.dll
Event: 0.102 Loaded shared library C:\Users\Pc\.gradle\jdks\eclipse_adoptium-25-amd64-windows.2\bin\net.dll
Event: 0.104 Loaded shared library C:\Users\Pc\.gradle\jdks\eclipse_adoptium-25-amd64-windows.2\bin\nio.dll
Event: 0.107 Loaded shared library C:\Users\Pc\.gradle\jdks\eclipse_adoptium-25-amd64-windows.2\bin\zip.dll
Event: 0.240 Loaded shared library C:\Users\Pc\.gradle\jdks\eclipse_adoptium-25-amd64-windows.2\bin\jimage.dll
Event: 0.402 Loaded shared library C:\Users\Pc\.gradle\jdks\eclipse_adoptium-25-amd64-windows.2\bin\verify.dll
Event: 0.421 Loaded shared library C:\Users\Pc\.gradle\native\660c5614fbf4a5f2a75b1949f50a0caf5cd603558e7d8a26e50b933a0cfb79d1\windows-amd64\native-platform.dll
Event: 0.428 Loaded shared library C:\Users\Pc\.gradle\native\0.2.8\x86_64-windows-gnu\gradle-fileevents.dll
Event: 1.137 Loaded shared library C:\Users\Pc\.gradle\jdks\eclipse_adoptium-25-amd64-windows.2\bin\management.dll
Event: 1.141 Loaded shared library C:\Users\Pc\.gradle\jdks\eclipse_adoptium-25-amd64-windows.2\bin\management_ext.dll
Event: 1.288 Loaded shared library C:\Users\Pc\.gradle\jdks\eclipse_adoptium-25-amd64-windows.2\bin\extnet.dll
Event: 1.594 Loaded shared library C:\Users\Pc\.gradle\jdks\eclipse_adoptium-25-amd64-windows.2\bin\sunmscapi.dll

Deoptimization events (20 events):
Event: 12.254 Thread 0x000001be38f6a770 DEOPT PACKING pc=0x000001be1b8033b3 sp=0x00000049168f9c80
Event: 12.254 Thread 0x000001be38f6a770 DEOPT UNPACKING pc=0x000001be22b91702 sp=0x00000049168f9240 mode 0
Event: 12.256 Thread 0x000001be3698b3d0 DEOPT PACKING pc=0x000001be1b8033b3 sp=0x00000049167f9fb0
Event: 12.256 Thread 0x000001be38f6a770 DEOPT PACKING pc=0x000001be1b8033b3 sp=0x00000049168f9c80
Event: 12.256 Thread 0x000001be38f6a770 DEOPT UNPACKING pc=0x000001be22b91702 sp=0x00000049168f9240 mode 0
Event: 12.256 Thread 0x000001be3698b3d0 DEOPT UNPACKING pc=0x000001be22b91702 sp=0x00000049167f9570 mode 0
Event: 12.272 Thread 0x000001be38f6a770 DEOPT PACKING pc=0x000001be1b8033b3 sp=0x00000049168f9c80
Event: 12.272 Thread 0x000001be38f6a770 DEOPT UNPACKING pc=0x000001be22b91702 sp=0x00000049168f9240 mode 0
Event: 12.273 Thread 0x000001be3698b3d0 DEOPT PACKING pc=0x000001be1b8033b3 sp=0x00000049167f9fb0
Event: 12.273 Thread 0x000001be3698b3d0 DEOPT UNPACKING pc=0x000001be22b91702 sp=0x00000049167f9570 mode 0
Event: 12.278 Thread 0x000001be3698b3d0 DEOPT PACKING pc=0x000001be1b8033b3 sp=0x00000049167f9fb0
Event: 12.278 Thread 0x000001be3698b3d0 DEOPT UNPACKING pc=0x000001be22b91702 sp=0x00000049167f9570 mode 0
Event: 12.280 Thread 0x000001be3698b3d0 DEOPT PACKING pc=0x000001be1b8033b3 sp=0x00000049167f9fb0
Event: 12.280 Thread 0x000001be3698b3d0 DEOPT UNPACKING pc=0x000001be22b91702 sp=0x00000049167f9570 mode 0
Event: 12.282 Thread 0x000001be38f6a770 DEOPT PACKING pc=0x000001be1b8033b3 sp=0x00000049168f9c80
Event: 12.282 Thread 0x000001be38f6a770 DEOPT UNPACKING pc=0x000001be22b91702 sp=0x00000049168f9240 mode 0
Event: 12.285 Thread 0x000001be3698b3d0 DEOPT PACKING pc=0x000001be1b8033b3 sp=0x00000049167f9fb0
Event: 12.285 Thread 0x000001be3698b3d0 DEOPT UNPACKING pc=0x000001be22b91702 sp=0x00000049167f9570 mode 0
Event: 12.285 Thread 0x000001be38f6a770 DEOPT PACKING pc=0x000001be1b8033b3 sp=0x00000049168f9c80
Event: 12.285 Thread 0x000001be38f6a770 DEOPT UNPACKING pc=0x000001be22b91702 sp=0x00000049168f9240 mode 0

Classes loaded (20 events):
Event: 11.126 Loading class java/nio/file/FileTreeWalker$1
Event: 11.126 Loading class java/nio/file/FileTreeWalker$1 done
Event: 11.450 Loading class java/util/concurrent/LinkedBlockingDeque$Itr
Event: 11.451 Loading class java/util/concurrent/LinkedBlockingDeque$AbstractItr
Event: 11.451 Loading class java/util/concurrent/LinkedBlockingDeque$AbstractItr done
Event: 11.451 Loading class java/util/concurrent/LinkedBlockingDeque$Itr done
Event: 11.682 Loading class java/util/stream/SortedOps
Event: 11.683 Loading class java/util/stream/SortedOps done
Event: 11.683 Loading class java/util/stream/SortedOps$OfRef
Event: 11.683 Loading class java/util/stream/SortedOps$OfRef done
Event: 11.684 Loading class java/util/stream/SortedOps$SizedRefSortingSink
Event: 11.684 Loading class java/util/stream/SortedOps$AbstractRefSortingSink
Event: 11.684 Loading class java/util/stream/SortedOps$AbstractRefSortingSink done
Event: 11.684 Loading class java/util/stream/SortedOps$SizedRefSortingSink done
Event: 11.684 Loading class java/util/function/BooleanSupplier
Event: 11.685 Loading class java/util/function/BooleanSupplier done
Event: 11.685 Loading class java/util/LinkedList$LLSpliterator
Event: 11.685 Loading class java/util/LinkedList$LLSpliterator done
Event: 11.758 Loading class java/lang/reflect/Executable$ParameterData
Event: 11.758 Loading class java/lang/reflect/Executable$ParameterData done

Classes unloaded (0 events):
No events

Classes redefined (0 events):
No events

Internal exceptions (20 events):
Event: 10.364 Thread 0x000001be38f6a770 Exception <a 'sun/nio/fs/WindowsException'{0x000000008665c5e0}> (0x000000008665c5e0) 
thrown [s\src\hotspot\share\prims\jni.cpp, line 516]
Event: 10.527 Thread 0x000001be38f6a770 Exception <a 'java/lang/NullPointerException'{0x00000000884c8c18}> (0x00000000884c8c18) 
thrown [s\src\hotspot\share\interpreter\linkResolver.cpp, line 1522]
Event: 11.164 Thread 0x000001be3698b3d0 Exception <a 'sun/nio/fs/WindowsException'{0x00000000862559c0}> (0x00000000862559c0) 
thrown [s\src\hotspot\share\prims\jni.cpp, line 516]
Event: 11.164 Thread 0x000001be38f6a770 Exception <a 'sun/nio/fs/WindowsException'{0x0000000086289ba0}> (0x0000000086289ba0) 
thrown [s\src\hotspot\share\prims\jni.cpp, line 516]
Event: 11.165 Thread 0x000001be3698b3d0 Exception <a 'java/lang/NoSuchMethodError'{0x00000000862584e0}: 'int java.lang.invoke.DirectMethodHandle$Holder.invokeSpecial(java.lang.Object, java.lang.Object, java.lang.Object, java.lang.Object, java.lang.Object)'> (0x00000000862584e0) 
thrown [s\src\hotspot\share\interpreter\linkResolver.cpp, line 804]
Event: 11.165 Thread 0x000001be38f6a770 Exception <a 'java/lang/NoSuchMethodError'{0x000000008628f1f0}: 'int java.lang.invoke.DirectMethodHandle$Holder.invokeSpecial(java.lang.Object, java.lang.Object, java.lang.Object, java.lang.Object, java.lang.Object)'> (0x000000008628f1f0) 
thrown [s\src\hotspot\share\interpreter\linkResolver.cpp, line 804]
Event: 11.168 Thread 0x000001be3698b3d0 Exception <a 'sun/nio/fs/WindowsException'{0x00000000862dee50}> (0x00000000862dee50) 
thrown [s\src\hotspot\share\prims\jni.cpp, line 516]
Event: 11.169 Thread 0x000001be38f6a770 Exception <a 'sun/nio/fs/WindowsException'{0x00000000862b8eb0}> (0x00000000862b8eb0) 
thrown [s\src\hotspot\share\prims\jni.cpp, line 516]
Event: 11.169 Thread 0x000001be3698b3d0 Exception <a 'sun/nio/fs/WindowsException'{0x00000000862e2d68}> (0x00000000862e2d68) 
thrown [s\src\hotspot\share\prims\jni.cpp, line 516]
Event: 11.189 Thread 0x000001be3698b3d0 Exception <a 'sun/nio/fs/WindowsException'{0x00000000861dcb60}> (0x00000000861dcb60) 
thrown [s\src\hotspot\share\prims\jni.cpp, line 516]
Event: 11.189 Thread 0x000001be38f6a770 Exception <a 'sun/nio/fs/WindowsException'{0x000000008614d4b0}> (0x000000008614d4b0) 
thrown [s\src\hotspot\share\prims\jni.cpp, line 516]
Event: 11.189 Thread 0x000001be38f6a770 Exception <a 'sun/nio/fs/WindowsException'{0x000000008614f518}> (0x000000008614f518) 
thrown [s\src\hotspot\share\prims\jni.cpp, line 516]
Event: 11.189 Thread 0x000001be3698b3d0 Exception <a 'sun/nio/fs/WindowsException'{0x00000000861df040}> (0x00000000861df040) 
thrown [s\src\hotspot\share\prims\jni.cpp, line 516]
Event: 11.189 Thread 0x000001be38f6a770 Exception <a 'sun/nio/fs/WindowsException'{0x0000000086151bc0}> (0x0000000086151bc0) 
thrown [s\src\hotspot\share\prims\jni.cpp, line 516]
Event: 11.189 Thread 0x000001be38f6a770 Exception <a 'sun/nio/fs/WindowsException'{0x00000000861540e8}> (0x00000000861540e8) 
thrown [s\src\hotspot\share\prims\jni.cpp, line 516]
Event: 11.190 Thread 0x000001be3698b3d0 Exception <a 'sun/nio/fs/WindowsException'{0x00000000861e17d8}> (0x00000000861e17d8) 
thrown [s\src\hotspot\share\prims\jni.cpp, line 516]
Event: 11.190 Thread 0x000001be3698b3d0 Exception <a 'sun/nio/fs/WindowsException'{0x00000000861e3df0}> (0x00000000861e3df0) 
thrown [s\src\hotspot\share\prims\jni.cpp, line 516]
Event: 11.474 Thread 0x000001be3698b3d0 Exception <a 'java/lang/NoSuchMethodError'{0x0000000088f9b700}: static Ljava/lang/Object;.<clinit>()V> (0x0000000088f9b700) 
thrown [s\src\hotspot\share\prims\jni.cpp, line 1106]
Event: 11.957 Thread 0x000001be38f6a770 Exception <a 'java/lang/NoSuchMethodError'{0x00000000899a0ed8}: static Lorg/jetbrains/kotlin/gradle/internal/kapt/incremental/ClasspathEntryData;.<clinit>()V> (0x00000000899a0ed8) 
thrown [s\src\hotspot\share\prims\jni.cpp, line 1106]
Event: 11.957 Thread 0x000001be3698b3d0 Exception <a 'java/lang/NoSuchMethodError'{0x00000000899d7418}: static Lorg/jetbrains/kotlin/gradle/internal/kapt/incremental/ClasspathEntryData;.<clinit>()V> (0x00000000899d7418) 
thrown [s\src\hotspot\share\prims\jni.cpp, line 1106]

VM Operations (20 events):
Event: 11.300 Executing non-safepoint VM operation: HandshakeAllThreads (Deoptimize) done
Event: 11.330 Executing safepoint VM operation: G1PauseRemark
Event: 11.335 Executing safepoint VM operation: G1PauseRemark done
Event: 11.368 Executing safepoint VM operation: G1PauseCleanup
Event: 11.368 Executing safepoint VM operation: G1PauseCleanup done
Event: 11.458 Executing non-safepoint VM operation: HandshakeAllThreads (Deoptimize)
Event: 11.459 Executing non-safepoint VM operation: HandshakeAllThreads (Deoptimize) done
Event: 11.459 Executing non-safepoint VM operation: HandshakeAllThreads (Deoptimize)
Event: 11.460 Executing non-safepoint VM operation: HandshakeAllThreads (Deoptimize) done
Event: 11.884 Executing safepoint VM operation: G1CollectForAllocation (G1 Evacuation Pause)
Event: 11.892 Executing safepoint VM operation: G1CollectForAllocation (G1 Evacuation Pause) done
Event: 12.058 Executing safepoint VM operation: G1CollectForAllocation (G1 Evacuation Pause)
Event: 12.095 Executing safepoint VM operation: G1CollectForAllocation (G1 Evacuation Pause) done
Event: 12.196 Executing safepoint VM operation: G1CollectForAllocation (G1 Evacuation Pause)
Event: 12.217 Executing safepoint VM operation: G1CollectForAllocation (G1 Evacuation Pause) done
Event: 12.258 Executing safepoint VM operation: G1CollectForAllocation (G1 Evacuation Pause)
Event: 12.270 Executing safepoint VM operation: G1CollectForAllocation (G1 Evacuation Pause) done
Event: 12.296 Executing safepoint VM operation: G1CollectForAllocation (G1 Evacuation Pause)
Event: 12.304 Executing safepoint VM operation: G1CollectForAllocation (G1 Evacuation Pause) done
Event: 12.380 Executing safepoint VM operation: G1CollectForAllocation (G1 Evacuation Pause)

Memory protections (0 events):
No events

Nmethod flushes (20 events):
Event: 11.334 Thread 0x000001be12bbe8f0 flushing  nmethod 0x000001be1bf53808
Event: 11.334 Thread 0x000001be12bbe8f0 flushing  nmethod 0x000001be1bf58988
Event: 11.334 Thread 0x000001be12bbe8f0 flushing  nmethod 0x000001be1bf58e08
Event: 11.334 Thread 0x000001be12bbe8f0 flushing  nmethod 0x000001be1bf59108
Event: 11.334 Thread 0x000001be12bbe8f0 flushing  nmethod 0x000001be1bf6c788
Event: 11.334 Thread 0x000001be12bbe8f0 flushing  nmethod 0x000001be1bf6ea08
Event: 11.334 Thread 0x000001be12bbe8f0 flushing  nmethod 0x000001be1bf81f08
Event: 11.334 Thread 0x000001be12bbe8f0 flushing  nmethod 0x000001be1bfa9608
Event: 11.334 Thread 0x000001be12bbe8f0 flushing  nmethod 0x000001be1bfa9c08
Event: 11.334 Thread 0x000001be12bbe8f0 flushing  nmethod 0x000001be1bfd7808
Event: 11.334 Thread 0x000001be12bbe8f0 flushing  nmethod 0x000001be1bfd8988
Event: 11.334 Thread 0x000001be12bbe8f0 flushing  nmethod 0x000001be1bfd9508
Event: 11.334 Thread 0x000001be12bbe8f0 flushing  nmethod 0x000001be1c039f08
Event: 11.334 Thread 0x000001be12bbe8f0 flushing  nmethod 0x000001be1c03b908
Event: 11.334 Thread 0x000001be12bbe8f0 flushing  nmethod 0x000001be1c05c388
Event: 11.334 Thread 0x000001be12bbe8f0 flushing  nmethod 0x000001be1c05cc88
Event: 11.334 Thread 0x000001be12bbe8f0 flushing  nmethod 0x000001be1c05f508
Event: 11.334 Thread 0x000001be12bbe8f0 flushing  nmethod 0x000001be1c081188
Event: 11.334 Thread 0x000001be12bbe8f0 flushing  nmethod 0x000001be1c081608
Event: 11.334 Thread 0x000001be12bbe8f0 flushing  nmethod 0x000001be1c09cb08

Events (20 events):
Event: 5.035 Thread 0x000001be3698a430 Thread exited: 0x000001be3698a430
Event: 5.171 Thread 0x000001be2f6c4200 Thread exited: 0x000001be2f6c4200
Event: 5.221 Thread 0x000001be2f3c80f0 Thread added: 0x000001be35aae000
Event: 5.312 Thread 0x000001be35968d60 Thread added: 0x000001be3698ea80
Event: 5.350 Thread 0x000001be35968d60 Thread added: 0x000001be36989490
Event: 5.778 Thread 0x000001be35968d60 Thread added: 0x000001be3698e2b0
Event: 5.878 Thread 0x000001be35968d60 Thread added: 0x000001be3809aae0
Event: 6.115 Thread 0x000001be35968d60 Thread added: 0x000001be3809d9c0
Event: 6.130 Thread 0x000001be35968d60 Thread added: 0x000001be3809a310
Event: 6.234 Thread 0x000001be3698e2b0 Thread exited: 0x000001be3698e2b0
Event: 6.864 Thread 0x000001be35968d60 Thread added: 0x000001be3809ca20
Event: 7.741 Thread 0x000001be35968d60 Thread added: 0x000001be38098ba0
Event: 7.763 Thread 0x000001be38098ba0 Thread added: 0x000001be3698b3d0
Event: 7.763 Thread 0x000001be38098ba0 Thread added: 0x000001be38f6a770
Event: 7.763 Thread 0x000001be38098ba0 Thread added: 0x000001be38f6af40
Event: 7.785 Thread 0x000001be38f6a770 Thread added: 0x000001be38f6b710
Event: 7.916 Thread 0x000001be38f6af40 Thread added: 0x000001be38f6c6b0
Event: 7.920 Thread 0x000001be38f6af40 Thread added: 0x000001be38f69fa0
Event: 7.928 Thread 0x000001be38f6af40 Thread added: 0x000001be38d8f270
Event: 8.318 Thread 0x000001be3809d9c0 Thread added: 0x000001be38d930f0


Dynamic libraries:
0x00007ff6f82d0000 - 0x00007ff6f82de000 	C:\Users\Pc\.gradle\jdks\eclipse_adoptium-25-amd64-windows.2\bin\java.exe
0x00007fff39dd0000 - 0x00007fff39fc8000 	C:\Windows\SYSTEM32\ntdll.dll
0x00007fff39cc0000 - 0x00007fff39d82000 	C:\Windows\System32\KERNEL32.DLL
0x00007fff37740000 - 0x00007fff37a36000 	C:\Windows\System32\KERNELBASE.dll
0x00007fff37b80000 - 0x00007fff37c80000 	C:\Windows\System32\ucrtbase.dll
0x00007fff14e00000 - 0x00007fff14e16000 	C:\Users\Pc\.gradle\jdks\eclipse_adoptium-25-amd64-windows.2\bin\jli.dll
0x00007fff14e20000 - 0x00007fff14e3e000 	C:\Users\Pc\.gradle\jdks\eclipse_adoptium-25-amd64-windows.2\bin\VCRUNTIME140.dll
0x00007fff37fc0000 - 0x00007fff38161000 	C:\Windows\System32\USER32.dll
0x00007fff23b90000 - 0x00007fff23e2b000 	C:\Windows\WinSxS\amd64_microsoft.windows.common-controls_6595b64144ccf1df_6.0.19041.6456_none_60b8a6cb71f64256\COMCTL32.dll
0x00007fff375f0000 - 0x00007fff37612000 	C:\Windows\System32\win32u.dll
0x00007fff394a0000 - 0x00007fff3953e000 	C:\Windows\System32\msvcrt.dll
0x00007fff39a20000 - 0x00007fff39a4b000 	C:\Windows\System32\GDI32.dll
0x00007fff37c80000 - 0x00007fff37d99000 	C:\Windows\System32\gdi32full.dll
0x00007fff376a0000 - 0x00007fff3773d000 	C:\Windows\System32\msvcp_win.dll
0x00007fff39b70000 - 0x00007fff39b9f000 	C:\Windows\System32\IMM32.DLL
0x00007fff15130000 - 0x00007fff1513c000 	C:\Users\Pc\.gradle\jdks\eclipse_adoptium-25-amd64-windows.2\bin\vcruntime140_1.dll
0x00007fff0b8c0000 - 0x00007fff0b94d000 	C:\Users\Pc\.gradle\jdks\eclipse_adoptium-25-amd64-windows.2\bin\msvcp140.dll
0x00007ffef4f10000 - 0x00007ffef5e3a000 	C:\Users\Pc\.gradle\jdks\eclipse_adoptium-25-amd64-windows.2\bin\server\jvm.dll
0x00007fff39ab0000 - 0x00007fff39b61000 	C:\Windows\System32\ADVAPI32.dll
0x00007fff37df0000 - 0x00007fff37e8f000 	C:\Windows\System32\sechost.dll
0x00007fff39380000 - 0x00007fff394a0000 	C:\Windows\System32\RPCRT4.dll
0x00007fff37460000 - 0x00007fff37487000 	C:\Windows\System32\bcrypt.dll
0x00007fff39310000 - 0x00007fff3937b000 	C:\Windows\System32\WS2_32.dll
0x00007fff372c0000 - 0x00007fff3730b000 	C:\Windows\SYSTEM32\POWRPROF.dll
0x00007fff14f60000 - 0x00007fff14f87000 	C:\Windows\SYSTEM32\WINMM.dll
0x00007fff32c60000 - 0x00007fff32c6a000 	C:\Windows\SYSTEM32\VERSION.dll
0x00007fff372a0000 - 0x00007fff372b2000 	C:\Windows\SYSTEM32\UMPDC.dll
0x00007fff352f0000 - 0x00007fff35302000 	C:\Windows\SYSTEM32\kernel.appcore.dll
0x00007fff14df0000 - 0x00007fff14dfa000 	C:\Users\Pc\.gradle\jdks\eclipse_adoptium-25-amd64-windows.2\bin\jimage.dll
0x00007fff24490000 - 0x00007fff24691000 	C:\Windows\SYSTEM32\DBGHELP.DLL
0x00007fff211d0000 - 0x00007fff21204000 	C:\Windows\SYSTEM32\dbgcore.DLL
0x00007fff37af0000 - 0x00007fff37b72000 	C:\Windows\System32\bcryptPrimitives.dll
0x00007fff14d00000 - 0x00007fff14d0f000 	C:\Users\Pc\.gradle\jdks\eclipse_adoptium-25-amd64-windows.2\bin\instrument.dll
0x00007fff0c430000 - 0x00007fff0c44e000 	C:\Users\Pc\.gradle\jdks\eclipse_adoptium-25-amd64-windows.2\bin\java.dll
0x00007fff389b0000 - 0x00007fff38adb000 	C:\Windows\System32\ole32.dll
0x00007fff396c0000 - 0x00007fff39a14000 	C:\Windows\System32\combase.dll
0x00007fff38ba0000 - 0x00007fff39310000 	C:\Windows\System32\SHELL32.dll
0x00007fff354f0000 - 0x00007fff35c95000 	C:\Windows\SYSTEM32\windows.storage.dll
0x00007fff36db0000 - 0x00007fff36ddb000 	C:\Windows\SYSTEM32\Wldp.dll
0x00007fff37e90000 - 0x00007fff37f5d000 	C:\Windows\System32\OLEAUT32.dll
0x00007fff38af0000 - 0x00007fff38b9d000 	C:\Windows\System32\SHCORE.dll
0x00007fff37f60000 - 0x00007fff37fbb000 	C:\Windows\System32\shlwapi.dll
0x00007fff37390000 - 0x00007fff373b4000 	C:\Windows\SYSTEM32\profapi.dll
0x00007fff0c410000 - 0x00007fff0c426000 	C:\Users\Pc\.gradle\jdks\eclipse_adoptium-25-amd64-windows.2\bin\zip.dll
0x00007fff0c3f0000 - 0x00007fff0c401000 	C:\Users\Pc\.gradle\jdks\eclipse_adoptium-25-amd64-windows.2\bin\net.dll
0x00007fff36b10000 - 0x00007fff36b7a000 	C:\Windows\system32\mswsock.dll
0x00007fff0c3d0000 - 0x00007fff0c3e6000 	C:\Users\Pc\.gradle\jdks\eclipse_adoptium-25-amd64-windows.2\bin\nio.dll
0x00007fff12930000 - 0x00007fff12940000 	C:\Users\Pc\.gradle\jdks\eclipse_adoptium-25-amd64-windows.2\bin\verify.dll
0x00007fff188a0000 - 0x00007fff188c7000 	C:\Users\Pc\.gradle\native\660c5614fbf4a5f2a75b1949f50a0caf5cd603558e7d8a26e50b933a0cfb79d1\windows-amd64\native-platform.dll
0x00007fff31120000 - 0x00007fff31197000 	C:\Users\Pc\.gradle\native\0.2.8\x86_64-windows-gnu\gradle-fileevents.dll
0x00007fff0bf80000 - 0x00007fff0bf8a000 	C:\Users\Pc\.gradle\jdks\eclipse_adoptium-25-amd64-windows.2\bin\management.dll
0x00007fff0bf70000 - 0x00007fff0bf7c000 	C:\Users\Pc\.gradle\jdks\eclipse_adoptium-25-amd64-windows.2\bin\management_ext.dll
0x00007fff389a0000 - 0x00007fff389a8000 	C:\Windows\System32\PSAPI.DLL
0x00007fff367f0000 - 0x00007fff3682b000 	C:\Windows\SYSTEM32\IPHLPAPI.DLL
0x00007fff39540000 - 0x00007fff39548000 	C:\Windows\System32\NSI.dll
0x00007fff0bf60000 - 0x00007fff0bf69000 	C:\Users\Pc\.gradle\jdks\eclipse_adoptium-25-amd64-windows.2\bin\extnet.dll
0x00007fff36d10000 - 0x00007fff36d28000 	C:\Windows\SYSTEM32\CRYPTSP.dll
0x00007fff36430000 - 0x00007fff36468000 	C:\Windows\system32\rsaenh.dll
0x00007fff37350000 - 0x00007fff3737e000 	C:\Windows\SYSTEM32\USERENV.dll
0x00007fff36d00000 - 0x00007fff36d0c000 	C:\Windows\SYSTEM32\CRYPTBASE.dll
0x00007fff0bf40000 - 0x00007fff0bf4e000 	C:\Users\Pc\.gradle\jdks\eclipse_adoptium-25-amd64-windows.2\bin\sunmscapi.dll
0x00007fff37490000 - 0x00007fff375ed000 	C:\Windows\System32\CRYPT32.dll
0x00007fff36e20000 - 0x00007fff36e47000 	C:\Windows\SYSTEM32\ncrypt.dll
0x00007fff36de0000 - 0x00007fff36e1b000 	C:\Windows\SYSTEM32\NTASN1.dll
0x00007fff32c10000 - 0x00007fff32c17000 	C:\Windows\system32\wshunix.dll

JVMTI agents:
C:\Users\Pc\.gradle\wrapper\dists\gradle-9.6.0-bin\42k10rwplmzkhuboz9kdazi7s\gradle-9.6.0\lib\agents\gradle-instrumentation-agent-9.6.0.jar path:C:\Users\Pc\.gradle\jdks\eclipse_adoptium-25-amd64-windows.2\bin\instrument.dll, loaded, initialized, instrumentlib options:none

dbghelp: loaded successfully - version: 4.0.5 - missing functions: none
symbol engine: initialized successfully - sym options: 0x614 - pdb path: .;C:\Users\Pc\.gradle\jdks\eclipse_adoptium-25-amd64-windows.2\bin;C:\Windows\SYSTEM32;C:\Windows\WinSxS\amd64_microsoft.windows.common-controls_6595b64144ccf1df_6.0.19041.6456_none_60b8a6cb71f64256;C:\Users\Pc\.gradle\jdks\eclipse_adoptium-25-amd64-windows.2\bin\server;C:\Users\Pc\.gradle\native\660c5614fbf4a5f2a75b1949f50a0caf5cd603558e7d8a26e50b933a0cfb79d1\windows-amd64;C:\Users\Pc\.gradle\native\0.2.8\x86_64-windows-gnu

VM Arguments:
jvm_args: --add-opens=java.base/java.lang=ALL-UNNAMED --add-opens=java.base/java.lang.invoke=ALL-UNNAMED --add-opens=java.base/java.util=ALL-UNNAMED --add-opens=java.prefs/java.util.prefs=ALL-UNNAMED --add-exports=jdk.compiler/com.sun.tools.javac.api=ALL-UNNAMED --add-exports=jdk.compiler/com.sun.tools.javac.util=ALL-UNNAMED --add-opens=java.base/java.nio.charset=ALL-UNNAMED --add-opens=java.base/java.net=ALL-UNNAMED --add-opens=java.base/java.util.concurrent=ALL-UNNAMED --add-opens=java.base/java.util.concurrent.atomic=ALL-UNNAMED --add-opens=java.xml/javax.xml.namespace=ALL-UNNAMED --add-opens=java.base/java.time=ALL-UNNAMED --enable-native-access=ALL-UNNAMED -Xmx2048m -Dfile.encoding=UTF-8 -Duser.country=US -Duser.language=en -Duser.variant -javaagent:C:\Users\Pc\.gradle\wrapper\dists\gradle-9.6.0-bin\42k10rwplmzkhuboz9kdazi7s\gradle-9.6.0\lib\agents\gradle-instrumentation-agent-9.6.0.jar 
java_command: org.gradle.launcher.daemon.bootstrap.GradleDaemon 9.6.0
java_class_path (initial): C:\Users\Pc\.gradle\wrapper\dists\gradle-9.6.0-bin\42k10rwplmzkhuboz9kdazi7s\gradle-9.6.0\lib\gradle-daemon-main-9.6.0.jar
Launcher Type: SUN_STANDARD

[Global flags]
     intx CICompilerCount                          = 3                                         {product} {ergonomic}
     uint ConcGCThreads                            = 1                                         {product} {ergonomic}
     uint G1ConcRefinementThreads                  = 4                                         {product} {ergonomic}
   size_t G1HeapRegionSize                         = 1048576                                   {product} {ergonomic}
   size_t InitialHeapSize                          = 134217728                                 {product} {ergonomic}
   size_t MarkStackSize                            = 4194304                                   {product} {ergonomic}
   size_t MarkStackSizeMax                         = 536870912                                 {product} {ergonomic}
   size_t MaxHeapSize                              = 2147483648                                {product} {command line}
   size_t MaxNewSize                               = 1287651328                                {product} {ergonomic}
   size_t MinHeapDeltaBytes                        = 1048576                                   {product} {ergonomic}
   size_t MinHeapSize                              = 8388608                                   {product} {ergonomic}
    uintx NonNMethodCodeHeapSize                   = 5898240                                {pd product} {ergonomic}
    uintx NonProfiledCodeHeapSize                  = 122945536                              {pd product} {ergonomic}
    uintx ProfiledCodeHeapSize                     = 122945536                              {pd product} {ergonomic}
    uintx ReservedCodeCacheSize                    = 251789312                              {pd product} {ergonomic}
     bool SegmentedCodeCache                       = true                                      {product} {ergonomic}
   size_t SoftMaxHeapSize                          = 2147483648                             {manageable} {ergonomic}
     bool UseCompressedOops                        = true                           {product lp64_product} {ergonomic}
     bool UseG1GC                                  = true                                      {product} {ergonomic}
     bool UseLargePagesIndividualAllocation        = false                                  {pd product} {ergonomic}

Logging:
Log output configuration:
 #0: stdout all=warning uptime,level,tags foldmultilines=false
 #1: stderr all=off uptime,level,tags foldmultilines=false

Release file:
IMPLEMENTOR="Eclipse Adoptium" 
IMPLEMENTOR_VERSION="Temurin-25.0.3+9" 
JAVA_RUNTIME_VERSION="25.0.3+9-LTS" 
JAVA_VERSION="25.0.3" 
JAVA_VERSION_DATE="2026-04-21" 
LIBC="default" 
MODULES="java.base java.compiler java.datatransfer java.xml java.prefs java.desktop java.instrument java.logging java.management java.security.sasl java.naming java.rmi java.management.rmi java.net.http java.scripting java.security.jgss java.transaction.xa java.sql java.sql.rowset java.xml.crypto java.se java.smartcardio jdk.accessibility jdk.internal.jvmstat jdk.attach jdk.charsets jdk.internal.opt jdk.zipfs jdk.compiler jdk.crypto.cryptoki jdk.crypto.ec jdk.crypto.mscapi jdk.dynalink jdk.internal.ed jdk.editpad jdk.internal.vm.ci jdk.graal.compiler jdk.graal.compiler.management jdk.hotspot.agent jdk.httpserver jdk.incubator.vector jdk.internal.le jdk.internal.md jdk.jartool jdk.javadoc jdk.jcmd jdk.management jdk.management.agent jdk.jconsole jdk.jdeps jdk.jdwp.agent jdk.jdi jdk.jfr jdk.jlink jdk.jpackage jdk.jshell jdk.jsobject jdk.jstatd jdk.localedata jdk.management.jfr jdk.naming.dns jdk.naming.rmi jdk.net jdk.nio.mapmode jdk.sctp jdk.security.auth jdk.security.jgss jdk.unsupported jdk.unsupported.desktop jdk.xml.dom" 
OS_ARCH="x86_64" 
OS_NAME="Windows" 
SOURCE=".:git:cda0a1776184" 
BUILD_SOURCE="git:a612825ee82a20ac872d60958c349854c1f29a8e"
BUILD_SOURCE_REPO="https://github.com/adoptium/temurin-build.git"
SOURCE_REPO="https://github.com/adoptium/jdk25u.git"
FULL_VERSION="25.0.3+9-LTS"
SEMANTIC_VERSION="25.0.3+9"
BUILD_INFO="OS: Windows Server 2022 Version: 10.0"
JVM_VARIANT="Hotspot"
JVM_VERSION="25.0.3+9-LTS"
IMAGE_TYPE="JDK"

Environment Variables:
JAVA_HOME=C:\Program Files\Java\jdk-21
PATH=C:\Program Files\Common Files\Oracle\Java\javapath;C:\Windows\system32;C:\Windows;C:\Windows\System32\Wbem;C:\Windows\System32\WindowsPowerShell\v1.0\;C:\Windows\System32\OpenSSH\;C:\Program Files\Git\cmd;C:\Program Files\Java\jdk-21\bin;C:\Program Files\nodejs\;C:\Users\Pc\AppData\Local\Programs\Python\Python312\Scripts\;C:\Users\Pc\AppData\Local\Programs\Python\Python312\;C:\Users\Pc\AppData\Local\Programs\Python\Python313\Scripts\;C:\Users\Pc\AppData\Local\Programs\Python\Python313\;C:\Users\Pc\AppData\Local\Programs\Python\Python314\Scripts\;C:\Users\Pc\AppData\Local\Programs\Python\Python314\;C:\Users\Pc\AppData\Local\Programs\Python\Launcher\;C:\Users\Pc\.local\bin;C:\Program Files\MySQL\MySQL Shell 8.0\bin\;C:\Users\Pc\AppData\Local\Microsoft\WindowsApps;C:\MinGW\bin;C:\Users\Pc\AppData\Local\GitHubDesktop\bin;C:\Users\Pc\AppData\Local\Programs\Microsoft VS Code\bin;C:\Users\Pc\AppData\Local\Programs\MiKTeX\miktex\bin\x64\;C:\Users\Pc\AppData\Local\Microsoft\WinGet\Packages\Gyan.FFmpeg_Microsoft.Winget.Source_8wekyb3d8bbwe\ffmpeg-9.0.1-full_build\bin;C:\Users\Pc\AppData\Roaming\npm
USERNAME=Pc
OS=Windows_NT
PROCESSOR_IDENTIFIER=Intel64 Family 6 Model 158 Stepping 9, GenuineIntel
TMP=C:\Users\Pc\AppData\Local\Temp
TEMP=C:\Users\Pc\AppData\Local\Temp




Compilation memory statistics disabled.

Periodic native trim disabled

---------------  S Y S T E M  ---------------

OS:
 Windows 10 , 64 bit Build 19041 (10.0.19041.5915)
OS uptime: 0 days 9:05 hours

CPU: total 4 (initial active 4) (4 cores per cpu, 1 threads per core) family 6 model 158 stepping 9 microcode 0xca, cx8, cmov, fxsr, mmx, 3dnowpref, sse, sse2, sse3, ssse3, sse4.1, sse4.2, popcnt, lzcnt, tsc, tscinvbit, avx, avx2, aes, erms, clmul, bmi1, bmi2, rtm, adx, fma, vzeroupper, clflush, clflushopt, rdtscp, f16c
Processor Information for the first 4 processors :
  Max Mhz: 3408, Current Mhz: 3408, Mhz Limit: 3408

Memory: 4k page, system-wide physical 8109M (302M free)
TotalPageFile size 23291M (AvailPageFile size 253M)
current process WorkingSet (physical memory assigned to process): 403M, peak: 404M
current process commit charge ("private bytes"): 455M, peak: 745M

vm_info: OpenJDK 64-Bit Server VM (25.0.3+9-LTS) for windows-amd64 JRE (25.0.3+9-LTS), built on 2026-04-21T00:00:00Z with MS VC++ 17.12 (VS2022)

END.
