#
# There is insufficient memory for the Java Runtime Environment to continue.
# Native memory allocation (malloc) failed to allocate 3125848 bytes. Error detail: Chunk::new
# Possible reasons:
#   The system is out of physical RAM or swap space
#   This process is running with CompressedOops enabled, and the Java Heap may be blocking the growth of the native heap
# Possible solutions:
#   Reduce memory load on the system
#   Increase physical memory or swap space
#   Check if swap backing store is full
#   Decrease Java heap size (-Xmx/-Xms)
#   Decrease number of Java threads
#   Decrease Java thread stack sizes (-Xss)
#   Set larger code cache with -XX:ReservedCodeCacheSize=
#   JVM is running with Unscaled Compressed Oops mode in which the Java heap is
#     placed in the first 4GB address space. The Java Heap base address is the
#     maximum limit for the native heap growth. Please use -XX:HeapBaseMinAddress
#     to set the Java Heap base and to place the Java Heap above 4GB virtual address.
# This output file may be truncated or incomplete.
#
#  Out of Memory Error (arena.cpp:186), pid=21912, tid=10516
#
# JRE version: OpenJDK Runtime Environment Temurin-25.0.3+9 (25.0.3+9) (build 25.0.3+9-LTS)
# Java VM: OpenJDK 64-Bit Server VM Temurin-25.0.3+9 (25.0.3+9-LTS, mixed mode, sharing, tiered, compressed oops, compressed class ptrs, g1 gc, windows-amd64)
# No core dump will be written. Minidumps are not enabled by default on client versions of Windows
#

---------------  S U M M A R Y ------------

Command Line: --add-opens=java.base/java.lang=ALL-UNNAMED --add-opens=java.base/java.lang.invoke=ALL-UNNAMED --add-opens=java.base/java.util=ALL-UNNAMED --add-opens=java.prefs/java.util.prefs=ALL-UNNAMED --add-exports=jdk.compiler/com.sun.tools.javac.api=ALL-UNNAMED --add-exports=jdk.compiler/com.sun.tools.javac.util=ALL-UNNAMED --add-opens=java.base/java.nio.charset=ALL-UNNAMED --add-opens=java.base/java.net=ALL-UNNAMED --add-opens=java.base/java.util.concurrent=ALL-UNNAMED --add-opens=java.base/java.util.concurrent.atomic=ALL-UNNAMED --add-opens=java.xml/javax.xml.namespace=ALL-UNNAMED --add-opens=java.base/java.time=ALL-UNNAMED --enable-native-access=ALL-UNNAMED -Xmx2048m -Dfile.encoding=UTF-8 -Duser.country=US -Duser.language=en -Duser.variant -javaagent:C:\Users\Pc\.gradle\wrapper\dists\gradle-9.6.0-bin\42k10rwplmzkhuboz9kdazi7s\gradle-9.6.0\lib\agents\gradle-instrumentation-agent-9.6.0.jar org.gradle.launcher.daemon.bootstrap.GradleDaemon 9.6.0

Host: Intel(R) Core(TM) i5-7500 CPU @ 3.40GHz, 4 cores, 7G,  Windows 10 , 64 bit Build 19041 (10.0.19041.5915)
Time: Fri Sep 25 02:13:15 2026 Bangladesh Standard Time elapsed time: 41.591751 seconds (0d 0h 0m 41s)

---------------  T H R E A D  ---------------

Current thread (0x000001eb7f00e0d0):  JavaThread "C2 CompilerThread0" daemon [_thread_in_native, id=10516, stack(0x000000ae59a00000,0x000000ae59b00000) (1024K)]


Current CompileTask:
C2:41591 12346       4       java.util.ComparableTimSort::sort (219 bytes)

Stack: [0x000000ae59a00000,0x000000ae59b00000]
Native frames: (J=compiled Java code, j=interpreted, Vv=VM code, C=native code)
V  [jvm.dll+0x7aa709]  (no source info available)
V  [jvm.dll+0x7749ed]  (no source info available)
V  [jvm.dll+0x9f7433]  (no source info available)
V  [jvm.dll+0x9f9a21]  (no source info available)
V  [jvm.dll+0x9fa133]  (no source info available)
V  [jvm.dll+0x2fd266]  (no source info available)
V  [jvm.dll+0x1113c6]  (no source info available)
V  [jvm.dll+0x1116ee]  (no source info available)
V  [jvm.dll+0x1a0342]  (no source info available)
V  [jvm.dll+0x3b67e2]  (no source info available)
V  [jvm.dll+0x7b007c]  (no source info available)
V  [jvm.dll+0x2c0847]  (no source info available)
V  [jvm.dll+0x2bf80f]  (no source info available)
V  [jvm.dll+0x2374a0]  (no source info available)
V  [jvm.dll+0x2cf906]  (no source info available)
V  [jvm.dll+0x2cdb8a]  (no source info available)
V  [jvm.dll+0x49070e]  (no source info available)
V  [jvm.dll+0x99894d]  (no source info available)
V  [jvm.dll+0x7a8ce5]  (no source info available)
C  [ucrtbase.dll+0x21bb2]  (no source info available)
C  [KERNEL32.DLL+0x17374]  (no source info available)
C  [ntdll.dll+0x4cc91]  (no source info available)

Lock stack of current Java thread (top to bottom):


---------------  P R O C E S S  ---------------

Threads class SMR info:
_java_thread_list=0x000001eb20687c80, length=60, elements={
0x000001eb7a1cc210, 0x000001eb7f002150, 0x000001eb7f003130, 0x000001eb7f005670,
0x000001eb7f006230, 0x000001eb7f00c3c0, 0x000001eb7f00b8a0, 0x000001eb7f00e0d0,
0x000001eb7f0150f0, 0x000001eb17b837d0, 0x000001eb17c0b660, 0x000001eb1e0f4580,
0x000001eb1e034c10, 0x000001eb1df6f740, 0x000001eb1e062aa0, 0x000001eb1e02a610,
0x000001eb1e02ec60, 0x000001eb1e02fc00, 0x000001eb1e031370, 0x000001eb1e02b5b0,
0x000001eb1e02bd80, 0x000001eb17bb5110, 0x000001eb1e17e9c0, 0x000001eb1e1810d0,
0x000001eb1e17da20, 0x000001eb1e180130, 0x000001eb1e1837e0, 0x000001eb1e17c2b0,
0x000001eb1e17e1f0, 0x000001eb1e182070, 0x000001eb201a6f00, 0x000001eb201a47f0,
0x000001eb1f4d3810, 0x000001eb1f4d0160, 0x000001eb1f4d47b0, 0x000001eb1f4d5750,
0x000001eb1f4d2870, 0x000001eb1f4cf1c0, 0x000001eb1f4d3040, 0x000001eb201a5f60,
0x000001eb2189a260, 0x000001eb2189e8b0, 0x000001eb2189d140, 0x000001eb2189aa30,
0x000001eb2189b9d0, 0x000001eb2159d2a0, 0x000001eb2159da70, 0x000001eb21598480,
0x000001eb21598c50, 0x000001eb21599bf0, 0x000001eb212703d0, 0x000001eb2126dcc0,
0x000001eb212732b0, 0x000001eb21271370, 0x000001eb21272ae0, 0x000001eb21272310,
0x000001eb2126fc00, 0x000001eb21270ba0, 0x000001eb220c9630, 0x000001eb220ca5d0
}

Java Threads: ( => current thread )
  0x000001eb7a1cc210 JavaThread "main"                              [_thread_blocked, id=18872, stack(0x000000ae58c00000,0x000000ae58d00000) (1024K)]
  0x000001eb7f002150 JavaThread "Reference Handler"          daemon [_thread_blocked, id=21296, stack(0x000000ae59400000,0x000000ae59500000) (1024K)]
  0x000001eb7f003130 JavaThread "Finalizer"                  daemon [_thread_blocked, id=17024, stack(0x000000ae59500000,0x000000ae59600000) (1024K)]
  0x000001eb7f005670 JavaThread "Signal Dispatcher"          daemon [_thread_blocked, id=17028, stack(0x000000ae59600000,0x000000ae59700000) (1024K)]
  0x000001eb7f006230 JavaThread "Attach Listener"            daemon [_thread_blocked, id=11712, stack(0x000000ae59700000,0x000000ae59800000) (1024K)]
  0x000001eb7f00c3c0 JavaThread "Service Thread"             daemon [_thread_blocked, id=20740, stack(0x000000ae59800000,0x000000ae59900000) (1024K)]
  0x000001eb7f00b8a0 JavaThread "Monitor Deflation Thread"   daemon [_thread_blocked, id=7108, stack(0x000000ae59900000,0x000000ae59a00000) (1024K)]
=>0x000001eb7f00e0d0 JavaThread "C2 CompilerThread0"         daemon [_thread_in_native, id=10516, stack(0x000000ae59a00000,0x000000ae59b00000) (1024K)]
  0x000001eb7f0150f0 JavaThread "C1 CompilerThread0"         daemon [_thread_blocked, id=21896, stack(0x000000ae59b00000,0x000000ae59c00000) (1024K)]
  0x000001eb17b837d0 JavaThread "Common-Cleaner"             daemon [_thread_blocked, id=21812, stack(0x000000ae59c00000,0x000000ae59d00000) (1024K)]
  0x000001eb17c0b660 JavaThread "Notification Thread"        daemon [_thread_blocked, id=21920, stack(0x000000ae59d00000,0x000000ae59e00000) (1024K)]
  0x000001eb1e0f4580 JavaThread "Daemon health stats"               [_thread_blocked, id=14052, stack(0x000000ae5a200000,0x000000ae5a300000) (1024K)]
  0x000001eb1e034c10 JavaThread "Incoming local TCP Connector on port 50314"        [_thread_in_native, id=21888, stack(0x000000ae5a300000,0x000000ae5a400000) (1024K)]
  0x000001eb1df6f740 JavaThread "Daemon periodic checks"            [_thread_blocked, id=21776, stack(0x000000ae5a400000,0x000000ae5a500000) (1024K)]
  0x000001eb1e062aa0 JavaThread "Daemon"                            [_thread_blocked, id=21948, stack(0x000000ae59e00000,0x000000ae59f00000) (1024K)]
  0x000001eb1e02a610 JavaThread "Handler for socket connection from /127.0.0.1:50314 to /127.0.0.1:50315"        [_thread_in_native, id=21928, stack(0x000000ae5a500000,0x000000ae5a600000) (1024K)]
  0x000001eb1e02ec60 JavaThread "Cancel handler"                    [_thread_blocked, id=21860, stack(0x000000ae5a600000,0x000000ae5a700000) (1024K)]
  0x000001eb1e02fc00 JavaThread "Daemon worker"                     [_thread_blocked, id=10628, stack(0x000000ae5a700000,0x000000ae5a800000) (1024K)]
  0x000001eb1e031370 JavaThread "Asynchronous log dispatcher for DefaultDaemonConnection: socket connection from /127.0.0.1:50314 to /127.0.0.1:50315"        [_thread_blocked, id=21932, stack(0x000000ae5a800000,0x000000ae5a900000) (1024K)]
  0x000001eb1e02b5b0 JavaThread "Stdin handler"                     [_thread_blocked, id=8392, stack(0x000000ae5a900000,0x000000ae5aa00000) (1024K)]
  0x000001eb1e02bd80 JavaThread "Daemon client event forwarder"        [_thread_blocked, id=21884, stack(0x000000ae5aa00000,0x000000ae5ab00000) (1024K)]
  0x000001eb17bb5110 JavaThread "Cache worker for journal cache (C:\Users\Pc\.gradle\caches\journal-1)"        [_thread_blocked, id=21880, stack(0x000000ae5ab00000,0x000000ae5ac00000) (1024K)]
  0x000001eb1e17e9c0 JavaThread "File lock request listener"        [_thread_in_native, id=19856, stack(0x000000ae5ac00000,0x000000ae5ad00000) (1024K)]
  0x000001eb1e1810d0 JavaThread "Cache worker for file hash cache (C:\Users\Pc\.gradle\caches\9.6.0\fileHashes)"        [_thread_blocked, id=21864, stack(0x000000ae5ad00000,0x000000ae5ae00000) (1024K)]
  0x000001eb1e17da20 JavaThread "Cache worker for file hash cache (C:\Users\Pc\AndroidStudioProjects\Personal_FinanceStudyDaily_Routine_Assistant\.gradle\9.6.0\fileHashes)"        [_thread_blocked, id=22508, stack(0x000000ae5af00000,0x000000ae5b000000) (1024K)]
  0x000001eb1e180130 JavaThread "Cache worker for checksums cache (C:\Users\Pc\AndroidStudioProjects\Personal_FinanceStudyDaily_Routine_Assistant\.gradle\9.6.0\checksums)"        [_thread_blocked, id=22520, stack(0x000000ae5b000000,0x000000ae5b100000) (1024K)]
  0x000001eb1e1837e0 JavaThread "Cache worker for Build Output Cleanup Cache (C:\Users\Pc\AndroidStudioProjects\Personal_FinanceStudyDaily_Routine_Assistant\.gradle\buildOutputCleanup)"        [_thread_blocked, id=21964, stack(0x000000ae5b100000,0x000000ae5b200000) (1024K)]
  0x000001eb1e17c2b0 JavaThread "Cache worker for file content cache (C:\Users\Pc\.gradle\caches\9.6.0\fileContent)"        [_thread_blocked, id=5564, stack(0x000000ae5b200000,0x000000ae5b300000) (1024K)]
  0x000001eb1e17e1f0 JavaThread "File watcher server"        daemon [_thread_in_native, id=20296, stack(0x000000ae5ae00000,0x000000ae5af00000) (1024K)]
  0x000001eb1e182070 JavaThread "File watcher consumer"      daemon [_thread_blocked, id=10684, stack(0x000000ae5b300000,0x000000ae5b400000) (1024K)]
  0x000001eb201a6f00 JavaThread "Cache worker for cache directory md-supplier (C:\Users\Pc\.gradle\caches\9.6.0\md-supplier)"        [_thread_blocked, id=21984, stack(0x000000ae5b400000,0x000000ae5b500000) (1024K)]
  0x000001eb201a47f0 JavaThread "Cache worker for cache directory md-rule (C:\Users\Pc\.gradle\caches\9.6.0\md-rule)"        [_thread_blocked, id=21976, stack(0x000000ae5b500000,0x000000ae5b600000) (1024K)]
  0x000001eb1f4d3810 JavaThread "build event listener"              [_thread_blocked, id=11676, stack(0x000000ae5b800000,0x000000ae5b900000) (1024K)]
  0x000001eb1f4d0160 JavaThread "build event listener"              [_thread_blocked, id=21724, stack(0x000000ae5b900000,0x000000ae5ba00000) (1024K)]
  0x000001eb1f4d47b0 JavaThread "Build operations"                  [_thread_blocked, id=22516, stack(0x000000ae5ba00000,0x000000ae5bb00000) (1024K)]
  0x000001eb1f4d5750 JavaThread "Memory manager"                    [_thread_blocked, id=22056, stack(0x000000ae5b700000,0x000000ae5b800000) (1024K)]
  0x000001eb1f4d2870 JavaThread "included builds"                   [_thread_blocked, id=21584, stack(0x000000ae5bb00000,0x000000ae5bc00000) (1024K)]
  0x000001eb1f4cf1c0 JavaThread "Execution worker"                  [_thread_blocked, id=4276, stack(0x000000ae5bc00000,0x000000ae5bd00000) (1024K)]
  0x000001eb1f4d3040 JavaThread "Execution worker Thread 2"         [_thread_blocked, id=20324, stack(0x000000ae5bd00000,0x000000ae5be00000) (1024K)]
  0x000001eb201a5f60 JavaThread "Execution worker Thread 3"         [_thread_blocked, id=5736, stack(0x000000ae5be00000,0x000000ae5bf00000) (1024K)]
  0x000001eb2189a260 JavaThread "Cache worker for execution history cache (C:\Users\Pc\AndroidStudioProjects\Personal_FinanceStudyDaily_Routine_Assistant\.gradle\9.6.0\executionHistory)"        [_thread_blocked, id=20524, stack(0x000000ae5bf00000,0x000000ae5c000000) (1024K)]
  0x000001eb2189e8b0 JavaThread "Build operations Thread 2"         [_thread_blocked, id=1924, stack(0x000000ae5c000000,0x000000ae5c100000) (1024K)]
  0x000001eb2189d140 JavaThread "Build operations Thread 3"         [_thread_blocked, id=20656, stack(0x000000ae5c100000,0x000000ae5c200000) (1024K)]
  0x000001eb2189aa30 JavaThread "Build operations Thread 4"         [_thread_blocked, id=13836, stack(0x000000ae5c200000,0x000000ae5c300000) (1024K)]
  0x000001eb2189b9d0 JavaThread "pool-2-thread-1"                   [_thread_blocked, id=17216, stack(0x000000ae5c300000,0x000000ae5c400000) (1024K)]
  0x000001eb2159d2a0 JavaThread "WorkerExecutor Queue"              [_thread_in_native, id=5012, stack(0x000000ae5b600000,0x000000ae5b700000) (1024K)]
  0x000001eb2159da70 JavaThread "WorkerExecutor Queue Thread 2"        [_thread_blocked, id=8, stack(0x000000ae5c400000,0x000000ae5c500000) (1024K)]
  0x000001eb21598480 JavaThread "pool-3-thread-1"                   [_thread_blocked, id=3120, stack(0x000000ae5c500000,0x000000ae5c600000) (1024K)]
  0x000001eb21598c50 JavaThread "stderr"                            [_thread_in_native, id=21532, stack(0x000000ae5c600000,0x000000ae5c700000) (1024K)]
  0x000001eb21599bf0 JavaThread "stdout"                            [_thread_in_native, id=9880, stack(0x000000ae5c700000,0x000000ae5c800000) (1024K)]
  0x000001eb212703d0 JavaThread "WorkerExecutor Queue Thread 3"        [_thread_blocked, id=21276, stack(0x000000ae5c800000,0x000000ae5c900000) (1024K)]
  0x000001eb2126dcc0 JavaThread "RMI Scheduler(0)"           daemon [_thread_blocked, id=20596, stack(0x000000ae5c900000,0x000000ae5ca00000) (1024K)]
  0x000001eb212732b0 JavaThread "RMI RenewClean-[127.0.0.1:17455,org.jetbrains.kotlin.daemon.common.LoopbackNetworkInterface$ClientLoopbackSocketFactory@4d77e6a1]" daemon [_thread_blocked, id=1592, stack(0x000000ae5ca00000,0x000000ae5cb00000) (1024K)]
  0x000001eb21271370 JavaThread "RMI GC Daemon"              daemon [_thread_blocked, id=20584, stack(0x000000ae5cb00000,0x000000ae5cc00000) (1024K)]
  0x000001eb21272ae0 JavaThread "RMI TCP Accept-0"           daemon [_thread_in_native, id=22052, stack(0x000000ae5cc00000,0x000000ae5cd00000) (1024K)]
  0x000001eb21272310 JavaThread "RMI Reaper"                        [_thread_blocked, id=14496, stack(0x000000ae5cd00000,0x000000ae5ce00000) (1024K)]
  0x000001eb2126fc00 JavaThread "RMI TCP Connection(3)-127.0.0.1" daemon [_thread_in_native, id=9788, stack(0x000000ae5ce00000,0x000000ae5cf00000) (1024K)]
  0x000001eb21270ba0 JavaThread "WorkerExecutor Queue Thread 4"        [_thread_blocked, id=19036, stack(0x000000ae5cf00000,0x000000ae5d000000) (1024K)]
  0x000001eb220c9630 JavaThread "RMI RenewClean-[127.0.0.1:17455,org.jetbrains.kotlin.daemon.common.LoopbackNetworkInterface$ClientLoopbackSocketFactory@4ec97c5a]" daemon [_thread_blocked, id=21972, stack(0x000000ae5d000000,0x000000ae5d100000) (1024K)]
  0x000001eb220ca5d0 JavaThread "RMI TCP Connection(2)-127.0.0.1" daemon [_thread_in_native, id=9808, stack(0x000000ae5d100000,0x000000ae5d200000) (1024K)]
Total: 60

Other Threads:
  0x000001eb7eff0b10 VMThread "VM Thread"                           [id=22200, stack(0x000000ae59300000,0x000000ae59400000) (1024K)]
  0x000001eb7efdff20 WatcherThread "VM Periodic Task Thread"        [id=9936, stack(0x000000ae59200000,0x000000ae59300000) (1024K)]
  0x000001eb7a22afa0 WorkerThread "GC Thread#0"                     [id=20988, stack(0x000000ae58d00000,0x000000ae58e00000) (1024K)]
  0x000001eb1ce991a0 WorkerThread "GC Thread#1"                     [id=5728, stack(0x000000ae59f00000,0x000000ae5a000000) (1024K)]
  0x000001eb1ce9d5e0 WorkerThread "GC Thread#2"                     [id=6252, stack(0x000000ae5a000000,0x000000ae5a100000) (1024K)]
  0x000001eb1dd93270 WorkerThread "GC Thread#3"                     [id=20992, stack(0x000000ae5a100000,0x000000ae5a200000) (1024K)]
  0x000001eb7a240060 ConcurrentGCThread "G1 Main Marker"            [id=20720, stack(0x000000ae58e00000,0x000000ae58f00000) (1024K)]
  0x000001eb780ddfe0 WorkerThread "G1 Conc#0"                       [id=20212, stack(0x000000ae58f00000,0x000000ae59000000) (1024K)]
  0x000001eb7a273150 ConcurrentGCThread "G1 Refine#0"               [id=7816, stack(0x000000ae59000000,0x000000ae59100000) (1024K)]
  0x000001eb7a273ee0 ConcurrentGCThread "G1 Service"                [id=20316, stack(0x000000ae59100000,0x000000ae59200000) (1024K)]
Total: 10

Threads with active compile tasks:
C2 CompilerThread0  41693 12346       4       java.util.ComparableTimSort::sort (219 bytes)
Total: 1

VM state: not at safepoint (normal execution)

VM Mutex/Monitor currently owned by a thread: None

Heap address: 0x0000000080000000, size: 2048 MB, Compressed Oops mode: 32-bit

CDS archive(s) mapped at: [0x0000000025000000-0x0000000025dd0000-0x0000000025dd0000), size 14483456, SharedBaseAddress: 0x0000000025000000, ArchiveRelocationMode: 1.
Compressed class space mapped at: 0x0000000026000000-0x0000000066000000, reserved size: 1073741824
UseCompressedClassPointers 1, UseCompactObjectHeaders 0
Narrow klass pointer bits 32, Max shift 3
Narrow klass base: 0x0000000025000000, Narrow klass shift: 0
Encoding Range: [0x0000000025000000 - 0x0000000125000000), (4294967296 bytes)
Klass Range:    [0x0000000025010000 - 0x0000000066000000), (1090453504 bytes)
Klass ID Range:  [65536 - 1090519033) (1090453497)
Protection zone: [0x0000000025000000 - 0x0000000025010000), (65536 bytes)

GC Precious Log:
 CardTable entry size: 512
 Card Set container configuration: InlinePtr #cards 5 size 8 Array Of Cards #cards 10 size 36 Howl #buckets 4 coarsen threshold 1843 Howl Bitmap #cards 512 size 80 coarsen threshold 460 Card regions per heap region 1 cards per card region 2048
 CPUs: 4 total, 4 available
 Memory: 8109M
 Large Page Support: Disabled
 NUMA Support: Disabled
 Compressed Oops: Enabled (32-bit)
 Heap Region Size: 1M
 Heap Min Capacity: 8M
 Heap Initial Capacity: 128M
 Heap Max Capacity: 2G
 Pre-touch: Disabled
 Parallel Workers: 4
 Concurrent Workers: 1
 Concurrent Refinement Workers: 4
 Periodic GC: Disabled

Heap:
 garbage-first heap   total reserved 2097152K, committed 181248K, used 132913K [0x0000000080000000, 0x0000000100000000)
  region size 1024K, 31 young (31744K), 3 survivors (3072K)

Heap Regions: E=young(eden), S=young(survivor), O=old, HS=humongous(starts), HC=humongous(continues), CS=collection set, F=free, TAMS=top-at-mark-start, PB=parsable bottom
|   0|0x0000000080000000, 0x0000000080100000, 0x0000000080100000|100%|HS|  |TAMS 0x0000000080000000| PB 0x0000000080000000| Complete |  0
|   1|0x0000000080100000, 0x0000000080200000, 0x0000000080200000|100%|HC|  |TAMS 0x0000000080100000| PB 0x0000000080100000| Complete |  0
|   2|0x0000000080200000, 0x0000000080300000, 0x0000000080300000|100%|HC|  |TAMS 0x0000000080200000| PB 0x0000000080200000| Complete |  0
|   3|0x0000000080300000, 0x0000000080400000, 0x0000000080400000|100%|HC|  |TAMS 0x0000000080300000| PB 0x0000000080300000| Complete |  0
|   4|0x0000000080400000, 0x0000000080500000, 0x0000000080500000|100%| O|  |TAMS 0x0000000080400000| PB 0x0000000080400000| Untracked |  0
|   5|0x0000000080500000, 0x0000000080600000, 0x0000000080600000|100%| O|  |TAMS 0x0000000080500000| PB 0x0000000080500000| Untracked |  0
|   6|0x0000000080600000, 0x0000000080700000, 0x0000000080700000|100%| O|  |TAMS 0x0000000080600000| PB 0x0000000080600000| Untracked |  0
|   7|0x0000000080700000, 0x0000000080800000, 0x0000000080800000|100%|HS|  |TAMS 0x0000000080700000| PB 0x0000000080700000| Complete |  0
|   8|0x0000000080800000, 0x0000000080900000, 0x0000000080900000|100%| O|  |TAMS 0x0000000080800000| PB 0x0000000080800000| Untracked |  0
|   9|0x0000000080900000, 0x0000000080a00000, 0x0000000080a00000|100%| O|  |TAMS 0x0000000080900000| PB 0x0000000080900000| Untracked |  0
|  10|0x0000000080a00000, 0x0000000080b00000, 0x0000000080b00000|100%| O|  |TAMS 0x0000000080a00000| PB 0x0000000080a00000| Untracked |  0
|  11|0x0000000080b00000, 0x0000000080c00000, 0x0000000080c00000|100%| O|  |TAMS 0x0000000080b00000| PB 0x0000000080b00000| Untracked |  0
|  12|0x0000000080c00000, 0x0000000080d00000, 0x0000000080d00000|100%| O|  |TAMS 0x0000000080c00000| PB 0x0000000080c00000| Untracked |  0
|  13|0x0000000080d00000, 0x0000000080e00000, 0x0000000080e00000|100%| O|  |TAMS 0x0000000080d00000| PB 0x0000000080d00000| Untracked |  0
|  14|0x0000000080e00000, 0x0000000080f00000, 0x0000000080f00000|100%| O|  |TAMS 0x0000000080e00000| PB 0x0000000080e00000| Untracked |  0
|  15|0x0000000080f00000, 0x0000000081000000, 0x0000000081000000|100%| O|  |TAMS 0x0000000080f00000| PB 0x0000000080f00000| Untracked |  0
|  16|0x0000000081000000, 0x0000000081100000, 0x0000000081100000|100%| O|  |TAMS 0x0000000081000000| PB 0x0000000081000000| Untracked |  0
|  17|0x0000000081100000, 0x0000000081200000, 0x0000000081200000|100%| O|  |TAMS 0x0000000081100000| PB 0x0000000081100000| Untracked |  0
|  18|0x0000000081200000, 0x0000000081300000, 0x0000000081300000|100%| O|  |TAMS 0x0000000081200000| PB 0x0000000081200000| Untracked |  0
|  19|0x0000000081300000, 0x0000000081400000, 0x0000000081400000|100%| O|  |TAMS 0x0000000081300000| PB 0x0000000081300000| Untracked |  0
|  20|0x0000000081400000, 0x0000000081500000, 0x0000000081500000|100%| O|  |TAMS 0x0000000081400000| PB 0x0000000081400000| Untracked |  0
|  21|0x0000000081500000, 0x0000000081600000, 0x0000000081600000|100%| O|  |TAMS 0x0000000081500000| PB 0x0000000081500000| Untracked |  0
|  22|0x0000000081600000, 0x0000000081700000, 0x0000000081700000|100%|HS|  |TAMS 0x0000000081600000| PB 0x0000000081600000| Complete |  0
|  23|0x0000000081700000, 0x0000000081800000, 0x0000000081800000|100%|HS|  |TAMS 0x0000000081700000| PB 0x0000000081700000| Complete |  0
|  24|0x0000000081800000, 0x0000000081900000, 0x0000000081900000|100%| O|  |TAMS 0x0000000081800000| PB 0x0000000081800000| Untracked |  0
|  25|0x0000000081900000, 0x0000000081a00000, 0x0000000081a00000|100%| O|  |TAMS 0x0000000081900000| PB 0x0000000081900000| Untracked |  0
|  26|0x0000000081a00000, 0x0000000081b00000, 0x0000000081b00000|100%| O|  |TAMS 0x0000000081a00000| PB 0x0000000081a00000| Untracked |  0
|  27|0x0000000081b00000, 0x0000000081c00000, 0x0000000081c00000|100%|HS|  |TAMS 0x0000000081b00000| PB 0x0000000081b00000| Complete |  0
|  28|0x0000000081c00000, 0x0000000081d00000, 0x0000000081d00000|100%|HS|  |TAMS 0x0000000081c00000| PB 0x0000000081c00000| Complete |  0
|  29|0x0000000081d00000, 0x0000000081e00000, 0x0000000081e00000|100%|HC|  |TAMS 0x0000000081d00000| PB 0x0000000081d00000| Complete |  0
|  30|0x0000000081e00000, 0x0000000081f00000, 0x0000000081f00000|100%|HS|  |TAMS 0x0000000081e00000| PB 0x0000000081e00000| Complete |  0
|  31|0x0000000081f00000, 0x0000000082000000, 0x0000000082000000|100%|HS|  |TAMS 0x0000000081f00000| PB 0x0000000081f00000| Complete |  0
|  32|0x0000000082000000, 0x0000000082100000, 0x0000000082100000|100%|HC|  |TAMS 0x0000000082000000| PB 0x0000000082000000| Complete |  0
|  33|0x0000000082100000, 0x0000000082200000, 0x0000000082200000|100%| O|  |TAMS 0x0000000082100000| PB 0x0000000082100000| Untracked |  0
|  34|0x0000000082200000, 0x0000000082300000, 0x0000000082300000|100%| O|  |TAMS 0x0000000082200000| PB 0x0000000082200000| Untracked |  0
|  35|0x0000000082300000, 0x0000000082400000, 0x0000000082400000|100%| O|  |TAMS 0x0000000082300000| PB 0x0000000082300000| Untracked |  0
|  36|0x0000000082400000, 0x0000000082500000, 0x0000000082500000|100%| O|  |TAMS 0x0000000082400000| PB 0x0000000082400000| Untracked |  0
|  37|0x0000000082500000, 0x0000000082600000, 0x0000000082600000|100%| O|  |TAMS 0x0000000082500000| PB 0x0000000082500000| Untracked |  0
|  38|0x0000000082600000, 0x0000000082700000, 0x0000000082700000|100%| O|  |TAMS 0x0000000082600000| PB 0x0000000082600000| Untracked |  0
|  39|0x0000000082700000, 0x0000000082800000, 0x0000000082800000|100%| O|  |TAMS 0x0000000082700000| PB 0x0000000082700000| Untracked |  0
|  40|0x0000000082800000, 0x0000000082900000, 0x0000000082900000|100%| O|  |TAMS 0x0000000082800000| PB 0x0000000082800000| Untracked |  0
|  41|0x0000000082900000, 0x0000000082a00000, 0x0000000082a00000|100%| O|  |TAMS 0x0000000082900000| PB 0x0000000082900000| Untracked |  0
|  42|0x0000000082a00000, 0x0000000082b00000, 0x0000000082b00000|100%| O|  |TAMS 0x0000000082a00000| PB 0x0000000082a00000| Untracked |  0
|  43|0x0000000082b00000, 0x0000000082c00000, 0x0000000082c00000|100%| O|  |TAMS 0x0000000082b00000| PB 0x0000000082b00000| Untracked |  0
|  44|0x0000000082c00000, 0x0000000082d00000, 0x0000000082d00000|100%| O|  |TAMS 0x0000000082c00000| PB 0x0000000082c00000| Untracked |  0
|  45|0x0000000082d00000, 0x0000000082e00000, 0x0000000082e00000|100%|HS|  |TAMS 0x0000000082d00000| PB 0x0000000082d00000| Complete |  0
|  46|0x0000000082e00000, 0x0000000082f00000, 0x0000000082f00000|100%|HC|  |TAMS 0x0000000082e00000| PB 0x0000000082e00000| Complete |  0
|  47|0x0000000082f00000, 0x0000000083000000, 0x0000000083000000|100%|HC|  |TAMS 0x0000000082f00000| PB 0x0000000082f00000| Complete |  0
|  48|0x0000000083000000, 0x0000000083100000, 0x0000000083100000|100%|HS|  |TAMS 0x0000000083000000| PB 0x0000000083000000| Complete |  0
|  49|0x0000000083100000, 0x0000000083200000, 0x0000000083200000|100%|HS|  |TAMS 0x0000000083100000| PB 0x0000000083100000| Complete |  0
|  50|0x0000000083200000, 0x0000000083300000, 0x0000000083300000|100%|HC|  |TAMS 0x0000000083200000| PB 0x0000000083200000| Complete |  0
|  51|0x0000000083300000, 0x0000000083400000, 0x0000000083400000|100%|HC|  |TAMS 0x0000000083300000| PB 0x0000000083300000| Complete |  0
|  52|0x0000000083400000, 0x0000000083500000, 0x0000000083500000|100%| O|  |TAMS 0x0000000083400000| PB 0x0000000083400000| Untracked |  0
|  53|0x0000000083500000, 0x0000000083600000, 0x0000000083600000|100%| O|  |TAMS 0x0000000083500000| PB 0x0000000083500000| Untracked |  0
|  54|0x0000000083600000, 0x0000000083700000, 0x0000000083700000|100%|HS|  |TAMS 0x0000000083600000| PB 0x0000000083600000| Complete |  0
|  55|0x0000000083700000, 0x0000000083800000, 0x0000000083800000|100%| O|  |TAMS 0x0000000083700000| PB 0x0000000083700000| Untracked |  0
|  56|0x0000000083800000, 0x0000000083900000, 0x0000000083900000|100%| O|  |TAMS 0x0000000083800000| PB 0x0000000083800000| Untracked |  0
|  57|0x0000000083900000, 0x0000000083a00000, 0x0000000083a00000|100%| O|  |TAMS 0x0000000083900000| PB 0x0000000083900000| Untracked |  0
|  58|0x0000000083a00000, 0x0000000083b00000, 0x0000000083b00000|100%| O|  |TAMS 0x0000000083a00000| PB 0x0000000083a00000| Untracked |  0
|  59|0x0000000083b00000, 0x0000000083c00000, 0x0000000083c00000|100%| O|  |TAMS 0x0000000083b00000| PB 0x0000000083b00000| Untracked |  0
|  60|0x0000000083c00000, 0x0000000083d00000, 0x0000000083d00000|100%| O|  |TAMS 0x0000000083c00000| PB 0x0000000083c00000| Untracked |  0
|  61|0x0000000083d00000, 0x0000000083e00000, 0x0000000083e00000|100%| O|  |TAMS 0x0000000083d00000| PB 0x0000000083d00000| Untracked |  0
|  62|0x0000000083e00000, 0x0000000083f00000, 0x0000000083f00000|100%| O|  |TAMS 0x0000000083e00000| PB 0x0000000083e00000| Untracked |  0
|  63|0x0000000083f00000, 0x0000000084000000, 0x0000000084000000|100%| O|  |TAMS 0x0000000083f00000| PB 0x0000000083f00000| Untracked |  0
|  64|0x0000000084000000, 0x0000000084100000, 0x0000000084100000|100%| O|  |TAMS 0x0000000084000000| PB 0x0000000084000000| Untracked |  0
|  65|0x0000000084100000, 0x0000000084200000, 0x0000000084200000|100%| O|  |TAMS 0x0000000084100000| PB 0x0000000084100000| Untracked |  0
|  66|0x0000000084200000, 0x0000000084300000, 0x0000000084300000|100%| O|  |TAMS 0x0000000084200000| PB 0x0000000084200000| Untracked |  0
|  67|0x0000000084300000, 0x0000000084400000, 0x0000000084400000|100%| O|  |TAMS 0x0000000084300000| PB 0x0000000084300000| Untracked |  0
|  68|0x0000000084400000, 0x0000000084500000, 0x0000000084500000|100%| O|  |TAMS 0x0000000084400000| PB 0x0000000084400000| Untracked |  0
|  69|0x0000000084500000, 0x0000000084600000, 0x0000000084600000|100%| O|  |TAMS 0x0000000084500000| PB 0x0000000084500000| Untracked |  0
|  70|0x0000000084600000, 0x0000000084700000, 0x0000000084700000|100%| O|  |TAMS 0x0000000084600000| PB 0x0000000084600000| Untracked |  0
|  71|0x0000000084700000, 0x0000000084800000, 0x0000000084800000|100%| O|  |TAMS 0x0000000084700000| PB 0x0000000084700000| Untracked |  0
|  72|0x0000000084800000, 0x0000000084900000, 0x0000000084900000|100%| O|  |TAMS 0x0000000084800000| PB 0x0000000084800000| Untracked |  0
|  73|0x0000000084900000, 0x0000000084a00000, 0x0000000084a00000|100%| O|  |TAMS 0x0000000084900000| PB 0x0000000084900000| Untracked |  0
|  74|0x0000000084a00000, 0x0000000084b00000, 0x0000000084b00000|100%| O|  |TAMS 0x0000000084a00000| PB 0x0000000084a00000| Untracked |  0
|  75|0x0000000084b00000, 0x0000000084c00000, 0x0000000084c00000|100%| O|  |TAMS 0x0000000084b00000| PB 0x0000000084b00000| Untracked |  0
|  76|0x0000000084c00000, 0x0000000084d00000, 0x0000000084d00000|100%| O|  |TAMS 0x0000000084c00000| PB 0x0000000084c00000| Untracked |  0
|  77|0x0000000084d00000, 0x0000000084e00000, 0x0000000084e00000|100%| O|  |TAMS 0x0000000084d00000| PB 0x0000000084d00000| Untracked |  0
|  78|0x0000000084e00000, 0x0000000084f00000, 0x0000000084f00000|100%| O|  |TAMS 0x0000000084e00000| PB 0x0000000084e00000| Untracked |  0
|  79|0x0000000084f00000, 0x0000000085000000, 0x0000000085000000|100%| O|  |TAMS 0x0000000084f00000| PB 0x0000000084f00000| Untracked |  0
|  80|0x0000000085000000, 0x0000000085100000, 0x0000000085100000|100%| O|  |TAMS 0x0000000085000000| PB 0x0000000085000000| Untracked |  0
|  81|0x0000000085100000, 0x0000000085200000, 0x0000000085200000|100%| O|  |TAMS 0x0000000085100000| PB 0x0000000085100000| Untracked |  0
|  82|0x0000000085200000, 0x0000000085300000, 0x0000000085300000|100%| O|  |TAMS 0x0000000085200000| PB 0x0000000085200000| Untracked |  0
|  83|0x0000000085300000, 0x0000000085400000, 0x0000000085400000|100%| O|  |TAMS 0x0000000085300000| PB 0x0000000085300000| Untracked |  0
|  84|0x0000000085400000, 0x0000000085500000, 0x0000000085500000|100%| O|  |TAMS 0x0000000085400000| PB 0x0000000085400000| Untracked |  0
|  85|0x0000000085500000, 0x0000000085600000, 0x0000000085600000|100%| O|  |TAMS 0x0000000085500000| PB 0x0000000085500000| Untracked |  0
|  86|0x0000000085600000, 0x0000000085700000, 0x0000000085700000|100%| O|  |TAMS 0x0000000085600000| PB 0x0000000085600000| Untracked |  0
|  87|0x0000000085700000, 0x0000000085800000, 0x0000000085800000|100%| O|Cm|TAMS 0x0000000085700000| PB 0x0000000085700000| Complete |  0
|  88|0x0000000085800000, 0x0000000085900000, 0x0000000085900000|100%| O|  |TAMS 0x0000000085800000| PB 0x0000000085800000| Untracked |  0
|  89|0x0000000085900000, 0x0000000085a00000, 0x0000000085a00000|100%| O|  |TAMS 0x0000000085900000| PB 0x0000000085900000| Untracked |  0
|  90|0x0000000085a00000, 0x0000000085b00000, 0x0000000085b00000|100%| O|  |TAMS 0x0000000085a00000| PB 0x0000000085a00000| Untracked |  0
|  91|0x0000000085b00000, 0x0000000085c00000, 0x0000000085c00000|100%| O|Cm|TAMS 0x0000000085b00000| PB 0x0000000085b00000| Complete |  0
|  92|0x0000000085c00000, 0x0000000085d00000, 0x0000000085d00000|100%| O|Cm|TAMS 0x0000000085c00000| PB 0x0000000085c00000| Complete |  0
|  93|0x0000000085d00000, 0x0000000085d00000, 0x0000000085e00000|  0%| F|  |TAMS 0x0000000085d00000| PB 0x0000000085d00000| Untracked |  0
|  94|0x0000000085e00000, 0x0000000085f00000, 0x0000000085f00000|100%| O|Cm|TAMS 0x0000000085e00000| PB 0x0000000085e00000| Complete |  0
|  95|0x0000000085f00000, 0x0000000085f00000, 0x0000000086000000|  0%| F|  |TAMS 0x0000000085f00000| PB 0x0000000085f00000| Untracked |  0
|  96|0x0000000086000000, 0x0000000086000000, 0x0000000086100000|  0%| F|  |TAMS 0x0000000086000000| PB 0x0000000086000000| Untracked |  0
|  97|0x0000000086100000, 0x0000000086100000, 0x0000000086200000|  0%| F|  |TAMS 0x0000000086100000| PB 0x0000000086100000| Untracked |  0
|  98|0x0000000086200000, 0x0000000086300000, 0x0000000086300000|100%| O|  |TAMS 0x0000000086200000| PB 0x0000000086200000| Untracked |  0
|  99|0x0000000086300000, 0x0000000086400000, 0x0000000086400000|100%| O|Cm|TAMS 0x0000000086300000| PB 0x0000000086300000| Complete |  0
| 100|0x0000000086400000, 0x0000000086400000, 0x0000000086500000|  0%| F|  |TAMS 0x0000000086400000| PB 0x0000000086400000| Untracked |  0
| 101|0x0000000086500000, 0x0000000086500000, 0x0000000086600000|  0%| F|  |TAMS 0x0000000086500000| PB 0x0000000086500000| Untracked |  0
| 102|0x0000000086600000, 0x0000000086600000, 0x0000000086700000|  0%| F|  |TAMS 0x0000000086600000| PB 0x0000000086600000| Untracked |  0
| 103|0x0000000086700000, 0x0000000086800000, 0x0000000086800000|100%| O|Cm|TAMS 0x0000000086700000| PB 0x0000000086700000| Complete |  0
| 104|0x0000000086800000, 0x0000000086900000, 0x0000000086900000|100%| O|  |TAMS 0x0000000086800000| PB 0x0000000086800000| Untracked |  0
| 105|0x0000000086900000, 0x0000000086957238, 0x0000000086a00000| 34%| O|  |TAMS 0x0000000086900000| PB 0x0000000086900000| Untracked |  0
| 106|0x0000000086a00000, 0x0000000086a00000, 0x0000000086b00000|  0%| F|  |TAMS 0x0000000086a00000| PB 0x0000000086a00000| Untracked |  0
| 107|0x0000000086b00000, 0x0000000086b00000, 0x0000000086c00000|  0%| F|  |TAMS 0x0000000086b00000| PB 0x0000000086b00000| Untracked |  0
| 108|0x0000000086c00000, 0x0000000086c00000, 0x0000000086d00000|  0%| F|  |TAMS 0x0000000086c00000| PB 0x0000000086c00000| Untracked |  0
| 109|0x0000000086d00000, 0x0000000086d00000, 0x0000000086e00000|  0%| F|  |TAMS 0x0000000086d00000| PB 0x0000000086d00000| Untracked |  0
| 110|0x0000000086e00000, 0x0000000086e00000, 0x0000000086f00000|  0%| F|  |TAMS 0x0000000086e00000| PB 0x0000000086e00000| Untracked |  0
| 111|0x0000000086f00000, 0x0000000086f00000, 0x0000000087000000|  0%| F|  |TAMS 0x0000000086f00000| PB 0x0000000086f00000| Untracked |  0
| 112|0x0000000087000000, 0x0000000087000000, 0x0000000087100000|  0%| F|  |TAMS 0x0000000087000000| PB 0x0000000087000000| Untracked |  0
| 113|0x0000000087100000, 0x0000000087100000, 0x0000000087200000|  0%| F|  |TAMS 0x0000000087100000| PB 0x0000000087100000| Untracked |  0
| 114|0x0000000087200000, 0x0000000087200000, 0x0000000087300000|  0%| F|  |TAMS 0x0000000087200000| PB 0x0000000087200000| Untracked |  0
| 115|0x0000000087300000, 0x0000000087300000, 0x0000000087400000|  0%| F|  |TAMS 0x0000000087300000| PB 0x0000000087300000| Untracked |  0
| 116|0x0000000087400000, 0x0000000087400000, 0x0000000087500000|  0%| F|  |TAMS 0x0000000087400000| PB 0x0000000087400000| Untracked |  0
| 117|0x0000000087500000, 0x0000000087500000, 0x0000000087600000|  0%| F|  |TAMS 0x0000000087500000| PB 0x0000000087500000| Untracked |  0
| 118|0x0000000087600000, 0x0000000087600000, 0x0000000087700000|  0%| F|  |TAMS 0x0000000087600000| PB 0x0000000087600000| Untracked |  0
| 119|0x0000000087700000, 0x0000000087700000, 0x0000000087800000|  0%| F|  |TAMS 0x0000000087700000| PB 0x0000000087700000| Untracked |  0
| 120|0x0000000087800000, 0x0000000087800000, 0x0000000087900000|  0%| F|  |TAMS 0x0000000087800000| PB 0x0000000087800000| Untracked |  0
| 121|0x0000000087900000, 0x0000000087900000, 0x0000000087a00000|  0%| F|  |TAMS 0x0000000087900000| PB 0x0000000087900000| Untracked |  0
| 122|0x0000000087a00000, 0x0000000087a00000, 0x0000000087b00000|  0%| F|  |TAMS 0x0000000087a00000| PB 0x0000000087a00000| Untracked |  0
| 123|0x0000000087b00000, 0x0000000087b00000, 0x0000000087c00000|  0%| F|  |TAMS 0x0000000087b00000| PB 0x0000000087b00000| Untracked |  0
| 124|0x0000000087c00000, 0x0000000087c00000, 0x0000000087d00000|  0%| F|  |TAMS 0x0000000087c00000| PB 0x0000000087c00000| Untracked |  0
| 125|0x0000000087d00000, 0x0000000087d00000, 0x0000000087e00000|  0%| F|  |TAMS 0x0000000087d00000| PB 0x0000000087d00000| Untracked |  0
| 126|0x0000000087e00000, 0x0000000087e00000, 0x0000000087f00000|  0%| F|  |TAMS 0x0000000087e00000| PB 0x0000000087e00000| Untracked |  0
| 127|0x0000000087f00000, 0x0000000087f00000, 0x0000000088000000|  0%| F|  |TAMS 0x0000000087f00000| PB 0x0000000087f00000| Untracked |  0
| 128|0x0000000088000000, 0x0000000088000000, 0x0000000088100000|  0%| F|  |TAMS 0x0000000088000000| PB 0x0000000088000000| Untracked |  0
| 129|0x0000000088100000, 0x0000000088175550, 0x0000000088200000| 45%| S|CS|TAMS 0x0000000088100000| PB 0x0000000088100000| Complete |  0
| 130|0x0000000088200000, 0x0000000088300000, 0x0000000088300000|100%| S|CS|TAMS 0x0000000088200000| PB 0x0000000088200000| Complete |  0
| 131|0x0000000088300000, 0x0000000088400000, 0x0000000088400000|100%| S|CS|TAMS 0x0000000088300000| PB 0x0000000088300000| Complete |  0
| 132|0x0000000088400000, 0x0000000088400000, 0x0000000088500000|  0%| F|  |TAMS 0x0000000088400000| PB 0x0000000088400000| Untracked |  0
| 133|0x0000000088500000, 0x0000000088500000, 0x0000000088600000|  0%| F|  |TAMS 0x0000000088500000| PB 0x0000000088500000| Untracked |  0
| 134|0x0000000088600000, 0x0000000088600000, 0x0000000088700000|  0%| F|  |TAMS 0x0000000088600000| PB 0x0000000088600000| Untracked |  0
| 135|0x0000000088700000, 0x0000000088700000, 0x0000000088800000|  0%| F|  |TAMS 0x0000000088700000| PB 0x0000000088700000| Untracked |  0
| 136|0x0000000088800000, 0x0000000088800000, 0x0000000088900000|  0%| F|  |TAMS 0x0000000088800000| PB 0x0000000088800000| Untracked |  0
| 137|0x0000000088900000, 0x0000000088900000, 0x0000000088a00000|  0%| F|  |TAMS 0x0000000088900000| PB 0x0000000088900000| Untracked |  0
| 138|0x0000000088a00000, 0x0000000088a00000, 0x0000000088b00000|  0%| F|  |TAMS 0x0000000088a00000| PB 0x0000000088a00000| Untracked |  0
| 139|0x0000000088b00000, 0x0000000088b00000, 0x0000000088c00000|  0%| F|  |TAMS 0x0000000088b00000| PB 0x0000000088b00000| Untracked |  0
| 140|0x0000000088c00000, 0x0000000088c00000, 0x0000000088d00000|  0%| F|  |TAMS 0x0000000088c00000| PB 0x0000000088c00000| Untracked |  0
| 141|0x0000000088d00000, 0x0000000088d00000, 0x0000000088e00000|  0%| F|  |TAMS 0x0000000088d00000| PB 0x0000000088d00000| Untracked |  0
| 142|0x0000000088e00000, 0x0000000088e00000, 0x0000000088f00000|  0%| F|  |TAMS 0x0000000088e00000| PB 0x0000000088e00000| Untracked |  0
| 143|0x0000000088f00000, 0x0000000088f00000, 0x0000000089000000|  0%| F|  |TAMS 0x0000000088f00000| PB 0x0000000088f00000| Untracked |  0
| 144|0x0000000089000000, 0x0000000089000000, 0x0000000089100000|  0%| F|  |TAMS 0x0000000089000000| PB 0x0000000089000000| Untracked |  0
| 145|0x0000000089100000, 0x0000000089100000, 0x0000000089200000|  0%| F|  |TAMS 0x0000000089100000| PB 0x0000000089100000| Untracked |  0
| 146|0x0000000089200000, 0x000000008920fbf8, 0x0000000089300000|  6%| E|  |TAMS 0x0000000089200000| PB 0x0000000089200000| Complete |  0
| 147|0x0000000089300000, 0x0000000089400000, 0x0000000089400000|100%| E|CS|TAMS 0x0000000089300000| PB 0x0000000089300000| Complete |  0
| 148|0x0000000089400000, 0x0000000089500000, 0x0000000089500000|100%| E|CS|TAMS 0x0000000089400000| PB 0x0000000089400000| Complete |  0
| 149|0x0000000089500000, 0x0000000089600000, 0x0000000089600000|100%| E|  |TAMS 0x0000000089500000| PB 0x0000000089500000| Complete |  0
| 150|0x0000000089600000, 0x0000000089700000, 0x0000000089700000|100%| E|CS|TAMS 0x0000000089600000| PB 0x0000000089600000| Complete |  0
| 151|0x0000000089700000, 0x0000000089800000, 0x0000000089800000|100%| E|CS|TAMS 0x0000000089700000| PB 0x0000000089700000| Complete |  0
| 152|0x0000000089800000, 0x0000000089900000, 0x0000000089900000|100%| E|CS|TAMS 0x0000000089800000| PB 0x0000000089800000| Complete |  0
| 153|0x0000000089900000, 0x0000000089a00000, 0x0000000089a00000|100%| E|CS|TAMS 0x0000000089900000| PB 0x0000000089900000| Complete |  0
| 154|0x0000000089a00000, 0x0000000089b00000, 0x0000000089b00000|100%| E|CS|TAMS 0x0000000089a00000| PB 0x0000000089a00000| Complete |  0
| 155|0x0000000089b00000, 0x0000000089c00000, 0x0000000089c00000|100%| E|CS|TAMS 0x0000000089b00000| PB 0x0000000089b00000| Complete |  0
| 156|0x0000000089c00000, 0x0000000089d00000, 0x0000000089d00000|100%| E|CS|TAMS 0x0000000089c00000| PB 0x0000000089c00000| Complete |  0
| 157|0x0000000089d00000, 0x0000000089e00000, 0x0000000089e00000|100%| E|CS|TAMS 0x0000000089d00000| PB 0x0000000089d00000| Complete |  0
| 158|0x0000000089e00000, 0x0000000089f00000, 0x0000000089f00000|100%| E|CS|TAMS 0x0000000089e00000| PB 0x0000000089e00000| Complete |  0
| 159|0x0000000089f00000, 0x000000008a000000, 0x000000008a000000|100%| E|CS|TAMS 0x0000000089f00000| PB 0x0000000089f00000| Complete |  0
| 160|0x000000008a000000, 0x000000008a100000, 0x000000008a100000|100%| E|CS|TAMS 0x000000008a000000| PB 0x000000008a000000| Complete |  0
| 161|0x000000008a100000, 0x000000008a200000, 0x000000008a200000|100%| E|CS|TAMS 0x000000008a100000| PB 0x000000008a100000| Complete |  0
| 162|0x000000008a200000, 0x000000008a300000, 0x000000008a300000|100%| E|CS|TAMS 0x000000008a200000| PB 0x000000008a200000| Complete |  0
|2034|0x00000000ff200000, 0x00000000ff300000, 0x00000000ff300000|100%| E|CS|TAMS 0x00000000ff200000| PB 0x00000000ff200000| Complete |  0
|2035|0x00000000ff300000, 0x00000000ff400000, 0x00000000ff400000|100%| E|CS|TAMS 0x00000000ff300000| PB 0x00000000ff300000| Complete |  0
|2036|0x00000000ff400000, 0x00000000ff500000, 0x00000000ff500000|100%| E|CS|TAMS 0x00000000ff400000| PB 0x00000000ff400000| Complete |  0
|2037|0x00000000ff500000, 0x00000000ff600000, 0x00000000ff600000|100%| E|CS|TAMS 0x00000000ff500000| PB 0x00000000ff500000| Complete |  0
|2038|0x00000000ff600000, 0x00000000ff700000, 0x00000000ff700000|100%| E|CS|TAMS 0x00000000ff600000| PB 0x00000000ff600000| Complete |  0
|2039|0x00000000ff700000, 0x00000000ff800000, 0x00000000ff800000|100%| E|CS|TAMS 0x00000000ff700000| PB 0x00000000ff700000| Complete |  0
|2040|0x00000000ff800000, 0x00000000ff900000, 0x00000000ff900000|100%| E|CS|TAMS 0x00000000ff800000| PB 0x00000000ff800000| Complete |  0
|2041|0x00000000ff900000, 0x00000000ffa00000, 0x00000000ffa00000|100%| E|CS|TAMS 0x00000000ff900000| PB 0x00000000ff900000| Complete |  0
|2042|0x00000000ffa00000, 0x00000000ffb00000, 0x00000000ffb00000|100%| E|CS|TAMS 0x00000000ffa00000| PB 0x00000000ffa00000| Complete |  0
|2043|0x00000000ffb00000, 0x00000000ffc00000, 0x00000000ffc00000|100%| E|CS|TAMS 0x00000000ffb00000| PB 0x00000000ffb00000| Complete |  0
|2044|0x00000000ffc00000, 0x00000000ffd00000, 0x00000000ffd00000|100%| O|  |TAMS 0x00000000ffc00000| PB 0x00000000ffc00000| Untracked |  0
|2045|0x00000000ffd00000, 0x00000000ffe00000, 0x00000000ffe00000|100%| O|  |TAMS 0x00000000ffd00000| PB 0x00000000ffd00000| Untracked |  0
|2046|0x00000000ffe00000, 0x00000000fff00000, 0x00000000fff00000|100%| O|  |TAMS 0x00000000ffe00000| PB 0x00000000ffe00000| Untracked |  0
|2047|0x00000000fff00000, 0x0000000100000000, 0x0000000100000000|100%| E|CS|TAMS 0x00000000fff00000| PB 0x00000000fff00000| Complete |  0

Card table byte_map: [0x000001eb7a680000,0x000001eb7aa80000] _byte_map_base: 0x000001eb7a280000

Marking Bits: (CMBitMap*) 0x000001eb7a22b730
 Bits: [0x000001eb7aa80000, 0x000001eb7ca80000)

Polling page: 0x000001eb77f60000

Metaspace:
Metaspace        used 79091K, committed 81024K, reserved 1179648K
 class space     used 11151K, committed 12096K, reserved 1048576K

Usage:
  Non-class:     66.35 MB used.
      Class:     10.89 MB used.
       Both:     77.24 MB used.

Virtual space:
  Non-class space:      128.00 MB reserved,      67.31 MB ( 53%) committed,  2 nodes.
      Class space:        1.00 GB reserved,      11.81 MB (  1%) committed,  1 nodes.
             Both:        1.12 GB reserved,      79.12 MB (  7%) committed. 

Chunk freelists:
   Non-Class:  12.08 MB
       Class:  4.22 MB
        Both:  16.30 MB

MaxMetaspaceSize: unlimited
CompressedClassSpaceSize: 1.00 GB
Initial GC threshold: 21.00 MB
Current GC threshold: 130.44 MB
CDS: on
 - commit_granule_bytes: 65536.
 - commit_granule_words: 8192.
 - virtual_space_node_default_size: 8388608.
 - enlarge_chunks_in_place: 1.
UseCompressedClassPointers 1, UseCompactObjectHeaders 0
Narrow klass pointer bits 32, Max shift 3
Narrow klass base: 0x0000000025000000, Narrow klass shift: 0
Encoding Range: [0x0000000025000000 - 0x0000000125000000), (4294967296 bytes)
Klass Range:    [0x0000000025010000 - 0x0000000066000000), (1090453504 bytes)
Klass ID Range:  [65536 - 1090519033) (1090453497)
Protection zone: [0x0000000025000000 - 0x0000000025010000), (65536 bytes)


Internal statistics:

num_allocs_failed_limit: 6.
num_arena_births: 3484.
num_arena_deaths: 2.
num_vsnodes_births: 3.
num_vsnodes_deaths: 0.
num_space_committed: 1265.
num_space_uncommitted: 0.
num_chunks_returned_to_freelist: 8.
num_chunks_taken_from_freelist: 7116.
num_chunk_merges: 3.
num_chunk_splits: 4626.
num_chunks_enlarged: 2865.
num_inconsistent_stats: 0.

CodeHeap 'non-profiled nmethods': size=120064Kb used=5062Kb max_used=5062Kb free=115001Kb
 bounds [0x000001eb10520000, 0x000001eb10a20000, 0x000001eb17a60000]
CodeHeap 'profiled nmethods': size=120064Kb used=15988Kb max_used=16079Kb free=104075Kb
 bounds [0x000001eb08a40000, 0x000001eb09a10000, 0x000001eb0ff80000]
CodeHeap 'non-nmethods': size=5760Kb used=2013Kb max_used=2071Kb free=3746Kb
 bounds [0x000001eb0ff80000, 0x000001eb101f0000, 0x000001eb10520000]
CodeCache: size=245888Kb, used=23063Kb, max_used=23212Kb, free=222822Kb
 total_blobs=11160, nmethods=10306, adapters=755, full_count=0
Compilation: enabled, stopped_count=0, restarted_count=0

Compilation events (20 events):
Event: 32.586 Thread 0x000001eb7f00e0d0 nmethod 12227 0x000001eb10a11008 code [0x000001eb10a11100, 0x000001eb10a11178]
Event: 32.586 Thread 0x000001eb7f00e0d0 12278       4       org.gradle.internal.properties.PropertyVisitor::visitInputProperty (1 bytes)
Event: 32.586 Thread 0x000001eb7f00e0d0 nmethod 12278 0x000001eb10a11308 code [0x000001eb10a11400, 0x000001eb10a11478]
Event: 35.267 Thread 0x000001eb7f0150f0 12338   !   3       java.io.ObjectInputStream::readNonProxyDesc (297 bytes)
Event: 35.268 Thread 0x000001eb7f0150f0 nmethod 12338 0x000001eb094adc88 code [0x000001eb094add80, 0x000001eb094aff20]
Event: 36.564 Thread 0x000001eb7f0150f0 12339       3       java.util.HashMap$HashMapSpliterator::<init> (32 bytes)
Event: 36.565 Thread 0x000001eb7f0150f0 nmethod 12339 0x000001eb093c9488 code [0x000001eb093c9580, 0x000001eb093c9748]
Event: 36.565 Thread 0x000001eb7f0150f0 12340       3       java.util.HashMap$ValueSpliterator::forEachRemaining (186 bytes)
Event: 36.565 Thread 0x000001eb7f0150f0 nmethod 12340 0x000001eb0968f808 code [0x000001eb0968f900, 0x000001eb09690098]
Event: 37.565 Thread 0x000001eb7f0150f0 12341       3       java.util.HashMap$ValueSpliterator::tryAdvance (138 bytes)
Event: 37.565 Thread 0x000001eb7f00e0d0 12343       4       org.gradle.internal.time.MonotonicClock::advance (33 bytes)
Event: 37.565 Thread 0x000001eb7f0150f0 nmethod 12341 0x000001eb093e0a08 code [0x000001eb093e0b00, 0x000001eb093e1260]
Event: 37.565 Thread 0x000001eb7f0150f0 12342       3       java.lang.management.ManagementFactory$PlatformMBeanFinder$$Lambda/0x0000000026031770::test (12 bytes)
Event: 37.566 Thread 0x000001eb7f0150f0 nmethod 12342 0x000001eb094ad508 code [0x000001eb094ad600, 0x000001eb094ad9f0]
Event: 37.567 Thread 0x000001eb7f00e0d0 nmethod 12343 0x000001eb10a11608 code [0x000001eb10a11700, 0x000001eb10a11800]
Event: 38.997 Thread 0x000001eb7f0150f0 12344       3       org.gradle.internal.resources.DefaultLease::acquireLock (27 bytes)
Event: 38.998 Thread 0x000001eb7f0150f0 nmethod 12344 0x000001eb09791388 code [0x000001eb09791480, 0x000001eb09791798]
Event: 38.998 Thread 0x000001eb7f0150f0 12345       3       org.gradle.internal.resources.LeaseHolder::grantLease (25 bytes)
Event: 38.998 Thread 0x000001eb7f0150f0 nmethod 12345 0x000001eb093d4d08 code [0x000001eb093d4e00, 0x000001eb093d4f70]
Event: 41.565 Thread 0x000001eb7f00e0d0 12346       4       java.util.ComparableTimSort::sort (219 bytes)

GC Heap Usage History (20 events):
Event: 12.639 {heap Before GC invocations=23 (full 0):
 garbage-first heap   total reserved 2097152K, committed 130048K, used 116534K [0x0000000080000000, 0x0000000100000000)
  region size 1024K, 43 young (44032K), 5 survivors (5120K)
}
Event: 12.645 {heap After GC invocations=24 (full 0):
 garbage-first heap   total reserved 2097152K, committed 130048K, used 81240K [0x0000000080000000, 0x0000000100000000)
  region size 1024K, 3 young (3072K), 3 survivors (3072K)
}
Event: 13.167 {heap Before GC invocations=25 (full 0):
 garbage-first heap   total reserved 2097152K, committed 137216K, used 119128K [0x0000000080000000, 0x0000000100000000)
  region size 1024K, 41 young (41984K), 3 survivors (3072K)
}
Event: 13.171 {heap After GC invocations=26 (full 0):
 garbage-first heap   total reserved 2097152K, committed 137216K, used 81027K [0x0000000080000000, 0x0000000100000000)
  region size 1024K, 3 young (3072K), 3 survivors (3072K)
}
Event: 15.830 {heap Before GC invocations=26 (full 0):
 garbage-first heap   total reserved 2097152K, committed 137216K, used 125059K [0x0000000080000000, 0x0000000100000000)
  region size 1024K, 47 young (48128K), 3 survivors (3072K)
}
Event: 15.836 {heap After GC invocations=27 (full 0):
 garbage-first heap   total reserved 2097152K, committed 137216K, used 84055K [0x0000000080000000, 0x0000000100000000)
  region size 1024K, 6 young (6144K), 6 survivors (6144K)
}
Event: 16.349 {heap Before GC invocations=27 (full 0):
 garbage-first heap   total reserved 2097152K, committed 137216K, used 125015K [0x0000000080000000, 0x0000000100000000)
  region size 1024K, 47 young (48128K), 6 survivors (6144K)
}
Event: 16.357 {heap After GC invocations=28 (full 0):
 garbage-first heap   total reserved 2097152K, committed 137216K, used 88428K [0x0000000080000000, 0x0000000100000000)
  region size 1024K, 4 young (4096K), 4 survivors (4096K)
}
Event: 18.016 {heap Before GC invocations=29 (full 0):
 garbage-first heap   total reserved 2097152K, committed 148480K, used 126316K [0x0000000080000000, 0x0000000100000000)
  region size 1024K, 42 young (43008K), 4 survivors (4096K)
}
Event: 18.021 {heap After GC invocations=30 (full 0):
 garbage-first heap   total reserved 2097152K, committed 148480K, used 91544K [0x0000000080000000, 0x0000000100000000)
  region size 1024K, 4 young (4096K), 4 survivors (4096K)
}
Event: 18.745 {heap Before GC invocations=30 (full 0):
 garbage-first heap   total reserved 2097152K, committed 148480K, used 135576K [0x0000000080000000, 0x0000000100000000)
  region size 1024K, 48 young (49152K), 4 survivors (4096K)
}
Event: 18.750 {heap After GC invocations=31 (full 0):
 garbage-first heap   total reserved 2097152K, committed 148480K, used 92384K [0x0000000080000000, 0x0000000100000000)
  region size 1024K, 6 young (6144K), 6 survivors (6144K)
}
Event: 19.492 {heap Before GC invocations=31 (full 0):
 garbage-first heap   total reserved 2097152K, committed 148480K, used 135392K [0x0000000080000000, 0x0000000100000000)
  region size 1024K, 49 young (50176K), 6 survivors (6144K)
}
Event: 19.508 {heap After GC invocations=32 (full 0):
 garbage-first heap   total reserved 2097152K, committed 158720K, used 108544K [0x0000000080000000, 0x0000000100000000)
  region size 1024K, 7 young (7168K), 7 survivors (7168K)
}
Event: 19.793 {heap Before GC invocations=33 (full 0):
 garbage-first heap   total reserved 2097152K, committed 181248K, used 136192K [0x0000000080000000, 0x0000000100000000)
  region size 1024K, 34 young (34816K), 7 survivors (7168K)
}
Event: 19.804 {heap After GC invocations=34 (full 0):
 garbage-first heap   total reserved 2097152K, committed 181248K, used 117248K [0x0000000080000000, 0x0000000100000000)
  region size 1024K, 5 young (5120K), 5 survivors (5120K)
}
Event: 20.926 {heap Before GC invocations=34 (full 0):
 garbage-first heap   total reserved 2097152K, committed 181248K, used 150016K [0x0000000080000000, 0x0000000100000000)
  region size 1024K, 37 young (37888K), 5 survivors (5120K)
}
Event: 20.936 {heap After GC invocations=35 (full 0):
 garbage-first heap   total reserved 2097152K, committed 181248K, used 121328K [0x0000000080000000, 0x0000000100000000)
  region size 1024K, 5 young (5120K), 5 survivors (5120K)
}
Event: 21.220 {heap Before GC invocations=35 (full 0):
 garbage-first heap   total reserved 2097152K, committed 181248K, used 153072K [0x0000000080000000, 0x0000000100000000)
  region size 1024K, 37 young (37888K), 5 survivors (5120K)
}
Event: 21.225 {heap After GC invocations=36 (full 0):
 garbage-first heap   total reserved 2097152K, committed 181248K, used 123697K [0x0000000080000000, 0x0000000100000000)
  region size 1024K, 3 young (3072K), 3 survivors (3072K)
}

Metaspace Usage History (20 events):
Event: 12.639 {metaspace Before GC invocations=23 (full 0):
 Metaspace       used 62610K, committed 64512K, reserved 1114112K
  class space    used 8945K, committed 9856K, reserved 1048576K
}
Event: 12.645 {metaspace After GC invocations=24 (full 0):
 Metaspace       used 62610K, committed 64512K, reserved 1114112K
  class space    used 8945K, committed 9856K, reserved 1048576K
}
Event: 13.167 {metaspace Before GC invocations=25 (full 0):
 Metaspace       used 67106K, committed 68992K, reserved 1114112K
  class space    used 9636K, committed 10560K, reserved 1048576K
}
Event: 13.171 {metaspace After GC invocations=26 (full 0):
 Metaspace       used 67106K, committed 68992K, reserved 1114112K
  class space    used 9636K, committed 10560K, reserved 1048576K
}
Event: 15.830 {metaspace Before GC invocations=26 (full 0):
 Metaspace       used 70688K, committed 72576K, reserved 1114112K
  class space    used 10157K, committed 11072K, reserved 1048576K
}
Event: 15.836 {metaspace After GC invocations=27 (full 0):
 Metaspace       used 70688K, committed 72576K, reserved 1114112K
  class space    used 10157K, committed 11072K, reserved 1048576K
}
Event: 16.349 {metaspace Before GC invocations=27 (full 0):
 Metaspace       used 71511K, committed 73408K, reserved 1114112K
  class space    used 10262K, committed 11200K, reserved 1048576K
}
Event: 16.357 {metaspace After GC invocations=28 (full 0):
 Metaspace       used 71511K, committed 73408K, reserved 1114112K
  class space    used 10262K, committed 11200K, reserved 1048576K
}
Event: 18.016 {metaspace Before GC invocations=29 (full 0):
 Metaspace       used 73528K, committed 75456K, reserved 1114112K
  class space    used 10490K, committed 11456K, reserved 1048576K
}
Event: 18.021 {metaspace After GC invocations=30 (full 0):
 Metaspace       used 73528K, committed 75456K, reserved 1114112K
  class space    used 10490K, committed 11456K, reserved 1048576K
}
Event: 18.745 {metaspace Before GC invocations=30 (full 0):
 Metaspace       used 73878K, committed 75776K, reserved 1114112K
  class space    used 10542K, committed 11456K, reserved 1048576K
}
Event: 18.750 {metaspace After GC invocations=31 (full 0):
 Metaspace       used 73878K, committed 75776K, reserved 1114112K
  class space    used 10542K, committed 11456K, reserved 1048576K
}
Event: 19.492 {metaspace Before GC invocations=31 (full 0):
 Metaspace       used 74345K, committed 76352K, reserved 1114112K
  class space    used 10603K, committed 11584K, reserved 1048576K
}
Event: 19.508 {metaspace After GC invocations=32 (full 0):
 Metaspace       used 74345K, committed 76352K, reserved 1114112K
  class space    used 10603K, committed 11584K, reserved 1048576K
}
Event: 19.793 {metaspace Before GC invocations=33 (full 0):
 Metaspace       used 74439K, committed 76416K, reserved 1114112K
  class space    used 10608K, committed 11584K, reserved 1048576K
}
Event: 19.804 {metaspace After GC invocations=34 (full 0):
 Metaspace       used 74439K, committed 76416K, reserved 1114112K
  class space    used 10608K, committed 11584K, reserved 1048576K
}
Event: 20.926 {metaspace Before GC invocations=34 (full 0):
 Metaspace       used 77280K, committed 79232K, reserved 1179648K
  class space    used 10940K, committed 11904K, reserved 1048576K
}
Event: 20.936 {metaspace After GC invocations=35 (full 0):
 Metaspace       used 77280K, committed 79232K, reserved 1179648K
  class space    used 10940K, committed 11904K, reserved 1048576K
}
Event: 21.220 {metaspace Before GC invocations=35 (full 0):
 Metaspace       used 78044K, committed 80000K, reserved 1179648K
  class space    used 11016K, committed 11968K, reserved 1048576K
}
Event: 21.225 {metaspace After GC invocations=36 (full 0):
 Metaspace       used 78044K, committed 80000K, reserved 1179648K
  class space    used 11016K, committed 11968K, reserved 1048576K
}

Dll operation events (15 events):
Event: 0.013 Loaded shared library C:\Users\Pc\.gradle\jdks\eclipse_adoptium-25-amd64-windows.2\bin\java.dll
Event: 0.123 Loaded shared library C:\Users\Pc\.gradle\jdks\eclipse_adoptium-25-amd64-windows.2\bin\zip.dll
Event: 0.127 Loaded shared library C:\Users\Pc\.gradle\jdks\eclipse_adoptium-25-amd64-windows.2\bin\instrument.dll
Event: 0.131 Loaded shared library C:\Users\Pc\.gradle\jdks\eclipse_adoptium-25-amd64-windows.2\bin\net.dll
Event: 0.132 Loaded shared library C:\Users\Pc\.gradle\jdks\eclipse_adoptium-25-amd64-windows.2\bin\nio.dll
Event: 0.136 Loaded shared library C:\Users\Pc\.gradle\jdks\eclipse_adoptium-25-amd64-windows.2\bin\zip.dll
Event: 0.315 Loaded shared library C:\Users\Pc\.gradle\jdks\eclipse_adoptium-25-amd64-windows.2\bin\jimage.dll
Event: 0.612 Loaded shared library C:\Users\Pc\.gradle\jdks\eclipse_adoptium-25-amd64-windows.2\bin\verify.dll
Event: 0.642 Loaded shared library C:\Users\Pc\.gradle\native\660c5614fbf4a5f2a75b1949f50a0caf5cd603558e7d8a26e50b933a0cfb79d1\windows-amd64\native-platform.dll
Event: 0.660 Loaded shared library C:\Users\Pc\.gradle\native\0.2.8\x86_64-windows-gnu\gradle-fileevents.dll
Event: 1.514 Loaded shared library C:\Users\Pc\.gradle\jdks\eclipse_adoptium-25-amd64-windows.2\bin\management.dll
Event: 1.520 Loaded shared library C:\Users\Pc\.gradle\jdks\eclipse_adoptium-25-amd64-windows.2\bin\management_ext.dll
Event: 1.738 Loaded shared library C:\Users\Pc\.gradle\jdks\eclipse_adoptium-25-amd64-windows.2\bin\extnet.dll
Event: 2.101 Loaded shared library C:\Users\Pc\.gradle\jdks\eclipse_adoptium-25-amd64-windows.2\bin\sunmscapi.dll
Event: 21.754 Loaded shared library C:\Users\Pc\.gradle\jdks\eclipse_adoptium-25-amd64-windows.2\bin\rmi.dll

Deoptimization events (20 events):
Event: 32.031 Thread 0x000001eb201a5f60 DEOPT PACKING pc=0x000001eb097dba43 sp=0x000000ae5bef8bb0
Event: 32.031 Thread 0x000001eb201a5f60 DEOPT UNPACKING pc=0x000001eb0ffd1702 sp=0x000000ae5bef8098 mode 0
Event: 32.040 Thread 0x000001eb201a5f60 DEOPT PACKING pc=0x000001eb097dba43 sp=0x000000ae5bef8d90
Event: 32.040 Thread 0x000001eb201a5f60 DEOPT UNPACKING pc=0x000001eb0ffd1702 sp=0x000000ae5bef8278 mode 0
Event: 32.049 Thread 0x000001eb201a5f60 DEOPT PACKING pc=0x000001eb097dba43 sp=0x000000ae5bef8dd0
Event: 32.049 Thread 0x000001eb201a5f60 DEOPT UNPACKING pc=0x000001eb0ffd1702 sp=0x000000ae5bef82b8 mode 0
Event: 32.073 Thread 0x000001eb201a5f60 DEOPT PACKING pc=0x000001eb0970989d sp=0x000000ae5bef9410
Event: 32.073 Thread 0x000001eb201a5f60 DEOPT UNPACKING pc=0x000001eb0ffd1702 sp=0x000000ae5bef88a8 mode 0
Event: 32.083 Thread 0x000001eb2159d2a0 Uncommon trap: trap_request=0xffffffde fr.pc=0x000001eb108d3a34 relative=0x0000000000000c34
Event: 32.083 Thread 0x000001eb2159d2a0 Uncommon trap: reason=class_check action=maybe_recompile pc=0x000001eb108d3a34 method=kotlin.collections.CollectionsKt___CollectionsKt.sorted(Ljava/lang/Iterable;)Ljava/util/List; @ 7 c2
Event: 32.083 Thread 0x000001eb2159d2a0 DEOPT PACKING pc=0x000001eb108d3a34 sp=0x000000ae5b6fd730
Event: 32.083 Thread 0x000001eb2159d2a0 DEOPT UNPACKING pc=0x000001eb1009d082 sp=0x000000ae5b6fd6d8 mode 2
Event: 32.090 Thread 0x000001eb2159d2a0 Uncommon trap: trap_request=0xffffffde fr.pc=0x000001eb10816e2c relative=0x00000000000001ac
Event: 32.090 Thread 0x000001eb2159d2a0 Uncommon trap: reason=class_check action=maybe_recompile pc=0x000001eb10816e2c method=java.lang.reflect.Array.newInstance(Ljava/lang/Class;I)Ljava/lang/Object; @ 2 c2
Event: 32.090 Thread 0x000001eb2159d2a0 DEOPT PACKING pc=0x000001eb10816e2c sp=0x000000ae5b6fc410
Event: 32.090 Thread 0x000001eb2159d2a0 DEOPT UNPACKING pc=0x000001eb1009d082 sp=0x000000ae5b6fc3a8 mode 2
Event: 32.111 Thread 0x000001eb220ca5d0 Uncommon trap: trap_request=0xffffffde fr.pc=0x000001eb10816e2c relative=0x00000000000001ac
Event: 32.111 Thread 0x000001eb220ca5d0 Uncommon trap: reason=class_check action=maybe_recompile pc=0x000001eb10816e2c method=java.lang.reflect.Array.newInstance(Ljava/lang/Class;I)Ljava/lang/Object; @ 2 c2
Event: 32.111 Thread 0x000001eb220ca5d0 DEOPT PACKING pc=0x000001eb10816e2c sp=0x000000ae5d1fdd60
Event: 32.111 Thread 0x000001eb220ca5d0 DEOPT UNPACKING pc=0x000001eb1009d082 sp=0x000000ae5d1fdcf8 mode 2

Classes loaded (20 events):
Event: 22.200 Loading class sun/rmi/transport/tcp/TCPTransport$AcceptLoop
Event: 22.200 Loading class sun/rmi/transport/tcp/TCPTransport$AcceptLoop done
Event: 22.201 Loading class sun/rmi/transport/ObjectTable$Reaper
Event: 22.201 Loading class sun/rmi/transport/ObjectTable$Reaper done
Event: 22.204 Loading class java/rmi/server/ServerNotActiveException
Event: 22.204 Loading class java/rmi/server/ServerNotActiveException done
Event: 22.205 Loading class sun/rmi/transport/DGCAckHandler
Event: 22.205 Loading class sun/rmi/transport/DGCAckHandler done
Event: 22.208 Loading class sun/rmi/transport/DGCAckHandler$1
Event: 22.208 Loading class sun/rmi/transport/DGCAckHandler$1 done
Event: 22.546 Loading class sun/rmi/transport/tcp/TCPTransport$ConnectionHandler
Event: 22.547 Loading class sun/rmi/transport/tcp/TCPTransport$ConnectionHandler done
Event: 22.567 Loading class sun/rmi/transport/DGCImpl$LeaseInfo
Event: 22.567 Loading class sun/rmi/transport/DGCImpl$LeaseInfo done
Event: 22.567 Loading class sun/rmi/transport/DGCImpl$1
Event: 22.567 Loading class sun/rmi/transport/DGCImpl$1 done
Event: 22.567 Loading class sun/rmi/transport/SequenceEntry
Event: 22.568 Loading class sun/rmi/transport/SequenceEntry done
Event: 35.267 Loading class java/rmi/server/Unreferenced
Event: 35.267 Loading class java/rmi/server/Unreferenced done

Classes unloaded (1 events):
Event: 10.888 Thread 0x000001eb7eff0b10 Unloading class 0x00000000268c1400 'java/lang/invoke/LambdaForm$MH+0x00000000268c1400'

Classes redefined (0 events):
No events

Internal exceptions (20 events):
Event: 21.877 Thread 0x000001eb212732b0 Exception <a 'java/lang/InterruptedException'{0x00000000ffbcd8e0}> (0x00000000ffbcd8e0) 
thrown [s\src\hotspot\share\runtime\objectMonitor.cpp, line 1972]
Event: 22.073 Thread 0x000001eb2159da70 Exception <a 'java/lang/NoSuchMethodError'{0x00000000ffa1dc18}: static Lorg/jetbrains/kotlin/daemon/common/CompileService$CallResult;.<clinit>()V> (0x00000000ffa1dc18) 
thrown [s\src\hotspot\share\prims\jni.cpp, line 1106]
Event: 22.073 Thread 0x000001eb2159da70 Exception <a 'java/lang/NoSuchMethodError'{0x00000000ffa27198}: static Lorg/jetbrains/kotlin/daemon/common/CompileService$CallResult$Good;.<clinit>()V> (0x00000000ffa27198) 
thrown [s\src\hotspot\share\prims\jni.cpp, line 1106]
Event: 22.074 Thread 0x000001eb2159da70 Exception <a 'java/lang/NoSuchMethodError'{0x00000000ffa316d0}: static Lorg/jetbrains/kotlin/daemon/common/DaemonJVMOptions;.<clinit>()V> (0x00000000ffa316d0) 
thrown [s\src\hotspot\share\prims\jni.cpp, line 1106]
Event: 22.112 Thread 0x000001eb2159da70 Exception <a 'java/lang/NoSuchMethodError'{0x00000000ffa6fe10}: static Lorg/jetbrains/kotlin/daemon/common/CompileService$CallResult$Ok;.<clinit>()V> (0x00000000ffa6fe10) 
thrown [s\src\hotspot\share\prims\jni.cpp, line 1106]
Event: 22.204 Thread 0x000001eb2159da70 Exception <a 'java/lang/NoSuchMethodError'{0x00000000ff98f7d8}: static [Ljava/lang/Integer;.<clinit>()V> (0x00000000ff98f7d8) 
thrown [s\src\hotspot\share\prims\jni.cpp, line 1106]
Event: 31.456 Thread 0x000001eb2126fc00 Exception <a 'java/lang/NoSuchMethodError'{0x00000000ff753470}: 'void java.lang.invoke.DelegatingMethodHandle$Holder.reinvoke_L(java.lang.Object, java.lang.Object, int, int, java.lang.Object, java.lang.Object)'> (0x00000000ff753470) 
thrown [s\src\hotspot\share\interpreter\linkResolver.cpp, line 804]
Event: 31.753 Thread 0x000001eb2126fc00 Exception <a 'java/lang/NoSuchMethodError'{0x00000000ff7b2dc0}: 'void java.lang.invoke.DirectMethodHandle$Holder.invokeInterface(java.lang.Object, java.lang.Object, int, java.lang.Object)'> (0x00000000ff7b2dc0) 
thrown [s\src\hotspot\share\interpreter\linkResolver.cpp, line 804]
Event: 31.753 Thread 0x000001eb2126fc00 Exception <a 'java/lang/NoSuchMethodError'{0x00000000ff7fb528}: 'void java.lang.invoke.DelegatingMethodHandle$Holder.reinvoke_L(java.lang.Object, java.lang.Object, int, java.lang.Object)'> (0x00000000ff7fb528) 
thrown [s\src\hotspot\share\interpreter\linkResolver.cpp, line 804]
Event: 31.776 Thread 0x000001eb201a5f60 Exception <a 'sun/nio/fs/WindowsException'{0x00000000ff69c048}> (0x00000000ff69c048) 
thrown [s\src\hotspot\share\prims\jni.cpp, line 516]
Event: 31.776 Thread 0x000001eb201a5f60 Exception <a 'sun/nio/fs/WindowsException'{0x00000000ff69e760}> (0x00000000ff69e760) 
thrown [s\src\hotspot\share\prims\jni.cpp, line 516]
Event: 32.073 Thread 0x000001eb201a5f60 Exception <a 'java/lang/NoSuchMethodError'{0x000000008984bb88}: static Lorg/jetbrains/kotlin/buildtools/api/SourcesChanges$Known;.<clinit>()V> (0x000000008984bb88) 
thrown [s\src\hotspot\share\prims\jni.cpp, line 1106]
Event: 32.074 Thread 0x000001eb201a5f60 Exception <a 'java/lang/NoSuchMethodError'{0x000000008988bc18}: static Lorg/jetbrains/kotlin/incremental/ClasspathChanges$ClasspathSnapshotEnabled$IncrementalRun$NoChanges;.<clinit>()V> (0x000000008988bc18) 
thrown [s\src\hotspot\share\prims\jni.cpp, line 1106]
Event: 32.074 Thread 0x000001eb201a5f60 Exception <a 'java/lang/NoSuchMethodError'{0x000000008989d350}: static Lorg/jetbrains/kotlin/incremental/ClasspathChanges$ClasspathSnapshotEnabled$IncrementalRun;.<clinit>()V> (0x000000008989d350) 
thrown [s\src\hotspot\share\prims\jni.cpp, line 1106]
Event: 32.074 Thread 0x000001eb201a5f60 Exception <a 'java/lang/NoSuchMethodError'{0x000000008989ef08}: static Lorg/jetbrains/kotlin/incremental/ClasspathChanges$ClasspathSnapshotEnabled;.<clinit>()V> (0x000000008989ef08) 
thrown [s\src\hotspot\share\prims\jni.cpp, line 1106]
Event: 32.074 Thread 0x000001eb201a5f60 Exception <a 'java/lang/NoSuchMethodError'{0x00000000898a0dd8}: static Lorg/jetbrains/kotlin/incremental/ClasspathChanges;.<clinit>()V> (0x00000000898a0dd8) 
thrown [s\src\hotspot\share\prims\jni.cpp, line 1106]
Event: 32.077 Thread 0x000001eb201a5f60 Exception <a 'java/lang/NoSuchMethodError'{0x00000000898f8030}: static Lorg/jetbrains/kotlin/gradle/report/GradleBuildMetricsReporter;.<clinit>()V> (0x00000000898f8030) 
thrown [s\src\hotspot\share\prims\jni.cpp, line 1106]
Event: 32.077 Thread 0x000001eb201a5f60 Exception <a 'java/lang/NoSuchMethodError'{0x00000000898fab50}: static Lorg/jetbrains/kotlin/build/report/metrics/BuildMetricsReporterImpl;.<clinit>()V> (0x00000000898fab50) 
thrown [s\src\hotspot\share\prims\jni.cpp, line 1106]
Event: 32.078 Thread 0x000001eb201a5f60 Exception <a 'java/lang/NoSuchMethodError'{0x0000000089734070}: static Lorg/jetbrains/kotlin/build/report/metrics/GcMetrics;.<clinit>()V> (0x0000000089734070) 
thrown [s\src\hotspot\share\prims\jni.cpp, line 1106]
Event: 32.091 Thread 0x000001eb220c9630 Exception <a 'java/lang/InterruptedException'{0x00000000897e9de0}> (0x00000000897e9de0) 
thrown [s\src\hotspot\share\runtime\objectMonitor.cpp, line 1972]

VM Operations (20 events):
Event: 19.657 Executing safepoint VM operation: G1PauseCleanup
Event: 19.658 Executing safepoint VM operation: G1PauseCleanup done
Event: 19.793 Executing safepoint VM operation: G1CollectForAllocation (G1 Evacuation Pause)
Event: 19.804 Executing safepoint VM operation: G1CollectForAllocation (G1 Evacuation Pause) done
Event: 19.882 Executing non-safepoint VM operation: HandshakeAllThreads (Deoptimize)
Event: 19.882 Executing non-safepoint VM operation: HandshakeAllThreads (Deoptimize) done
Event: 20.028 Executing non-safepoint VM operation: HandshakeAllThreads (Deoptimize)
Event: 20.028 Executing non-safepoint VM operation: HandshakeAllThreads (Deoptimize) done
Event: 20.214 Executing non-safepoint VM operation: HandshakeAllThreads (Deoptimize)
Event: 20.214 Executing non-safepoint VM operation: HandshakeAllThreads (Deoptimize) done
Event: 20.471 Executing non-safepoint VM operation: HandshakeAllThreads (Deoptimize)
Event: 20.471 Executing non-safepoint VM operation: HandshakeAllThreads (Deoptimize) done
Event: 20.925 Executing safepoint VM operation: G1CollectForAllocation (G1 Evacuation Pause)
Event: 20.936 Executing safepoint VM operation: G1CollectForAllocation (G1 Evacuation Pause) done
Event: 21.220 Executing safepoint VM operation: G1CollectForAllocation (G1 Evacuation Pause)
Event: 21.225 Executing safepoint VM operation: G1CollectForAllocation (G1 Evacuation Pause) done
Event: 21.330 Executing safepoint VM operation: G1PauseRemark
Event: 21.341 Executing safepoint VM operation: G1PauseRemark done
Event: 21.380 Executing safepoint VM operation: G1PauseCleanup
Event: 21.380 Executing safepoint VM operation: G1PauseCleanup done

Memory protections (0 events):
No events

Nmethod flushes (20 events):
Event: 21.340 Thread 0x000001eb7eff0b10 flushing  nmethod 0x000001eb09522708
Event: 21.340 Thread 0x000001eb7eff0b10 flushing  nmethod 0x000001eb09522c88
Event: 21.340 Thread 0x000001eb7eff0b10 flushing  nmethod 0x000001eb09540988
Event: 21.340 Thread 0x000001eb7eff0b10 flushing  nmethod 0x000001eb09563f08
Event: 21.340 Thread 0x000001eb7eff0b10 flushing  nmethod 0x000001eb09577f08
Event: 21.340 Thread 0x000001eb7eff0b10 flushing  nmethod 0x000001eb09599708
Event: 21.340 Thread 0x000001eb7eff0b10 flushing  nmethod 0x000001eb09645708
Event: 21.340 Thread 0x000001eb7eff0b10 flushing  nmethod 0x000001eb09673f88
Event: 21.340 Thread 0x000001eb7eff0b10 flushing  nmethod 0x000001eb09675388
Event: 21.340 Thread 0x000001eb7eff0b10 flushing  nmethod 0x000001eb0968f808
Event: 21.340 Thread 0x000001eb7eff0b10 flushing  nmethod 0x000001eb09691208
Event: 21.340 Thread 0x000001eb7eff0b10 flushing  nmethod 0x000001eb096e8808
Event: 21.340 Thread 0x000001eb7eff0b10 flushing  nmethod 0x000001eb096f1808
Event: 21.340 Thread 0x000001eb7eff0b10 flushing  nmethod 0x000001eb09791088
Event: 21.340 Thread 0x000001eb7eff0b10 flushing  nmethod 0x000001eb09791488
Event: 21.340 Thread 0x000001eb7eff0b10 flushing  nmethod 0x000001eb097e4e88
Event: 21.340 Thread 0x000001eb7eff0b10 flushing  nmethod 0x000001eb097e5608
Event: 21.340 Thread 0x000001eb7eff0b10 flushing  nmethod 0x000001eb097e5c88
Event: 21.340 Thread 0x000001eb7eff0b10 flushing  nmethod 0x000001eb09804208
Event: 21.340 Thread 0x000001eb7eff0b10 flushing  nmethod 0x000001eb09832008

Events (20 events):
Event: 9.306 Thread 0x000001eb1f4d3040 Thread added: 0x000001eb2189e8b0
Event: 9.330 Thread 0x000001eb201a5f60 Thread added: 0x000001eb2189d140
Event: 9.334 Thread 0x000001eb201a5f60 Thread added: 0x000001eb2189aa30
Event: 9.758 Thread 0x000001eb1f4d0160 Thread added: 0x000001eb2189b9d0
Event: 12.873 Thread 0x000001eb1f736f90 Thread exited: 0x000001eb1f736f90
Event: 13.454 Thread 0x000001eb201a5f60 Thread added: 0x000001eb2159d2a0
Event: 16.525 Thread 0x000001eb201a5f60 Thread added: 0x000001eb2159da70
Event: 16.673 Thread 0x000001eb2159d2a0 Thread added: 0x000001eb21598480
Event: 16.737 Thread 0x000001eb2159d2a0 Thread added: 0x000001eb21598c50
Event: 16.737 Thread 0x000001eb2159d2a0 Thread added: 0x000001eb21599bf0
Event: 21.131 Thread 0x000001eb201a5f60 Thread added: 0x000001eb212703d0
Event: 21.743 Thread 0x000001eb2159da70 Thread added: 0x000001eb2126dcc0
Event: 21.750 Thread 0x000001eb2159da70 Thread added: 0x000001eb212732b0
Event: 21.755 Thread 0x000001eb2159da70 Thread added: 0x000001eb21271370
Event: 22.201 Thread 0x000001eb2159da70 Thread added: 0x000001eb21272ae0
Event: 22.201 Thread 0x000001eb2159da70 Thread added: 0x000001eb21272310
Event: 22.547 Thread 0x000001eb21272ae0 Thread added: 0x000001eb2126fc00
Event: 32.079 Thread 0x000001eb201a5f60 Thread added: 0x000001eb21270ba0
Event: 32.087 Thread 0x000001eb2159d2a0 Thread added: 0x000001eb220c9630
Event: 32.110 Thread 0x000001eb21272ae0 Thread added: 0x000001eb220ca5d0


Dynamic libraries:
0x00007ff7bbc60000 - 0x00007ff7bbc6e000 	C:\Users\Pc\.gradle\jdks\eclipse_adoptium-25-amd64-windows.2\bin\java.exe
0x00007fff39dd0000 - 0x00007fff39fc8000 	C:\Windows\SYSTEM32\ntdll.dll
0x00007fff39cc0000 - 0x00007fff39d82000 	C:\Windows\System32\KERNEL32.DLL
0x00007fff37740000 - 0x00007fff37a36000 	C:\Windows\System32\KERNELBASE.dll
0x00007fff37b80000 - 0x00007fff37c80000 	C:\Windows\System32\ucrtbase.dll
0x00007fff0ce10000 - 0x00007fff0ce26000 	C:\Users\Pc\.gradle\jdks\eclipse_adoptium-25-amd64-windows.2\bin\jli.dll
0x00007fff37fc0000 - 0x00007fff38161000 	C:\Windows\System32\USER32.dll
0x00007fff375f0000 - 0x00007fff37612000 	C:\Windows\System32\win32u.dll
0x00007fff39a20000 - 0x00007fff39a4b000 	C:\Windows\System32\GDI32.dll
0x00007fff0cdf0000 - 0x00007fff0ce0e000 	C:\Users\Pc\.gradle\jdks\eclipse_adoptium-25-amd64-windows.2\bin\VCRUNTIME140.dll
0x00007fff37c80000 - 0x00007fff37d99000 	C:\Windows\System32\gdi32full.dll
0x00007fff376a0000 - 0x00007fff3773d000 	C:\Windows\System32\msvcp_win.dll
0x00007fff23b90000 - 0x00007fff23e2b000 	C:\Windows\WinSxS\amd64_microsoft.windows.common-controls_6595b64144ccf1df_6.0.19041.6456_none_60b8a6cb71f64256\COMCTL32.dll
0x00007fff394a0000 - 0x00007fff3953e000 	C:\Windows\System32\msvcrt.dll
0x00007fff39b70000 - 0x00007fff39b9f000 	C:\Windows\System32\IMM32.DLL
0x00007fff15130000 - 0x00007fff1513c000 	C:\Users\Pc\.gradle\jdks\eclipse_adoptium-25-amd64-windows.2\bin\vcruntime140_1.dll
0x00007fff0b8c0000 - 0x00007fff0b94d000 	C:\Users\Pc\.gradle\jdks\eclipse_adoptium-25-amd64-windows.2\bin\msvcp140.dll
0x00007ffe69e20000 - 0x00007ffe6ad4a000 	C:\Users\Pc\.gradle\jdks\eclipse_adoptium-25-amd64-windows.2\bin\server\jvm.dll
0x00007fff39ab0000 - 0x00007fff39b61000 	C:\Windows\System32\ADVAPI32.dll
0x00007fff37df0000 - 0x00007fff37e8f000 	C:\Windows\System32\sechost.dll
0x00007fff39380000 - 0x00007fff394a0000 	C:\Windows\System32\RPCRT4.dll
0x00007fff37460000 - 0x00007fff37487000 	C:\Windows\System32\bcrypt.dll
0x00007fff39310000 - 0x00007fff3937b000 	C:\Windows\System32\WS2_32.dll
0x00007fff372c0000 - 0x00007fff3730b000 	C:\Windows\SYSTEM32\POWRPROF.dll
0x00007fff14f60000 - 0x00007fff14f87000 	C:\Windows\SYSTEM32\WINMM.dll
0x00007fff32c60000 - 0x00007fff32c6a000 	C:\Windows\SYSTEM32\VERSION.dll
0x00007fff372a0000 - 0x00007fff372b2000 	C:\Windows\SYSTEM32\UMPDC.dll
0x00007fff352f0000 - 0x00007fff35302000 	C:\Windows\SYSTEM32\kernel.appcore.dll
0x00007fff14e30000 - 0x00007fff14e3a000 	C:\Users\Pc\.gradle\jdks\eclipse_adoptium-25-amd64-windows.2\bin\jimage.dll
0x00007fff24490000 - 0x00007fff24691000 	C:\Windows\SYSTEM32\DBGHELP.DLL
0x00007fff211d0000 - 0x00007fff21204000 	C:\Windows\SYSTEM32\dbgcore.DLL
0x00007fff37af0000 - 0x00007fff37b72000 	C:\Windows\System32\bcryptPrimitives.dll
0x00007fff14d00000 - 0x00007fff14d0f000 	C:\Users\Pc\.gradle\jdks\eclipse_adoptium-25-amd64-windows.2\bin\instrument.dll
0x00007fff0c430000 - 0x00007fff0c44e000 	C:\Users\Pc\.gradle\jdks\eclipse_adoptium-25-amd64-windows.2\bin\java.dll
0x00007fff389b0000 - 0x00007fff38adb000 	C:\Windows\System32\ole32.dll
0x00007fff396c0000 - 0x00007fff39a14000 	C:\Windows\System32\combase.dll
0x00007fff38ba0000 - 0x00007fff39310000 	C:\Windows\System32\SHELL32.dll
0x00007fff354f0000 - 0x00007fff35c95000 	C:\Windows\SYSTEM32\windows.storage.dll
0x00007fff36db0000 - 0x00007fff36ddb000 	C:\Windows\SYSTEM32\Wldp.dll
0x00007fff37e90000 - 0x00007fff37f5d000 	C:\Windows\System32\OLEAUT32.dll
0x00007fff38af0000 - 0x00007fff38b9d000 	C:\Windows\System32\SHCORE.dll
0x00007fff37f60000 - 0x00007fff37fbb000 	C:\Windows\System32\shlwapi.dll
0x00007fff37390000 - 0x00007fff373b4000 	C:\Windows\SYSTEM32\profapi.dll
0x00007fff0c410000 - 0x00007fff0c426000 	C:\Users\Pc\.gradle\jdks\eclipse_adoptium-25-amd64-windows.2\bin\zip.dll
0x00007fff0c3f0000 - 0x00007fff0c401000 	C:\Users\Pc\.gradle\jdks\eclipse_adoptium-25-amd64-windows.2\bin\net.dll
0x00007fff36b10000 - 0x00007fff36b7a000 	C:\Windows\system32\mswsock.dll
0x00007fff0c3d0000 - 0x00007fff0c3e6000 	C:\Users\Pc\.gradle\jdks\eclipse_adoptium-25-amd64-windows.2\bin\nio.dll
0x00007fff13da0000 - 0x00007fff13db0000 	C:\Users\Pc\.gradle\jdks\eclipse_adoptium-25-amd64-windows.2\bin\verify.dll
0x00007fff188a0000 - 0x00007fff188c7000 	C:\Users\Pc\.gradle\native\660c5614fbf4a5f2a75b1949f50a0caf5cd603558e7d8a26e50b933a0cfb79d1\windows-amd64\native-platform.dll
0x00007fff31120000 - 0x00007fff31197000 	C:\Users\Pc\.gradle\native\0.2.8\x86_64-windows-gnu\gradle-fileevents.dll
0x00007fff12930000 - 0x00007fff1293a000 	C:\Users\Pc\.gradle\jdks\eclipse_adoptium-25-amd64-windows.2\bin\management.dll
0x00007fff0c4e0000 - 0x00007fff0c4ec000 	C:\Users\Pc\.gradle\jdks\eclipse_adoptium-25-amd64-windows.2\bin\management_ext.dll
0x00007fff389a0000 - 0x00007fff389a8000 	C:\Windows\System32\PSAPI.DLL
0x00007fff367f0000 - 0x00007fff3682b000 	C:\Windows\SYSTEM32\IPHLPAPI.DLL
0x00007fff39540000 - 0x00007fff39548000 	C:\Windows\System32\NSI.dll
0x00007fff0c310000 - 0x00007fff0c319000 	C:\Users\Pc\.gradle\jdks\eclipse_adoptium-25-amd64-windows.2\bin\extnet.dll
0x00007fff36d10000 - 0x00007fff36d28000 	C:\Windows\SYSTEM32\CRYPTSP.dll
0x00007fff36430000 - 0x00007fff36468000 	C:\Windows\system32\rsaenh.dll
0x00007fff37350000 - 0x00007fff3737e000 	C:\Windows\SYSTEM32\USERENV.dll
0x00007fff36d00000 - 0x00007fff36d0c000 	C:\Windows\SYSTEM32\CRYPTBASE.dll
0x00007fff0be20000 - 0x00007fff0be2e000 	C:\Users\Pc\.gradle\jdks\eclipse_adoptium-25-amd64-windows.2\bin\sunmscapi.dll
0x00007fff37490000 - 0x00007fff375ed000 	C:\Windows\System32\CRYPT32.dll
0x00007fff36e20000 - 0x00007fff36e47000 	C:\Windows\SYSTEM32\ncrypt.dll
0x00007fff36de0000 - 0x00007fff36e1b000 	C:\Windows\SYSTEM32\NTASN1.dll
0x00007fff32c10000 - 0x00007fff32c17000 	C:\Windows\system32\wshunix.dll
0x00007fff18ee0000 - 0x00007fff18ef7000 	C:\Windows\system32\napinsp.dll
0x00007fff18fa0000 - 0x00007fff18fbb000 	C:\Windows\system32\pnrpnsp.dll
0x00007fff31ca0000 - 0x00007fff31cbd000 	C:\Windows\system32\wshbth.dll
0x00007fff32c20000 - 0x00007fff32c3d000 	C:\Windows\system32\NLAapi.dll
0x00007fff36830000 - 0x00007fff368fa000 	C:\Windows\SYSTEM32\DNSAPI.dll
0x00007fff18ec0000 - 0x00007fff18ed2000 	C:\Windows\System32\winrnr.dll
0x00007fff27430000 - 0x00007fff2743a000 	C:\Windows\System32\rasadhlp.dll
0x00007fff2b090000 - 0x00007fff2b110000 	C:\Windows\System32\fwpuclnt.dll
0x00007fff0bd80000 - 0x00007fff0bd87000 	C:\Users\Pc\.gradle\jdks\eclipse_adoptium-25-amd64-windows.2\bin\rmi.dll

JVMTI agents:
C:\Users\Pc\.gradle\wrapper\dists\gradle-9.6.0-bin\42k10rwplmzkhuboz9kdazi7s\gradle-9.6.0\lib\agents\gradle-instrumentation-agent-9.6.0.jar path:C:\Users\Pc\.gradle\jdks\eclipse_adoptium-25-amd64-windows.2\bin\instrument.dll, loaded, initialized, instrumentlib options:none

dbghelp: loaded successfully - version: 4.0.5 - missing functions: none
symbol engine: initialized successfully - sym options: 0x614 - pdb path: .;C:\Users\Pc\.gradle\jdks\eclipse_adoptium-25-amd64-windows.2\bin;C:\Windows\SYSTEM32;C:\Windows\WinSxS\amd64_microsoft.windows.common-controls_6595b64144ccf1df_6.0.19041.6456_none_60b8a6cb71f64256;C:\Users\Pc\.gradle\jdks\eclipse_adoptium-25-amd64-windows.2\bin\server;C:\Users\Pc\.gradle\native\660c5614fbf4a5f2a75b1949f50a0caf5cd603558e7d8a26e50b933a0cfb79d1\windows-amd64;C:\Users\Pc\.gradle\native\0.2.8\x86_64-windows-gnu

VM Arguments:
jvm_args: --add-opens=java.base/java.lang=ALL-UNNAMED --add-opens=java.base/java.lang.invoke=ALL-UNNAMED --add-opens=java.base/java.util=ALL-UNNAMED --add-opens=java.prefs/java.util.prefs=ALL-UNNAMED --add-exports=jdk.compiler/com.sun.tools.javac.api=ALL-UNNAMED --add-exports=jdk.compiler/com.sun.tools.javac.util=ALL-UNNAMED --add-opens=java.base/java.nio.charset=ALL-UNNAMED --add-opens=java.base/java.net=ALL-UNNAMED --add-opens=java.base/java.util.concurrent=ALL-UNNAMED --add-opens=java.base/java.util.concurrent.atomic=ALL-UNNAMED --add-opens=java.xml/javax.xml.namespace=ALL-UNNAMED --add-opens=java.base/java.time=ALL-UNNAMED --enable-native-access=ALL-UNNAMED -Xmx2048m -Dfile.encoding=UTF-8 -Duser.country=US -Duser.language=en -Duser.variant -javaagent:C:\Users\Pc\.gradle\wrapper\dists\gradle-9.6.0-bin\42k10rwplmzkhuboz9kdazi7s\gradle-9.6.0\lib\agents\gradle-instrumentation-agent-9.6.0.jar 
java_command: org.gradle.launcher.daemon.bootstrap.GradleDaemon 9.6.0
java_class_path (initial): C:\Users\Pc\.gradle\wrapper\dists\gradle-9.6.0-bin\42k10rwplmzkhuboz9kdazi7s\gradle-9.6.0\lib\gradle-daemon-main-9.6.0.jar
Launcher Type: SUN_STANDARD

[Global flags]
     intx CICompilerCount                          = 3                                         {product} {ergonomic}
     uint ConcGCThreads                            = 1                                         {product} {ergonomic}
     uint G1ConcRefinementThreads                  = 4                                         {product} {ergonomic}
   size_t G1HeapRegionSize                         = 1048576                                   {product} {ergonomic}
   size_t InitialHeapSize                          = 134217728                                 {product} {ergonomic}
   size_t MarkStackSize                            = 4194304                                   {product} {ergonomic}
   size_t MarkStackSizeMax                         = 536870912                                 {product} {ergonomic}
   size_t MaxHeapSize                              = 2147483648                                {product} {command line}
   size_t MaxNewSize                               = 1287651328                                {product} {ergonomic}
   size_t MinHeapDeltaBytes                        = 1048576                                   {product} {ergonomic}
   size_t MinHeapSize                              = 8388608                                   {product} {ergonomic}
    uintx NonNMethodCodeHeapSize                   = 5898240                                {pd product} {ergonomic}
    uintx NonProfiledCodeHeapSize                  = 122945536                              {pd product} {ergonomic}
    uintx ProfiledCodeHeapSize                     = 122945536                              {pd product} {ergonomic}
    uintx ReservedCodeCacheSize                    = 251789312                              {pd product} {ergonomic}
     bool SegmentedCodeCache                       = true                                      {product} {ergonomic}
   size_t SoftMaxHeapSize                          = 2147483648                             {manageable} {ergonomic}
     bool UseCompressedOops                        = true                           {product lp64_product} {ergonomic}
     bool UseG1GC                                  = true                                      {product} {ergonomic}
     bool UseLargePagesIndividualAllocation        = false                                  {pd product} {ergonomic}

Logging:
Log output configuration:
 #0: stdout all=warning uptime,level,tags foldmultilines=false
 #1: stderr all=off uptime,level,tags foldmultilines=false

Release file:
IMPLEMENTOR="Eclipse Adoptium" 
IMPLEMENTOR_VERSION="Temurin-25.0.3+9" 
JAVA_RUNTIME_VERSION="25.0.3+9-LTS" 
JAVA_VERSION="25.0.3" 
JAVA_VERSION_DATE="2026-04-21" 
LIBC="default" 
MODULES="java.base java.compiler java.datatransfer java.xml java.prefs java.desktop java.instrument java.logging java.management java.security.sasl java.naming java.rmi java.management.rmi java.net.http java.scripting java.security.jgss java.transaction.xa java.sql java.sql.rowset java.xml.crypto java.se java.smartcardio jdk.accessibility jdk.internal.jvmstat jdk.attach jdk.charsets jdk.internal.opt jdk.zipfs jdk.compiler jdk.crypto.cryptoki jdk.crypto.ec jdk.crypto.mscapi jdk.dynalink jdk.internal.ed jdk.editpad jdk.internal.vm.ci jdk.graal.compiler jdk.graal.compiler.management jdk.hotspot.agent jdk.httpserver jdk.incubator.vector jdk.internal.le jdk.internal.md jdk.jartool jdk.javadoc jdk.jcmd jdk.management jdk.management.agent jdk.jconsole jdk.jdeps jdk.jdwp.agent jdk.jdi jdk.jfr jdk.jlink jdk.jpackage jdk.jshell jdk.jsobject jdk.jstatd jdk.localedata jdk.management.jfr jdk.naming.dns jdk.naming.rmi jdk.net jdk.nio.mapmode jdk.sctp jdk.security.auth jdk.security.jgss jdk.unsupported jdk.unsupported.desktop jdk.xml.dom" 
OS_ARCH="x86_64" 
OS_NAME="Windows" 
SOURCE=".:git:cda0a1776184" 
BUILD_SOURCE="git:a612825ee82a20ac872d60958c349854c1f29a8e"
BUILD_SOURCE_REPO="https://github.com/adoptium/temurin-build.git"
SOURCE_REPO="https://github.com/adoptium/jdk25u.git"
FULL_VERSION="25.0.3+9-LTS"
SEMANTIC_VERSION="25.0.3+9"
BUILD_INFO="OS: Windows Server 2022 Version: 10.0"
JVM_VARIANT="Hotspot"
JVM_VERSION="25.0.3+9-LTS"
IMAGE_TYPE="JDK"

Environment Variables:
JAVA_HOME=C:\Program Files\Java\jdk-21
PATH=C:\Program Files\Common Files\Oracle\Java\javapath;C:\Windows\system32;C:\Windows;C:\Windows\System32\Wbem;C:\Windows\System32\WindowsPowerShell\v1.0\;C:\Windows\System32\OpenSSH\;C:\Program Files\Git\cmd;C:\Program Files\Java\jdk-21\bin;C:\Program Files\nodejs\;C:\Users\Pc\AppData\Local\Programs\Python\Python312\Scripts\;C:\Users\Pc\AppData\Local\Programs\Python\Python312\;C:\Users\Pc\AppData\Local\Programs\Python\Python313\Scripts\;C:\Users\Pc\AppData\Local\Programs\Python\Python313\;C:\Users\Pc\AppData\Local\Programs\Python\Python314\Scripts\;C:\Users\Pc\AppData\Local\Programs\Python\Python314\;C:\Users\Pc\AppData\Local\Programs\Python\Launcher\;C:\Users\Pc\.local\bin;C:\Program Files\MySQL\MySQL Shell 8.0\bin\;C:\Users\Pc\AppData\Local\Microsoft\WindowsApps;C:\MinGW\bin;C:\Users\Pc\AppData\Local\GitHubDesktop\bin;C:\Users\Pc\AppData\Local\Programs\Microsoft VS Code\bin;C:\Users\Pc\AppData\Local\Programs\MiKTeX\miktex\bin\x64\;C:\Users\Pc\AppData\Local\Microsoft\WinGet\Packages\Gyan.FFmpeg_Microsoft.Winget.Source_8wekyb3d8bbwe\ffmpeg-9.0.1-full_build\bin;C:\Users\Pc\AppData\Roaming\npm
USERNAME=Pc
OS=Windows_NT
PROCESSOR_IDENTIFIER=Intel64 Family 6 Model 158 Stepping 9, GenuineIntel
TMP=C:\Users\Pc\AppData\Local\Temp
TEMP=C:\Users\Pc\AppData\Local\Temp




Compilation memory statistics disabled.

Periodic native trim disabled

---------------  S Y S T E M  ---------------

OS:
 Windows 10 , 64 bit Build 19041 (10.0.19041.5915)
OS uptime: 0 days 7:48 hours

CPU: total 4 (initial active 4) (4 cores per cpu, 1 threads per core) family 6 model 158 stepping 9 microcode 0xca, cx8, cmov, fxsr, mmx, 3dnowpref, sse, sse2, sse3, ssse3, sse4.1, sse4.2, popcnt, lzcnt, tsc, tscinvbit, avx, avx2, aes, erms, clmul, bmi1, bmi2, rtm, adx, fma, vzeroupper, clflush, clflushopt, rdtscp, f16c
Processor Information for the first 4 processors :
  Max Mhz: 3408, Current Mhz: 3408, Mhz Limit: 3408

Memory: 4k page, system-wide physical 8109M (366M free)
TotalPageFile size 23291M (AvailPageFile size 36M)
current process WorkingSet (physical memory assigned to process): 362M, peak: 405M
current process commit charge ("private bytes"): 431M, peak: 469M

vm_info: OpenJDK 64-Bit Server VM (25.0.3+9-LTS) for windows-amd64 JRE (25.0.3+9-LTS), built on 2026-04-21T00:00:00Z with MS VC++ 17.12 (VS2022)

END.
